04-18 10:58:30.022   367  1305 E NetlinkEvent: NetlinkEvent::FindParam(): Parameter 'UID' not found
04-18 10:58:33.737   367  1305 E NetlinkEvent: NetlinkEvent::FindParam(): Parameter 'TIME_NS' not found
04-18 10:58:33.737   367  1305 E NetlinkEvent: NetlinkEvent::FindParam(): Parameter 'UID' not found
04-18 10:59:03.381   367  1305 E NetlinkEvent: NetlinkEvent::FindParam(): Parameter 'TIME_NS' not found
04-18 10:59:03.381   367  1305 E NetlinkEvent: NetlinkEvent::FindParam(): Parameter 'UID' not found
04-18 10:59:03.720   915  2993 I ActivityManager: Force stopping org.newstand.datamigration appid=10071 user=0: from pid 9263
04-18 10:59:03.722   915  2993 I ActivityManager: Killing 7946:org.newstand.datamigration/u0a71 (adj 900): stop org.newstand.datamigration
04-18 10:59:03.722   915  2993 D ActivityManager: cleanUpApplicationRecord -- 7946
04-18 10:59:03.731   915  2993 W ActivityManager: Scheduling restart of crashed service org.newstand.datamigration/.service.DummySmsService in 1000ms
04-18 10:59:10.820   915  1845 E BatteryStatsService: no controller energy info supplied
04-18 10:59:10.820   915  1845 E BatteryStatsService: no controller energy info supplied
04-18 10:59:10.895   915  1845 E KernelWakelockReader: neither /proc/wakelocks nor /d/wakeup_sources exists
04-18 10:59:10.895   915  1845 W BatteryStatsImpl: Couldn't get kernel wake lock stats
04-18 10:59:10.895   915  1845 E BatteryStatsService: modem info is invalid: ModemActivityInfo{ mTimestamp=0 mSleepTimeMs=0 mIdleTimeMs=0 mTxTimeMs[]=[0, 0, 0, 0, 0] mRxTimeMs=0 mEnergyUsed=0}
04-18 10:59:48.655   367  1305 E NetlinkEvent: NetlinkEvent::FindParam(): Parameter 'TIME_NS' not found
04-18 10:59:48.655   367  1305 E NetlinkEvent: NetlinkEvent::FindParam(): Parameter 'UID' not found
04-18 11:00:03.702   367  1305 E NetlinkEvent: NetlinkEvent::FindParam(): Parameter 'TIME_NS' not found
04-18 11:00:03.702   367  1305 E NetlinkEvent: NetlinkEvent::FindParam(): Parameter 'UID' not found
04-18 11:00:07.706   367  1305 E NetlinkEvent: NetlinkEvent::FindParam(): Parameter 'TIME_NS' not found
04-18 11:00:07.706   367  1305 E NetlinkEvent: NetlinkEvent::FindParam(): Parameter 'UID' not found
04-18 11:00:07.714   915  2995 I ActivityManager: Start proc 9296:com.android.deskclock/u0a45 for broadcast com.android.deskclock/com.android.alarmclock.DigitalAppWidgetProvider
04-18 11:00:07.818   915  4739 I ActivityManager: Killing 3933:com.android.cellbroadcastreceiver/u0a7 (adj 906): empty #17
04-18 11:00:07.826   915  1836 D ActivityManager: cleanUpApplicationRecord -- 3933
04-18 11:00:18.440   915  1842 I ActivityManager: Force stopping org.newstand.datamigration appid=10071 user=-1: installPackageLI
04-18 11:00:18.531   915  1855 I PackageManager: Package org.newstand.datamigration codePath changed from /data/app/org.newstand.datamigration-1 to /data/app/org.newstand.datamigration-2; Retaining data and using new
04-18 11:00:18.532   915  1855 W PackageManager: Code path for org.newstand.datamigration changing from /data/app/org.newstand.datamigration-1 to /data/app/org.newstand.datamigration-2
04-18 11:00:18.532   915  1855 W PackageManager: Resource path for org.newstand.datamigration changing from /data/app/org.newstand.datamigration-1 to /data/app/org.newstand.datamigration-2
04-18 11:00:18.734   915  1855 I ActivityManager: Force stopping org.newstand.datamigration appid=10071 user=0: pkg removed
04-18 11:00:18.776  6598  6598 W ContextImpl: Calling a method in the system process without a qualified user: android.app.ContextImpl.startService:1357 android.content.ContextWrapper.startService:613 android.content.ContextWrapper.startService:613 com.android.keychain.KeyChainBroadcastReceiver.onReceive:12 android.app.ActivityThread.handleReceiver:3040 
04-18 11:00:19.014   915  1841 W VoiceInteractionManagerService: no available voice recognition services found for user 0
04-18 11:00:19.902   915  1836 I ActivityManager: START u0 {act=android.intent.action.MAIN cat=[android.intent.category.LAUNCHER] flg=0x10000000 cmp=org.newstand.datamigration/.ui.activity.NavigatorActivity} from uid 2000 on display 0
04-18 11:00:19.923   915  1836 I ActivityManager: Start proc 9488:org.newstand.datamigration/u0a71 for activity org.newstand.datamigration/.ui.activity.NavigatorActivity
04-18 11:00:29.849   915  2733 I PowerManagerService: Waking up from sleep (uid 1000)...
04-18 11:00:29.861   915  1851 I DisplayPowerController: Blocking screen on until initial contents have been drawn.
04-18 11:00:29.880   915  1849 I DisplayManagerService: Display device changed state: "", ON
04-18 11:00:30.008   915  2733 I WindowManager: Suppressed redundant power key press while already in the process of turning the screen on.
04-18 11:00:30.134   915  1851 I DisplayPowerController: Unblocked screen on after 273 ms
04-18 11:00:31.489   915  3610 I ActivityManager: Setting hasTopUi=false for pid=2916
04-18 11:00:32.559   915  1842 I ActivityManager: Killing 3555:com.android.settings/1000 (adj 906): empty #17
04-18 11:00:32.580   915  4756 D ActivityManager: cleanUpApplicationRecord -- 3555
04-18 11:00:41.889   915  4756 I ActivityManager: START u0 {act=android.intent.action.MAIN cat=[android.intent.category.LAUNCHER] flg=0x10200000 cmp=org.newstand.datamigration/.ui.activity.NavigatorActivity (has extras)} from uid 10028 on display 0
04-18 11:00:43.746   915  1836 I ActivityManager: START u0 {cmp=org.newstand.datamigration/.ui.activity.SettingsActivity} from uid 10071 on display 0
04-18 11:00:47.545   915  2995 I ActivityManager: START u0 {act=android.intent.action.MAIN cat=[android.intent.category.LAUNCHER] flg=0x10200000 cmp=org.newstand.datamigration/.ui.activity.NavigatorActivity (has extras)} from uid 10028 on display 0
04-18 11:00:48.611   915  1837 I ActivityManager: START u0 {flg=0x10804000 cmp=com.android.systemui/.recents.RecentsActivity} from uid 10033 on display 0
04-18 11:00:49.824   915  4740 I ActivityManager: Killing 9488:org.newstand.datamigration/u0a71 (adj 900): remove task
04-18 11:00:49.843   915  4743 D ActivityManager: cleanUpApplicationRecord -- 9488
04-18 11:00:50.125   915  4742 I ActivityManager: START u0 {act=android.intent.action.MAIN cat=[android.intent.category.HOME] flg=0x10200000 cmp=com.cyanogenmod.trebuchet/com.android.launcher3.Launcher} from uid 10033 on display 0
04-18 11:00:51.393   915  4743 I ActivityManager: START u0 {act=android.intent.action.MAIN cat=[android.intent.category.LAUNCHER] flg=0x10200000 cmp=org.newstand.datamigration/.ui.activity.NavigatorActivity (has extras)} from uid 10028 on display 0
04-18 11:00:51.421   915  1836 I ActivityManager: Start proc 9720:org.newstand.datamigration/u0a71 for activity org.newstand.datamigration/.ui.activity.NavigatorActivity
04-18 11:00:55.811   915  4735 I ActivityManager: START u0 {cmp=org.newstand.datamigration/.ui.activity.SettingsActivity} from uid 10071 on display 0
04-18 11:01:05.007   915  1837 I ActivityManager: START u0 {act=android.intent.action.MAIN cat=[android.intent.category.LAUNCHER] flg=0x10200000 cmp=org.newstand.datamigration/.ui.activity.NavigatorActivity (has extras)} from uid 10028 on display 0
04-18 11:01:07.326   915  1837 I ActivityManager: START u0 {act=android.intent.action.MAIN cat=[android.intent.category.LAUNCHER] flg=0x10200000 cmp=org.newstand.datamigration/.ui.activity.NavigatorActivity (has extras)} from uid 10028 on display 0
04-18 11:01:13.372   915  4742 I ActivityManager: START u0 {flg=0x10804000 cmp=com.android.systemui/.recents.RecentsActivity} from uid 10033 on display 0
04-18 11:01:14.676   915  4742 I ActivityManager: Killing 9720:org.newstand.datamigration/u0a71 (adj 900): remove task
04-18 11:01:14.699   915  1836 D ActivityManager: cleanUpApplicationRecord -- 9720
04-18 11:01:17.344   915  1836 I ActivityManager: START u0 {act=android.intent.action.MAIN cat=[android.intent.category.HOME] flg=0x10200000 cmp=com.cyanogenmod.trebuchet/com.android.launcher3.Launcher} from uid 10033 on display 0
04-18 11:01:30.341   367  1305 E NetlinkEvent: NetlinkEvent::FindParam(): Parameter 'TIME_NS' not found
04-18 11:01:30.342   367  1305 E NetlinkEvent: NetlinkEvent::FindParam(): Parameter 'UID' not found
04-18 11:01:36.631   367  1305 E NetlinkEvent: NetlinkEvent::FindParam(): Parameter 'TIME_NS' not found
04-18 11:01:36.631   367  1305 E NetlinkEvent: NetlinkEvent::FindParam(): Parameter 'UID' not found
04-18 11:01:36.724   367  1305 E NetlinkEvent: NetlinkEvent::FindParam(): Parameter 'TIME_NS' not found
04-18 11:01:36.724   367  1305 E NetlinkEvent: NetlinkEvent::FindParam(): Parameter 'UID' not found
04-18 11:01:36.927   915  1837 D ConnectivityService: registerNetworkAgent NetworkAgentInfo{ ni{[type: MOBILE[LTE], state: CONNECTED/CONNECTED, reason: connected, extra: cmnet, failover: false, available: true, roaming: false, metered: true]}  network{104}  nethandle{446693034718}  lp{{InterfaceName: rmnet0 LinkAddresses: [10.158.153.73/30,]  Routes: [0.0.0.0/0 -> 10.158.153.74 rmnet0,] DnsAddresses: [221.130.33.52,221.130.33.60,] Domains: null MTU: 1500 TcpBufferSizes: 2097152,4194304,8388608,262144,524288,1048576}}  nc{[ Transports: CELLULAR Capabilities: SUPL&INTERNET&NOT_RESTRICTED&TRUSTED&NOT_VPN LinkUpBandwidth>=51200Kbps LinkDnBandwidth>=102400Kbps Specifier: <1>]}  Score{10}  everValidated{false}  lastValidated{false}  created{false} lingering{false} explicitlySelected{false} acceptUnvalidated{false} everCaptivePortalDetected{false} lastCaptivePortalDetected{false} }
04-18 11:01:36.928   915  3610 D NetworkNotificationManager: clearNotification id=65537
04-18 11:01:36.928   915  2829 D ConnectivityService: NetworkAgentInfo [MOBILE (LTE) - 104] EVENT_NETWORK_INFO_CHANGED, going from null to CONNECTED
04-18 11:01:36.931   915  2829 D ConnectivityService: Adding iface rmnet0 to network 104
04-18 11:01:36.974   915  2829 D ConnectivityService: Setting DNS servers for network 104 to [/221.130.33.52, /221.130.33.60]
04-18 11:01:36.991   915  2829 D NetworkNotificationManager: clearNotification id=104
04-18 11:01:36.992   915  2829 D ConnectivityService: NetworkAgentInfo [MOBILE (LTE) - 104] validation passed
04-18 11:01:36.993   915  2829 D ConnectivityService: Switching to new default network: NetworkAgentInfo{ ni{[type: MOBILE[LTE], state: CONNECTED/CONNECTED, reason: connected, extra: cmnet, failover: false, available: true, roaming: false, metered: true]}  network{104}  nethandle{446693034718}  lp{{InterfaceName: rmnet0 LinkAddresses: [10.158.153.73/30,]  Routes: [0.0.0.0/0 -> 10.158.153.74 rmnet0,] DnsAddresses: [221.130.33.52,221.130.33.60,] Domains: null MTU: 1500 TcpBufferSizes: 2097152,4194304,8388608,262144,524288,1048576}}  nc{[ Transports: CELLULAR Capabilities: SUPL&INTERNET&NOT_RESTRICTED&TRUSTED&NOT_VPN&VALIDATED&FOREGROUND LinkUpBandwidth>=51200Kbps LinkDnBandwidth>=102400Kbps Specifier: <1>]}  Score{50}  everValidated{true}  lastValidated{true}  created{true} lingering{false} explicitlySelected{false} acceptUnvalidated{false} everCaptivePortalDetected{false} lastCaptivePortalDetected{false} }
04-18 11:01:36.998   915  2829 D ConnectivityService: Lingering NetworkAgentInfo [WIFI () - 103] for 30000ms
04-18 11:01:36.999   915  2829 D ConnectivityService: Sending DISCONNECTED broadcast for type 1 NetworkAgentInfo [WIFI () - 103] isDefaultNetwork=true
04-18 11:01:37.000   915  2829 D ConnectivityService: Sending CONNECTED broadcast for type 0 NetworkAgentInfo [MOBILE (LTE) - 104] isDefaultNetwork=true
04-18 11:01:38.039   915  2829 D ConnectivityService: NetworkAgentInfo [WIFI () - 103] EVENT_NETWORK_INFO_CHANGED, going from CONNECTED to DISCONNECTED
04-18 11:01:38.039   915  2829 D ConnectivityService: NetworkAgentInfo [WIFI () - 103] got DISCONNECTED, was satisfying 4
04-18 11:01:48.731   915  2825 D ConnectivityService: registerNetworkAgent NetworkAgentInfo{ ni{[type: WIFI[], state: CONNECTING/CONNECTING, reason: (unspecified), extra: "lenovo-internet", failover: false, available: true, roaming: false, metered: false]}  network{105}  nethandle{450988002014}  lp{{LinkAddresses: []  Routes: [] DnsAddresses: [] Domains: null MTU: 0}}  nc{[ Transports: WIFI Capabilities: NOT_METERED&INTERNET&NOT_RESTRICTED&TRUSTED&NOT_VPN LinkUpBandwidth>=1048576Kbps LinkDnBandwidth>=1048576Kbps]}  Score{20}  everValidated{false}  lastValidated{false}  created{false} lingering{false} explicitlySelected{false} acceptUnvalidated{false} everCaptivePortalDetected{false} lastCaptivePortalDetected{false} }
04-18 11:01:48.732   915  2829 D ConnectivityService: NetworkAgentInfo [WIFI () - 105] EVENT_NETWORK_INFO_CHANGED, going from null to CONNECTING
04-18 11:01:54.902   915  2829 D ConnectivityService: NetworkAgentInfo [WIFI () - 105] EVENT_NETWORK_INFO_CHANGED, going from CONNECTING to CONNECTED
04-18 11:01:54.905   915  2829 D ConnectivityService: Adding iface wlan0 to network 105
04-18 11:01:54.963   915  2829 D ConnectivityService: Setting DNS servers for network 105 to [/10.96.170.56, /10.128.245.46]
04-18 11:01:54.989   915  2829 D NetworkNotificationManager: clearNotification id=105
04-18 11:01:54.989   915  2829 D ConnectivityService: NetworkAgentInfo [WIFI () - 105] validation passed
04-18 11:01:54.992   915  2829 D ConnectivityService: Switching to new default network: NetworkAgentInfo{ ni{[type: WIFI[], state: CONNECTED/CONNECTED, reason: (unspecified), extra: "lenovo-internet", failover: false, available: true, roaming: false, metered: false]}  network{105}  nethandle{450988002014}  lp{{InterfaceName: wlan0 LinkAddresses: [fe80::da9a:34ff:fe0a:6feb/64,10.103.169.238/23,]  Routes: [fe80::/64 -> :: wlan0,10.103.168.0/23 -> 0.0.0.0 wlan0,0.0.0.0/0 -> 10.103.169.254 wlan0,] DnsAddresses: [10.96.170.56,10.128.245.46,] Domains: lenovo.com MTU: 0 TcpBufferSizes: 524288,2097152,4194304,262144,524288,1048576}}  nc{[ Transports: WIFI Capabilities: NOT_METERED&INTERNET&NOT_RESTRICTED&TRUSTED&NOT_VPN&VALIDATED&FOREGROUND LinkUpBandwidth>=1048576Kbps LinkDnBandwidth>=1048576Kbps SignalStrength: -60]}  Score{60}  everValidated{true}  lastValidated{true}  created{true} lingering{false} explicitlySelected{false} acceptUnvalidated{false} everCaptivePortalDetected{false} lastCaptivePortalDetected{false} }
04-18 11:01:54.997   915  2829 D ConnectivityService: Lingering NetworkAgentInfo [MOBILE (LTE) - 104] for 30000ms
04-18 11:01:54.998   915  2829 D ConnectivityService: Sending DISCONNECTED broadcast for type 0 NetworkAgentInfo [MOBILE (LTE) - 104] isDefaultNetwork=true
04-18 11:01:54.999   915  2829 D ConnectivityService: Sending CONNECTED broadcast for type 1 NetworkAgentInfo [WIFI () - 105] isDefaultNetwork=true
04-18 11:02:05.042   367  1305 E NetlinkEvent: NetlinkEvent::FindParam(): Parameter 'TIME_NS' not found
04-18 11:02:05.042   367  1305 E NetlinkEvent: NetlinkEvent::FindParam(): Parameter 'UID' not found
04-18 11:02:05.423   367  1305 E NetlinkEvent: NetlinkEvent::FindParam(): Parameter 'TIME_NS' not found
04-18 11:02:05.423   367  1305 E NetlinkEvent: NetlinkEvent::FindParam(): Parameter 'UID' not found
04-18 11:02:12.822   367  1305 E NetlinkEvent: NetlinkEvent::FindParam(): Parameter 'TIME_NS' not found
04-18 11:02:12.822   367  1305 E NetlinkEvent: NetlinkEvent::FindParam(): Parameter 'UID' not found
04-18 11:02:15.441   367  1305 E NetlinkEvent: NetlinkEvent::FindParam(): Parameter 'TIME_NS' not found
04-18 11:02:15.441   367  1305 E NetlinkEvent: NetlinkEvent::FindParam(): Parameter 'UID' not found
04-18 11:02:19.693   915  1842 I ActivityManager: Force stopping org.newstand.datamigration appid=10071 user=-1: installPackageLI
04-18 11:02:19.745   915  1855 I PackageManager: Package org.newstand.datamigration codePath changed from /data/app/org.newstand.datamigration-2 to /data/app/org.newstand.datamigration-1; Retaining data and using new
04-18 11:02:19.746   915  1855 W PackageManager: Code path for org.newstand.datamigration changing from /data/app/org.newstand.datamigration-2 to /data/app/org.newstand.datamigration-1
04-18 11:02:19.746   915  1855 W PackageManager: Resource path for org.newstand.datamigration changing from /data/app/org.newstand.datamigration-2 to /data/app/org.newstand.datamigration-1
04-18 11:02:19.898   915  2995 D PackageInstaller: Ignoring abandon after commit relinquished control
04-18 11:02:19.900   915  1855 I ActivityManager: Force stopping org.newstand.datamigration appid=10071 user=0: pkg removed
04-18 11:02:19.969  6598  6598 W ContextImpl: Calling a method in the system process without a qualified user: android.app.ContextImpl.startService:1357 android.content.ContextWrapper.startService:613 android.content.ContextWrapper.startService:613 com.android.keychain.KeyChainBroadcastReceiver.onReceive:12 android.app.ActivityThread.handleReceiver:3040 
04-18 11:02:20.153   367  1305 E NetlinkEvent: NetlinkEvent::FindParam(): Parameter 'TIME_NS' not found
04-18 11:02:20.153   367  1305 E NetlinkEvent: NetlinkEvent::FindParam(): Parameter 'UID' not found
04-18 11:02:20.190   915  1841 W VoiceInteractionManagerService: no available voice recognition services found for user 0
04-18 11:02:21.084   915  1836 I ActivityManager: START u0 {act=android.intent.action.MAIN cat=[android.intent.category.LAUNCHER] flg=0x10000000 cmp=org.newstand.datamigration/.ui.activity.NavigatorActivity} from uid 2000 on display 0
04-18 11:02:21.115   915  3610 I ActivityManager: Start proc 10419:org.newstand.datamigration/u0a71 for activity org.newstand.datamigration/.ui.activity.NavigatorActivity
04-18 11:02:24.992   915  2829 D ConnectivityService: handleLingerComplete for NetworkAgentInfo [MOBILE (LTE) - 104]
04-18 11:02:25.005   915  2829 D ConnectivityService: NetworkAgentInfo [MOBILE (LTE) - 104] got DISCONNECTED, was satisfying 4
04-18 11:02:25.151   367  1305 E NetlinkEvent: NetlinkEvent::FindParam(): Parameter 'TIME_NS' not found
04-18 11:02:25.152   367  1305 E NetlinkEvent: NetlinkEvent::FindParam(): Parameter 'UID' not found
04-18 11:02:35.202   367  1305 E NetlinkEvent: NetlinkEvent::FindParam(): Parameter 'TIME_NS' not found
04-18 11:02:35.202   367  1305 E NetlinkEvent: NetlinkEvent::FindParam(): Parameter 'UID' not found
04-18 11:02:40.410   915  4739 I ActivityManager: START u0 {act=android.intent.action.MAIN cat=[android.intent.category.LAUNCHER] flg=0x10200000 cmp=org.newstand.datamigration/.ui.activity.NavigatorActivity (has extras)} from uid 10028 on display 0
04-18 11:02:56.422   367  1305 E NetlinkEvent: NetlinkEvent::FindParam(): Parameter 'TIME_NS' not found
04-18 11:02:56.422   367  1305 E NetlinkEvent: NetlinkEvent::FindParam(): Parameter 'UID' not found
04-18 11:02:59.610   915  2829 D ConnectivityService: NetworkAgentInfo [WIFI () - 105] EVENT_NETWORK_INFO_CHANGED, going from CONNECTED to DISCONNECTED
04-18 11:02:59.610   915  2829 D ConnectivityService: NetworkAgentInfo [WIFI () - 105] got DISCONNECTED, was satisfying 5
04-18 11:02:59.662   915  2829 D ConnectivityService: Sending DISCONNECTED broadcast for type 1 NetworkAgentInfo [WIFI () - 105] isDefaultNetwork=true
04-18 11:02:59.715   367  1305 E NetlinkEvent: NetlinkEvent::FindParam(): Parameter 'TIME_NS' not found
04-18 11:02:59.715   367  1305 E NetlinkEvent: NetlinkEvent::FindParam(): Parameter 'UID' not found
04-18 11:02:59.715   367  1305 E NetlinkEvent: NetlinkEvent::FindParam(): Parameter 'TIME_NS' not found
04-18 11:02:59.715   367  1305 E NetlinkEvent: NetlinkEvent::FindParam(): Parameter 'UID' not found
04-18 11:03:00.208   915  4740 D NetworkNotificationManager: clearNotification id=65537
04-18 11:03:00.212   915  4736 D ConnectivityService: registerNetworkAgent NetworkAgentInfo{ ni{[type: MOBILE[LTE], state: CONNECTED/CONNECTED, reason: connected, extra: cmnet, failover: false, available: true, roaming: false, metered: true]}  network{106}  nethandle{455282969310}  lp{{InterfaceName: rmnet0 LinkAddresses: [10.158.153.73/30,]  Routes: [0.0.0.0/0 -> 10.158.153.74 rmnet0,] DnsAddresses: [221.130.33.52,221.130.33.60,] Domains: null MTU: 1500 TcpBufferSizes: 2097152,4194304,8388608,262144,524288,1048576}}  nc{[ Transports: CELLULAR Capabilities: SUPL&INTERNET&NOT_RESTRICTED&TRUSTED&NOT_VPN LinkUpBandwidth>=51200Kbps LinkDnBandwidth>=102400Kbps Specifier: <1>]}  Score{10}  everValidated{false}  lastValidated{false}  created{false} lingering{false} explicitlySelected{false} acceptUnvalidated{false} everCaptivePortalDetected{false} lastCaptivePortalDetected{false} }
04-18 11:03:00.212   915  2829 D ConnectivityService: NetworkAgentInfo [MOBILE (LTE) - 106] EVENT_NETWORK_INFO_CHANGED, going from null to CONNECTED
04-18 11:03:00.214   915  2829 D ConnectivityService: Adding iface rmnet0 to network 106
04-18 11:03:00.253   915  2829 D ConnectivityService: Setting DNS servers for network 106 to [/221.130.33.52, /221.130.33.60]
04-18 11:03:00.266   915  2829 D ConnectivityService: Switching to new default network: NetworkAgentInfo{ ni{[type: MOBILE[LTE], state: CONNECTED/CONNECTED, reason: connected, extra: cmnet, failover: false, available: true, roaming: false, metered: true]}  network{106}  nethandle{455282969310}  lp{{InterfaceName: rmnet0 LinkAddresses: [10.158.153.73/30,]  Routes: [0.0.0.0/0 -> 10.158.153.74 rmnet0,] DnsAddresses: [221.130.33.52,221.130.33.60,] Domains: null MTU: 1500 TcpBufferSizes: 2097152,4194304,8388608,262144,524288,1048576}}  nc{[ Transports: CELLULAR Capabilities: SUPL&INTERNET&NOT_RESTRICTED&TRUSTED&NOT_VPN&FOREGROUND LinkUpBandwidth>=51200Kbps LinkDnBandwidth>=102400Kbps Specifier: <1>]}  Score{10}  everValidated{false}  lastValidated{false}  created{true} lingering{false} explicitlySelected{false} acceptUnvalidated{false} everCaptivePortalDetected{false} lastCaptivePortalDetected{false} }
04-18 11:03:00.271   915  2829 D ConnectivityService: Sending CONNECTED broadcast for type 0 NetworkAgentInfo [MOBILE (LTE) - 106] isDefaultNetwork=true
04-18 11:03:00.278   915  2829 D NetworkNotificationManager: clearNotification id=106
04-18 11:03:00.279   915  2829 D ConnectivityService: NetworkAgentInfo [MOBILE (LTE) - 106] validation passed
04-18 11:03:15.262   367  1305 E NetlinkEvent: NetlinkEvent::FindParam(): Parameter 'TIME_NS' not found
04-18 11:03:15.262   367  1305 E NetlinkEvent: NetlinkEvent::FindParam(): Parameter 'UID' not found
04-18 11:03:17.680   915  2993 I ActivityManager: Force stopping org.newstand.datamigration appid=10071 user=0: from pid 10939
04-18 11:03:17.680   915  2993 I ActivityManager: Killing 10419:org.newstand.datamigration/u0a71 (adj 900): stop org.newstand.datamigration
04-18 11:03:17.680   915  2993 D ActivityManager: cleanUpApplicationRecord -- 10419
04-18 11:03:17.681   915  2993 W ActivityManager: Scheduling restart of crashed service org.newstand.datamigration/.service.DummySmsService in 1000ms
04-18 11:03:18.042   367  1305 E NetlinkEvent: NetlinkEvent::FindParam(): Parameter 'TIME_NS' not found
04-18 11:03:18.042   367  1305 E NetlinkEvent: NetlinkEvent::FindParam(): Parameter 'UID' not found
04-18 11:03:22.251   915  2995 I ActivityManager: START u0 {act=android.intent.action.MAIN cat=[android.intent.category.LAUNCHER] flg=0x10200000 cmp=org.newstand.datamigration/.ui.activity.NavigatorActivity (has extras)} from uid 10028 on display 0
04-18 11:03:22.278   915  1836 I ActivityManager: Start proc 10995:org.newstand.datamigration/u0a71 for activity org.newstand.datamigration/.ui.activity.NavigatorActivity
04-18 11:03:22.437   367  1305 E NetlinkEvent: NetlinkEvent::FindParam(): Parameter 'TIME_NS' not found
04-18 11:03:22.437   367  1305 E NetlinkEvent: NetlinkEvent::FindParam(): Parameter 'UID' not found
04-18 11:03:33.682   367  1305 E NetlinkEvent: NetlinkEvent::FindParam(): Parameter 'TIME_NS' not found
04-18 11:03:33.682   367  1305 E NetlinkEvent: NetlinkEvent::FindParam(): Parameter 'UID' not found
04-18 11:03:41.908   367  1305 E NetlinkEvent: NetlinkEvent::FindParam(): Parameter 'TIME_NS' not found
04-18 11:03:41.908   367  1305 E NetlinkEvent: NetlinkEvent::FindParam(): Parameter 'UID' not found
04-18 11:03:52.603   367  1305 E NetlinkEvent: NetlinkEvent::FindParam(): Parameter 'TIME_NS' not found
04-18 11:03:52.603   367  1305 E NetlinkEvent: NetlinkEvent::FindParam(): Parameter 'UID' not found
04-18 11:03:55.988   915  1842 I ActivityManager: Force stopping org.newstand.datamigration appid=10071 user=-1: installPackageLI
04-18 11:03:55.988   915  1842 I ActivityManager: Killing 10995:org.newstand.datamigration/u0a71 (adj 900): stop org.newstand.datamigration
04-18 11:03:55.989   915  1842 D ActivityManager: cleanUpApplicationRecord -- 10995
04-18 11:03:55.989   915  1842 W ActivityManager: Scheduling restart of crashed service org.newstand.datamigration/.service.DummySmsService in 1000ms
04-18 11:03:56.007   367  1305 E NetlinkEvent: NetlinkEvent::FindParam(): Parameter 'TIME_NS' not found
04-18 11:03:56.007   367  1305 E NetlinkEvent: NetlinkEvent::FindParam(): Parameter 'UID' not found
04-18 11:03:56.043   915  1855 I PackageManager: Package org.newstand.datamigration codePath changed from /data/app/org.newstand.datamigration-1 to /data/app/org.newstand.datamigration-2; Retaining data and using new
04-18 11:03:56.044   915  1855 W PackageManager: Code path for org.newstand.datamigration changing from /data/app/org.newstand.datamigration-1 to /data/app/org.newstand.datamigration-2
04-18 11:03:56.044   915  1855 W PackageManager: Resource path for org.newstand.datamigration changing from /data/app/org.newstand.datamigration-1 to /data/app/org.newstand.datamigration-2
04-18 11:03:56.202   915  1855 I ActivityManager: Force stopping org.newstand.datamigration appid=10071 user=0: pkg removed
04-18 11:03:56.228  6598  6598 W ContextImpl: Calling a method in the system process without a qualified user: android.app.ContextImpl.startService:1357 android.content.ContextWrapper.startService:613 android.content.ContextWrapper.startService:613 com.android.keychain.KeyChainBroadcastReceiver.onReceive:12 android.app.ActivityThread.handleReceiver:3040 
04-18 11:03:56.475   915  1841 W VoiceInteractionManagerService: no available voice recognition services found for user 0
04-18 11:03:57.450   915  4742 I ActivityManager: START u0 {act=android.intent.action.MAIN cat=[android.intent.category.LAUNCHER] flg=0x10000000 cmp=org.newstand.datamigration/.ui.activity.NavigatorActivity} from uid 2000 on display 0
04-18 11:03:57.472   915  1836 I ActivityManager: Start proc 11269:org.newstand.datamigration/u0a71 for activity org.newstand.datamigration/.ui.activity.NavigatorActivity
04-18 11:04:08.182   367  1305 E NetlinkEvent: NetlinkEvent::FindParam(): Parameter 'TIME_NS' not found
04-18 11:04:08.182   367  1305 E NetlinkEvent: NetlinkEvent::FindParam(): Parameter 'UID' not found
04-18 11:04:11.731   367  1305 E NetlinkEvent: NetlinkEvent::FindParam(): Parameter 'TIME_NS' not found
04-18 11:04:11.732   367  1305 E NetlinkEvent: NetlinkEvent::FindParam(): Parameter 'UID' not found
04-18 11:04:16.801   915  2995 W InputMethodManagerService: Window already focused, ignoring focus gain of: com.android.internal.view.IInputMethodClient$Stub$Proxy@bff47dc attribute=null, token = android.os.BinderProxy@6e83157
04-18 11:04:18.664   915  4739 I ActivityManager: START u0 {cmp=org.newstand.datamigration/.ui.activity.AndroidCategoryViewerActivity} from uid 10071 on display 0
04-18 11:04:20.327   915  2995 I ActivityManager: START u0 {cmp=org.newstand.datamigration/.ui.activity.AndroidDataListHostActivity (has extras)} from uid 10071 on display 0
04-18 11:04:21.781   367  1305 E NetlinkEvent: NetlinkEvent::FindParam(): Parameter 'TIME_NS' not found
04-18 11:04:21.781   367  1305 E NetlinkEvent: NetlinkEvent::FindParam(): Parameter 'UID' not found
04-18 11:04:22.236   915  4739 W InputMethodManagerService: Window already focused, ignoring focus gain of: com.android.internal.view.IInputMethodClient$Stub$Proxy@39ad9d1 attribute=null, token = android.os.BinderProxy@1bbff5e
04-18 11:04:25.719   915  1837 I ActivityManager: START u0 {cmp=org.newstand.datamigration/.ui.activity.AndroidDataListHostActivity (has extras)} from uid 10071 on display 0
04-18 11:04:27.812   915  4736 I ActivityManager: START u0 {cmp=org.newstand.datamigration/.ui.activity.AndroidDataListHostActivity (has extras)} from uid 10071 on display 0
04-18 11:04:30.071   915  4735 I ActivityManager: START u0 {cmp=org.newstand.datamigration/.ui.activity.AndroidDataListHostActivity (has extras)} from uid 10071 on display 0
04-18 11:04:32.593   915  4742 I ActivityManager: START u0 {cmp=org.newstand.datamigration/.ui.activity.AndroidDataListHostActivity (has extras)} from uid 10071 on display 0
04-18 11:04:34.593   915  4743 I ActivityManager: START u0 {cmp=org.newstand.datamigration/.ui.activity.AndroidDataListHostActivity (has extras)} from uid 10071 on display 0
04-18 11:04:38.996   915  4736 I ActivityManager: START u0 {cmp=org.newstand.datamigration/.ui.activity.DataExportActivity} from uid 10071 on display 0
04-18 11:04:57.162   915  3610 I ActivityManager: START u0 {cmp=org.newstand.datamigration/.ui.activity.BackupSessionPickerActivity} from uid 10071 on display 0
04-18 11:04:58.574   915  4742 I ActivityManager: START u0 {cmp=org.newstand.datamigration/.ui.activity.BackupCategoryViewerActivity (has extras)} from uid 10071 on display 0
04-18 11:05:00.348   915  4736 I ActivityManager: START u0 {cmp=org.newstand.datamigration/.ui.activity.BackupDataListHostActivity (has extras)} from uid 10071 on display 0
04-18 11:05:05.892   915  4736 I ActivityManager: START u0 {cmp=org.newstand.datamigration/.ui.activity.BackupDataListHostActivity (has extras)} from uid 10071 on display 0
04-18 11:05:07.642   367  1305 E NetlinkEvent: NetlinkEvent::FindParam(): Parameter 'TIME_NS' not found
04-18 11:05:07.642   367  1305 E NetlinkEvent: NetlinkEvent::FindParam(): Parameter 'UID' not found
04-18 11:05:08.684   915  3610 I ActivityManager: START u0 {cmp=org.newstand.datamigration/.ui.activity.DataImportActivity (has extras)} from uid 10071 on display 0
04-18 11:05:09.280   915  1837 I ActivityManager: START u0 {act=android.intent.action.VIEW dat=content://org.newstand.datamigration.provider/newstand/storage/emulated/0/.DataMigration/Backup/2017-04-18-11:04:39/App//apk/.apk typ=application/vnd.android.package-archive flg=0x10000003 cmp=com.android.packageinstaller/.PackageInstallerActivity} from uid 10071 on display 0
04-18 11:05:09.342   915  2993 I ActivityManager: START u0 {act=android.provider.Telephony.ACTION_CHANGE_DEFAULT flg=0x10000000 cmp=com.android.settings/.SmsDefaultDialog (has extras)} from uid 10071 on display 0
04-18 11:05:09.392   915  1837 I ActivityManager: Start proc 12052:com.android.settings/1000 for activity com.android.settings/.SmsDefaultDialog
04-18 11:05:11.583   915  2993 I PackageManager: Replacing preferred activity org.newstand.datamigration/.ui.activity.DummyComposeSmsActivity for user 0:
04-18 11:05:11.584   915   915 I PackageManager: Replacing preferred activity org.newstand.datamigration/.ui.activity.DummyComposeSmsActivity for user 0:
04-18 11:05:11.585   915   915 I PackageManager: Replacing preferred activity org.newstand.datamigration/.ui.activity.DummyComposeSmsActivity for user 0:
04-18 11:05:11.585   915   915 I PackageManager: Replacing preferred activity org.newstand.datamigration/.ui.activity.DummyComposeSmsActivity for user 0:
04-18 11:05:12.479   915  4735 E ContentService: Content Service Crash
04-18 11:05:12.479   915  4735 E ContentService: java.lang.NullPointerException: Uri must not be null
04-18 11:05:12.479   915  4735 E ContentService: 	at com.android.server.content.ContentService.notifyChange(ContentService.java:350)
04-18 11:05:12.479   915  4735 E ContentService: 	at android.content.IContentService$Stub.onTransact(IContentService.java:95)
04-18 11:05:12.479   915  4735 E ContentService: 	at com.android.server.content.ContentService.onTransact(ContentService.java:235)
04-18 11:05:12.479   915  4735 E ContentService: 	at android.os.Binder.execTransact(Binder.java:565)
04-18 11:05:12.549   915  4736 E ContentService: Content Service Crash
04-18 11:05:12.549   915  4736 E ContentService: java.lang.NullPointerException: Uri must not be null
04-18 11:05:12.549   915  4736 E ContentService: 	at com.android.server.content.ContentService.notifyChange(ContentService.java:350)
04-18 11:05:12.549   915  4736 E ContentService: 	at android.content.IContentService$Stub.onTransact(IContentService.java:95)
04-18 11:05:12.549   915  4736 E ContentService: 	at com.android.server.content.ContentService.onTransact(ContentService.java:235)
04-18 11:05:12.549   915  4736 E ContentService: 	at android.os.Binder.execTransact(Binder.java:565)
04-18 11:05:17.861   367  1305 E NetlinkEvent: NetlinkEvent::FindParam(): Parameter 'TIME_NS' not found
04-18 11:05:17.861   367  1305 E NetlinkEvent: NetlinkEvent::FindParam(): Parameter 'UID' not found
04-18 11:05:18.070 11269 11269 E ActivityThread: Activity org.newstand.datamigration.ui.activity.DataImportActivity has leaked IntentReceiver org.newstand.datamigration.worker.transport.backup.PackageInstallReceiver@8cb86b5 that was originally registered here. Are you missing a call to unregisterReceiver()?
04-18 11:05:18.070 11269 11269 E ActivityThread: android.app.IntentReceiverLeaked: Activity org.newstand.datamigration.ui.activity.DataImportActivity has leaked IntentReceiver org.newstand.datamigration.worker.transport.backup.PackageInstallReceiver@8cb86b5 that was originally registered here. Are you missing a call to unregisterReceiver()?
04-18 11:05:18.070 11269 11269 E ActivityThread: 	at android.app.LoadedApk$ReceiverDispatcher.<init>(LoadedApk.java:1159)
04-18 11:05:18.070 11269 11269 E ActivityThread: 	at android.app.LoadedApk.getReceiverDispatcher(LoadedApk.java:946)
04-18 11:05:18.070 11269 11269 E ActivityThread: 	at android.app.ContextImpl.registerReceiverInternal(ContextImpl.java:1302)
04-18 11:05:18.070 11269 11269 E ActivityThread: 	at android.app.ContextImpl.registerReceiver(ContextImpl.java:1282)
04-18 11:05:18.070 11269 11269 E ActivityThread: 	at android.app.ContextImpl.registerReceiver(ContextImpl.java:1276)
04-18 11:05:18.070 11269 11269 E ActivityThread: 	at android.content.ContextWrapper.registerReceiver(ContextWrapper.java:586)
04-18 11:05:18.070 11269 11269 E ActivityThread: 	at org.newstand.datamigration.worker.transport.backup.PackageInstallReceiver.register(PackageInstallReceiver.java:35)
04-18 11:05:18.070 11269 11269 E ActivityThread: 	at org.newstand.datamigration.worker.transport.backup.AppBackupAgent.restore(AppBackupAgent.java:93)
04-18 11:05:18.070 11269 11269 E ActivityThread: 	at org.newstand.datamigration.worker.transport.backup.AppBackupAgent.restore(AppBackupAgent.java:29)
04-18 11:05:18.070 11269 11269 E ActivityThread: 	at org.newstand.datamigration.worker.transport.backup.DataBackupManager$RestoreWorker$2.accept(DataBackupManager.java:368)
04-18 11:05:18.070 11269 11269 E ActivityThread: 	at org.newstand.datamigration.worker.transport.backup.DataBackupManager$RestoreWorker$2.accept(DataBackupManager.java:357)
04-18 11:05:18.070 11269 11269 E ActivityThread: 	at org.newstand.datamigration.utils.Collections.consumeRemaining(Collections.java:23)
04-18 11:05:18.070 11269 11269 E ActivityThread: 	at org.newstand.datamigration.worker.transport.backup.DataBackupManager$RestoreWorker.run(DataBackupManager.java:357)
04-18 11:05:18.070 11269 11269 E ActivityThread: 	at java.util.concurrent.ThreadPoolExecutor.runWorker(ThreadPoolExecutor.java:1133)
04-18 11:05:18.070 11269 11269 E ActivityThread: 	at java.util.concurrent.ThreadPoolExecutor$Worker.run(ThreadPoolExecutor.java:607)
04-18 11:05:18.070 11269 11269 E ActivityThread: 	at java.lang.Thread.run(Thread.java:761)
04-18 11:05:18.526   915  4742 I ActivityManager: START u0 {cmp=org.newstand.datamigration/.ui.activity.DataImportActivity (has extras)} from uid 10071 on display 0
04-18 11:05:18.597   915  4735 I ActivityManager: START u0 {act=android.provider.Telephony.ACTION_CHANGE_DEFAULT flg=0x10000000 cmp=com.android.settings/.SmsDefaultDialog (has extras)} from uid 10071 on display 0
04-18 11:05:19.072   915  4740 I ActivityManager: START u0 {act=android.intent.action.VIEW dat=content://org.newstand.datamigration.provider/newstand/storage/emulated/0/.DataMigration/Backup/2017-04-18-11:04:39/App//apk/.apk typ=application/vnd.android.package-archive flg=0x10000003 cmp=com.android.packageinstaller/.PackageInstallerActivity} from uid 10071 on display 0
04-18 11:05:19.227   915  2995 E ContentService: Content Service Crash
04-18 11:05:19.227   915  2995 E ContentService: java.lang.NullPointerException: Uri must not be null
04-18 11:05:19.227   915  2995 E ContentService: 	at com.android.server.content.ContentService.notifyChange(ContentService.java:350)
04-18 11:05:19.227   915  2995 E ContentService: 	at android.content.IContentService$Stub.onTransact(IContentService.java:95)
04-18 11:05:19.227   915  2995 E ContentService: 	at com.android.server.content.ContentService.onTransact(ContentService.java:235)
04-18 11:05:19.227   915  2995 E ContentService: 	at android.os.Binder.execTransact(Binder.java:565)
04-18 11:05:19.279   915  2993 E ContentService: Content Service Crash
04-18 11:05:19.279   915  2993 E ContentService: java.lang.NullPointerException: Uri must not be null
04-18 11:05:19.279   915  2993 E ContentService: 	at com.android.server.content.ContentService.notifyChange(ContentService.java:350)
04-18 11:05:19.279   915  2993 E ContentService: 	at android.content.IContentService$Stub.onTransact(IContentService.java:95)
04-18 11:05:19.279   915  2993 E ContentService: 	at com.android.server.content.ContentService.onTransact(ContentService.java:235)
04-18 11:05:19.279   915  2993 E ContentService: 	at android.os.Binder.execTransact(Binder.java:565)
04-18 11:05:20.288   915  2995 I ActivityManager: START u0 {dat=file:///data/user_de/0/com.android.packageinstaller/cache/package629675699.apk cmp=com.android.packageinstaller/.InstallAppProgress (has extras)} from uid 10025 on display 0
04-18 11:05:22.781   915  1841 I UsageStatsService: User[0] Flushing usage stats to disk
04-18 11:05:23.997   915   915 I PackageManager: Replacing preferred activity com.android.messaging/.ui.conversation.LaunchConversationActivity for user 0:
04-18 11:05:23.998   915   915 I PackageManager: Replacing preferred activity com.android.messaging/.ui.conversation.LaunchConversationActivity for user 0:
04-18 11:05:23.998   915   915 I PackageManager: Replacing preferred activity com.android.messaging/.ui.conversation.LaunchConversationActivity for user 0:
04-18 11:05:23.998   915   915 I PackageManager: Replacing preferred activity com.android.messaging/.ui.conversation.LaunchConversationActivity for user 0:
04-18 11:05:24.468   915  1842 I ActivityManager: Force stopping com.coolapk.market appid=10065 user=-1: installPackageLI
04-18 11:05:24.468   915  1842 I ActivityManager: Killing 6190:com.coolapk.market:pushservice/u0a65 (adj 500): stop com.coolapk.market
04-18 11:05:24.469   915  1842 D ActivityManager: cleanUpApplicationRecord -- 6190
04-18 11:05:24.469   915  1842 W ActivityManager: Scheduling restart of crashed service com.coolapk.market/com.xiaomi.push.service.XMPushService in 1000ms
04-18 11:05:24.470   915  1842 I ActivityManager: Killing 6074:com.coolapk.market/u0a65 (adj 902): stop com.coolapk.market
04-18 11:05:24.472   915  1842 D ActivityManager: cleanUpApplicationRecord -- 6074
04-18 11:05:24.476   915  1842 I ActivityManager:   Force stopping service ServiceRecord{67f0bd0 u0 com.coolapk.market/com.xiaomi.push.service.XMPushService}
04-18 11:05:24.487   367  1305 E NetlinkEvent: NetlinkEvent::FindParam(): Parameter 'TIME_NS' not found
04-18 11:05:24.487   367  1305 E NetlinkEvent: NetlinkEvent::FindParam(): Parameter 'UID' not found
04-18 11:05:24.529   915  1855 I PackageManager: Package com.coolapk.market codePath changed from /data/app/com.coolapk.market-1 to /data/app/com.coolapk.market-2; Retaining data and using new
04-18 11:05:24.530   915  1855 W PackageManager: Code path for com.coolapk.market changing from /data/app/com.coolapk.market-1 to /data/app/com.coolapk.market-2
04-18 11:05:24.530   915  1855 W PackageManager: Resource path for com.coolapk.market changing from /data/app/com.coolapk.market-1 to /data/app/com.coolapk.market-2
04-18 11:05:24.571   915  1855 W PackageManager: Not granting permission android.permission.READ_LOGS to package com.coolapk.market (protectionLevel=50 flags=0x38483e44)
04-18 11:05:24.680   915  1855 I ActivityManager: Force stopping com.coolapk.market appid=10065 user=0: pkg removed
04-18 11:05:24.714  6598  6598 W ContextImpl: Calling a method in the system process without a qualified user: android.app.ContextImpl.startService:1357 android.content.ContextWrapper.startService:613 android.content.ContextWrapper.startService:613 com.android.keychain.KeyChainBroadcastReceiver.onReceive:12 android.app.ActivityThread.handleReceiver:3040 
04-18 11:05:24.849   915  1841 W VoiceInteractionManagerService: no available voice recognition services found for user 0
04-18 11:05:33.161   915  4739 W InputMethodManagerService: Window already focused, ignoring focus gain of: com.android.internal.view.IInputMethodClient$Stub$Proxy@ce7e5bf attribute=null, token = android.os.BinderProxy@db14202
04-18 11:05:34.742   367  1305 E NetlinkEvent: NetlinkEvent::FindParam(): Parameter 'TIME_NS' not found
04-18 11:05:34.742   367  1305 E NetlinkEvent: NetlinkEvent::FindParam(): Parameter 'UID' not found
04-18 11:05:39.029   915  4739 I ActivityManager: START u0 {act=android.intent.action.MAIN cat=[android.intent.category.LAUNCHER] flg=0x10200000 cmp=com.android.messaging/.ui.conversationlist.ConversationListActivity bnds=[250,1720][453,1935] (has extras)} from uid 10028 on display 0
04-18 11:05:42.040   915  4739 W InputMethodManagerService: Window already focused, ignoring focus gain of: com.android.internal.view.IInputMethodClient$Stub$Proxy@cf8a7d8 attribute=null, token = android.os.BinderProxy@636c4a8
04-18 11:05:44.482   915  4756 I ActivityManager: START u0 {act=android.intent.action.MAIN cat=[android.intent.category.LAUNCHER] flg=0x10200000 cmp=org.newstand.datamigration/.ui.activity.NavigatorActivity (has extras)} from uid 10028 on display 0
04-18 11:05:44.559   367  1305 E NetlinkEvent: NetlinkEvent::FindParam(): Parameter 'TIME_NS' not found
04-18 11:05:44.559   367  1305 E NetlinkEvent: NetlinkEvent::FindParam(): Parameter 'UID' not found
04-18 11:05:45.685   915  4735 I ActivityManager: START u0 {cmp=org.newstand.datamigration/.ui.activity.BackupSessionPickerActivity} from uid 10071 on display 0
04-18 11:05:46.927   915  4739 I ActivityManager: START u0 {cmp=org.newstand.datamigration/.ui.activity.BackupCategoryViewerActivity (has extras)} from uid 10071 on display 0
04-18 11:05:48.349   915  1837 I ActivityManager: START u0 {cmp=org.newstand.datamigration/.ui.activity.BackupDataListHostActivity (has extras)} from uid 10071 on display 0
04-18 11:05:49.710   915  4756 W InputMethodManagerService: Window already focused, ignoring focus gain of: com.android.internal.view.IInputMethodClient$Stub$Proxy@81e648b attribute=null, token = android.os.BinderProxy@dc5306f
04-18 11:05:51.131   915  4740 I ActivityManager: START u0 {cmp=org.newstand.datamigration/.ui.activity.DataImportActivity (has extras)} from uid 10071 on display 0
04-18 11:05:51.745   915  4736 I ActivityManager: START u0 {act=android.provider.Telephony.ACTION_CHANGE_DEFAULT flg=0x10000000 cmp=com.android.settings/.SmsDefaultDialog (has extras)} from uid 10071 on display 0
04-18 11:05:52.681   915  1836 I PackageManager: Replacing preferred activity org.newstand.datamigration/.ui.activity.DummyComposeSmsActivity for user 0:
04-18 11:05:52.685   915  2993 I PackageManager: Replacing preferred activity org.newstand.datamigration/.ui.activity.DummyComposeSmsActivity for user 0:
04-18 11:05:52.686   915   915 I PackageManager: Replacing preferred activity org.newstand.datamigration/.ui.activity.DummyComposeSmsActivity for user 0:
04-18 11:05:52.687   915   915 I PackageManager: Replacing preferred activity org.newstand.datamigration/.ui.activity.DummyComposeSmsActivity for user 0:
04-18 11:05:52.710   915  3610 W InputMethodManagerService: Window already focused, ignoring focus gain of: com.android.internal.view.IInputMethodClient$Stub$Proxy@cf849f3 attribute=null, token = android.os.BinderProxy@44e24bd
04-18 11:05:54.821   367  1305 E NetlinkEvent: NetlinkEvent::FindParam(): Parameter 'TIME_NS' not found
04-18 11:05:54.821   367  1305 E NetlinkEvent: NetlinkEvent::FindParam(): Parameter 'UID' not found
04-18 11:06:01.674   915  4743 I ActivityManager: START u0 {act=android.provider.Telephony.ACTION_CHANGE_DEFAULT flg=0x10000000 cmp=com.android.settings/.SmsDefaultDialog (has extras)} from uid 10071 on display 0
04-18 11:06:01.947   915  1836 W InputMethodManagerService: Window already focused, ignoring focus gain of: com.android.internal.view.IInputMethodClient$Stub$Proxy@d82a12 attribute=null, token = android.os.BinderProxy@91c7087
04-18 11:06:03.883   915  2995 I ActivityManager: START u0 {act=android.intent.action.MAIN cat=[android.intent.category.LAUNCHER] flg=0x10200000 cmp=org.newstand.datamigration/.ui.activity.NavigatorActivity (has extras)} from uid 10028 on display 0
04-18 11:06:03.955   367  1305 E NetlinkEvent: NetlinkEvent::FindParam(): Parameter 'TIME_NS' not found
04-18 11:06:03.955   367  1305 E NetlinkEvent: NetlinkEvent::FindParam(): Parameter 'UID' not found
04-18 11:06:05.105   915  1842 W BroadcastQueue: Permission Denial: receiving Intent { act=android.provider.Telephony.SMS_RECEIVED flg=0x18000010 (has extras) } to ProcessRecord{5ef0951 5361:com.sohu.inputmethod.sogou.zui/u0a67} (pid=5361, uid=10067) requires android.permission.RECEIVE_SMS due to sender com.android.phone (uid 1001)
04-18 11:06:05.817   915  4735 I ActivityManager: START u0 {act=android.intent.action.MAIN cat=[android.intent.category.LAUNCHER] flg=0x10200000 cmp=com.android.messaging/.ui.conversationlist.ConversationListActivity bnds=[250,1720][453,1935] (has extras)} from uid 10028 on display 0
04-18 11:06:07.747   915  4743 I ActivityManager: START u0 {act=android.intent.action.MAIN cat=[android.intent.category.LAUNCHER] flg=0x10200000 cmp=com.android.messaging/.ui.conversationlist.ConversationListActivity bnds=[250,1720][453,1935] (has extras)} from uid 10028 on display 0
04-18 11:06:09.233   915  4756 I ActivityManager: START u0 {act=android.intent.action.MAIN cat=[android.intent.category.LAUNCHER] flg=0x10200000 cmp=com.android.messaging/.ui.conversationlist.ConversationListActivity bnds=[250,1720][453,1935] (has extras)} from uid 10028 on display 0
04-18 11:06:10.953   915  3610 I ActivityManager: START u0 {act=android.intent.action.MAIN cat=[android.intent.category.LAUNCHER] flg=0x10200000 cmp=com.android.messaging/.ui.conversationlist.ConversationListActivity bnds=[250,1720][453,1935] (has extras)} from uid 10028 on display 0
04-18 11:06:14.221   367  1305 E NetlinkEvent: NetlinkEvent::FindParam(): Parameter 'TIME_NS' not found
04-18 11:06:14.221   367  1305 E NetlinkEvent: NetlinkEvent::FindParam(): Parameter 'UID' not found
04-18 11:08:35.452   915  1845 E BatteryStatsService: no controller energy info supplied
04-18 11:08:35.452   915  1845 E BatteryStatsService: no controller energy info supplied
04-18 11:08:35.466   915  1845 E KernelWakelockReader: neither /proc/wakelocks nor /d/wakeup_sources exists
04-18 11:08:35.466   915  1845 W BatteryStatsImpl: Couldn't get kernel wake lock stats
04-18 11:08:35.467   915  1845 E BatteryStatsService: modem info is invalid: ModemActivityInfo{ mTimestamp=0 mSleepTimeMs=0 mIdleTimeMs=0 mTxTimeMs[]=[0, 0, 0, 0, 0] mRxTimeMs=0 mEnergyUsed=0}
04-18 11:10:07.683   915  1842 W ActivityManager: Slow operation: 59ms so far, now at startProcess: returned from zygote!
04-18 11:10:07.684   915  1842 W ActivityManager: Slow operation: 60ms so far, now at startProcess: done updating battery stats
04-18 11:10:07.684   915  1842 W ActivityManager: Slow operation: 60ms so far, now at startProcess: building log message
04-18 11:10:07.684   915  1842 I ActivityManager: Start proc 12938:com.coolapk.market:pushservice/u0a65 for broadcast com.coolapk.market/com.xiaomi.push.service.receivers.PingReceiver
04-18 11:10:07.684   915  1842 W ActivityManager: Slow operation: 60ms so far, now at startProcess: starting to update pids map
04-18 11:10:07.684   915  1842 W ActivityManager: Slow operation: 60ms so far, now at startProcess: done updating pids map
04-18 11:10:07.684   915  1842 W ActivityManager: Slow operation: 60ms so far, now at startProcess: done starting proc!
04-18 11:10:07.816   367  1305 E NetlinkEvent: NetlinkEvent::FindParam(): Parameter 'TIME_NS' not found
04-18 11:10:07.817   367  1305 E NetlinkEvent: NetlinkEvent::FindParam(): Parameter 'UID' not found
04-18 11:10:18.302   367  1305 E NetlinkEvent: NetlinkEvent::FindParam(): Parameter 'TIME_NS' not found
04-18 11:10:18.302   367  1305 E NetlinkEvent: NetlinkEvent::FindParam(): Parameter 'UID' not found
04-18 11:10:22.764   915  1842 I ActivityManager: Waited long enough for: ServiceRecord{3ab8690 u0 com.coolapk.market/com.xiaomi.push.service.XMPushService}
04-18 11:11:13.021   915  1845 E BatteryStatsService: no controller energy info supplied
04-18 11:11:13.024   915  1845 E KernelWakelockReader: neither /proc/wakelocks nor /d/wakeup_sources exists
04-18 11:11:13.027   915  1845 W BatteryStatsImpl: Couldn't get kernel wake lock stats
04-18 11:11:14.038   915  2825 E NetdConnector: NDC Command {174 softap fwreload wlan0 STA} took too long (662ms)
04-18 11:11:14.044   915  2820 E NetdConnector: NDC Command {175 bandwidth gettetherstats} took too long (526ms)
04-18 11:11:14.297   915  1845 E BatteryStatsService: no controller energy info supplied
04-18 11:11:14.300   915  1845 E KernelWakelockReader: neither /proc/wakelocks nor /d/wakeup_sources exists
