04-18 11:51:45.406   915  2825 E WifiStateMachine:  hasEverConnected: true
04-18 11:51:45.406   915  2825 E WifiStateMachine:  numAssociation 11
04-18 11:51:45.406   915  2825 E WifiStateMachine: update time=04-18 11:51:08.733
04-18 11:51:45.406   915  2825 E WifiStateMachine: creationtime=04-18 10:26:11.648
04-18 11:51:45.406   915  2825 E WifiStateMachine:  validatedInternetAccess
04-18 11:51:45.406   915  2825 E WifiStateMachine:  KeyMgmt: NONE Protocols: WPA RSN
04-18 11:51:45.406   915  2825 E WifiStateMachine:  AuthAlgorithms:
04-18 11:51:45.406   915  2825 E WifiStateMachine:  PairwiseCiphers: TKIP CCMP
04-18 11:51:45.406   915  2825 E WifiStateMachine:  GroupCiphers: TKIP CCMP
04-18 11:51:45.406   915  2825 E WifiStateMachine:  PSK: 
04-18 11:51:45.406   915  2825 E WifiStateMachine:  sim_num *
04-18 11:51:45.406   915  2825 E WifiStateMachine: Enterprise config:
04-18 11:51:45.406   915  2825 E WifiStateMachine: altsubject_match NULL
04-18 11:51:45.406   915  2825 E WifiStateMachine: password <removed>
04-18 11:51:45.406   915  2825 E WifiStateMachine: ca_path NULL
04-18 11:51:45.406   915  2825 E WifiStateMachine: subject_match NULL
04-18 11:51:45.406   915  2825 E WifiStateMachine: engine 0
04-18 11:51:45.406   915  2825 E WifiStateMachine: client_cert NULL
04-18 11:51:45.406   915  2825 E WifiStateMachine: anonymous_identity NULL
04-18 11:51:45.406   915  2825 E WifiStateMachine: ca_cert NULL
04-18 11:51:45.406   915  2825 E WifiStateMachine: identity NULL
04-18 11:51:45.406   915  2825 E WifiStateMachine: domain_suffix_match NULL
04-18 11:51:45.406   915  2825 E WifiStateMachine: key_id NULL
04-18 11:51:45.406   915  2825 E WifiStateMachine: engine_id NULL
04-18 11:51:45.406   915  2825 E WifiStateMachine: IP config:
04-18 11:51:45.406   915  2825 E WifiStateMachine: IP assignment: DHCP
04-18 11:51:45.406   915  2825 E WifiStateMachine: Proxy settings: NONE
04-18 11:51:45.406   915  2825 E WifiStateMachine:  networkSelectionBSSID=58:97:bd:51:d9:de cuid=1000 cname=android.uid.system:1000 luid=1000 lname=android.uid.system:1000 lcuid=-1 userApproved=USER_APPROVED noInternetAccessExpected=false roamingFailureBlackListTimeMilli: 1000
04-18 11:51:45.406   915  2825 E WifiStateMachine: triggeredLow: 0 triggeredBad: 0 triggeredNotHigh: 0
04-18 11:51:45.406   915  2825 E WifiStateMachine: ticksLow: 0 ticksBad: 0 ticksNotHigh: 0
04-18 11:51:45.406   915  2825 E WifiStateMachine: triggeredJoin: 0
04-18 11:51:45.409   915  2825 E SupplicantStateTracker: Ignoring { when=-4ms what=147499 target=com.android.internal.util.StateMachine$SmHandler }
04-18 11:51:45.551  5361  5361 I chatty  : uid=10067(com.sohu.inputmethod.sogou.zui) expire 22 lines
04-18 11:51:45.554   915  2732 I ActivityManager: START u0 {act=android.intent.action.MAIN cat=[android.intent.category.HOME] flg=0x10200000 cmp=com.cyanogenmod.trebuchet/com.android.launcher3.Launcher (has extras)} from uid 1000 on display 0
04-18 11:51:45.679 29199 29219 D DataMigrationApp: Loading QR onCompleted@ /storage/emulated/0/.DataMigration/Data/QR
04-18 11:51:46.444   915  2825 E WifiQualifiedNetworkSelector:: lenovo-internet:58:97:bd:51:d9:de is in blacklist.
04-18 11:51:46.455   915  2825 D WifiStateMachine: CMD_AUTO_CONNECT sup state DisconnectedState my state DisconnectedState nid=0 roam=false
04-18 11:51:46.456   915  2825 D WifiStateMachine: CMD_AUTO_CONNECT will save config -> "lenovo-internet" nid=0
04-18 11:51:46.476   915 29243 D WifiNetworkHistory: saving network history: "lenovo-internet"NONE gw: 00:00:5e:00:01:11 Network Selection-status: NETWORK_SELECTION_ENABLED ephemeral=false choice:null link:0 status:2 nid:0 hasEverConnected: true
04-18 11:51:46.477   915 29243 V WifiNetworkHistory: writeKnownNetworkHistory write config "lenovo-internet"NONE
04-18 11:51:46.480   915  2825 D WifiStateMachine: CMD_AUTO_CONNECT did save config ->  nid=0
04-18 11:51:46.482 26499 26499 I wpa_supplicant: wlan0: CTRL-EVENT-SSID-REENABLED id=0 ssid="lenovo-internet"
04-18 11:51:46.482 26499 26499 E wpa_supplicant: eap_proxy: eap_proxy_notify_config
04-18 11:51:46.482   915 29244 D WifiNetworkHistory: saving network history: "lenovo-internet"NONE gw: 00:00:5e:00:01:11 Network Selection-status: NETWORK_SELECTION_ENABLED ephemeral=false choice:null link:0 status:2 nid:0 hasEverConnected: true
04-18 11:51:46.483   915 29244 V WifiNetworkHistory: writeKnownNetworkHistory write config "lenovo-internet"NONE
04-18 11:51:46.483 26499 26499 I wpa_supplicant: wlan0: Trying to associate with SSID 'lenovo-internet'
04-18 11:51:46.485 26499 26499 E wpa_supplicant: eap_proxy: eap_proxy_notify_config
04-18 11:51:46.485 26499 26499 E wpa_supplicant: eap_proxy: eap_proxy_allowed_method
04-18 11:51:46.486   915  2825 D WifiStateMachine: Supplicant SSID reenable:ID: 0 SSID: "lenovo-internet" PROVIDER-NAME: null BSSID: null FQDN: null PRIO: 2 HIDDEN: false
04-18 11:51:46.486   915  2825 D WifiStateMachine:  NetworkSelectionStatus NETWORK_SELECTION_ENABLED
04-18 11:51:46.486   915  2825 D WifiStateMachine:  hasEverConnected: true
04-18 11:51:46.486   915  2825 D WifiStateMachine:  numAssociation 11
04-18 11:51:46.486   915  2825 D WifiStateMachine: update time=04-18 11:51:46.462
04-18 11:51:46.486   915  2825 D WifiStateMachine: creationtime=04-18 10:26:11.648
04-18 11:51:46.486   915  2825 D WifiStateMachine:  validatedInternetAccess
04-18 11:51:46.486   915  2825 D WifiStateMachine:  KeyMgmt: NONE Protocols: WPA RSN
04-18 11:51:46.486   915  2825 D WifiStateMachine:  AuthAlgorithms:
04-18 11:51:46.486   915  2825 D WifiStateMachine:  PairwiseCiphers: TKIP CCMP
04-18 11:51:46.486   915  2825 D WifiStateMachine:  GroupCiphers: TKIP CCMP
04-18 11:51:46.486   915  2825 D WifiStateMachine:  PSK: 
04-18 11:51:46.486   915  2825 D WifiStateMachine:  sim_num *
04-18 11:51:46.486   915  2825 D WifiStateMachine: Enterprise config:
04-18 11:51:46.486   915  2825 D WifiStateMachine: altsubject_match NULL
04-18 11:51:46.486   915  2825 D WifiStateMachine: password <removed>
04-18 11:51:46.486   915  2825 D WifiStateMachine: ca_path NULL
04-18 11:51:46.486   915  2825 D WifiStateMachine: subject_match NULL
04-18 11:51:46.486   915  2825 D WifiStateMachine: engine 0
04-18 11:51:46.486   915  2825 D WifiStateMachine: client_cert NULL
04-18 11:51:46.486   915  2825 D WifiStateMachine: anonymous_identity NULL
04-18 11:51:46.486   915  2825 D WifiStateMachine: ca_cert NULL
04-18 11:51:46.486   915  2825 D WifiStateMachine: identity NULL
04-18 11:51:46.486   915  2825 D WifiStateMachine: domain_suffix_match NULL
04-18 11:51:46.486   915  2825 D WifiStateMachine: key_id NULL
04-18 11:51:46.486   915  2825 D WifiStateMachine: engine_id NULL
04-18 11:51:46.486   915  2825 D WifiStateMachine: IP config:
04-18 11:51:46.486   915  2825 D WifiStateMachine: IP assignment: DHCP
04-18 11:51:46.486   915  2825 D WifiStateMachine: Proxy settings: NONE
04-18 11:51:46.486   915  2825 D WifiStateMachine:  networkSelectionBSSID=18:8b:9d:c6:17:de cuid=1000 cname=android.uid.system:1000 luid=1000 lname=android.uid.system:1000 lcuid=-1 userApproved=USER_APPROVED noInternetAccessExpected=false roamingFailureBlackListTimeMilli: 1000
04-18 11:51:46.486   915  2825 D WifiStateMachine: triggeredLow: 0 triggeredBad: 0 triggeredNotHigh: 0
04-18 11:51:46.486   915  2825 D WifiStateMachine: ticksLow: 0 ticksBad: 0 ticksNotHigh: 0
04-18 11:51:46.486   915  2825 D WifiStateMachine: triggeredJoin: 0
04-18 11:51:46.698   358   613 I chatty  : uid=1041(audioserver) AudioOut_D expire 10 lines
04-18 11:51:47.593 26499 26499 I wpa_supplicant: wlan0: CTRL-EVENT-ASSOC-REJECT bssid=18:8b:9d:c6:17:de status_code=1
04-18 11:51:47.593 26499 26499 I wpa_supplicant: wlan0: CTRL-EVENT-SSID-TEMP-DISABLED id=0 ssid="lenovo-internet" auth_failures=1 duration=10 reason=CONN_FAILED
04-18 11:51:47.593 26499 26499 E wpa_supplicant: eap_proxy: eap_proxy_notify_config
04-18 11:51:47.595   915  2825 E WifiHAL : wifi_get_ring_data: Error -95 happened. 
04-18 11:51:47.596   915  2825 E WifiHAL : wifi_get_ring_data: Error -95 happened. 
04-18 11:51:47.596   915  2825 E WifiHAL : wifi_get_ring_data: Error -95 happened. 
04-18 11:51:47.596   915  2825 E WifiHAL : wifi_get_ring_data: Error -95 happened. 
04-18 11:51:47.596   915  2825 E WifiHAL : wifi_get_ring_data: Error -95 happened. 
04-18 11:51:47.715   915  2825 I WifiConnectivityManager: trackBssid: disable 18:8b:9d:c6:17:de
04-18 11:51:47.716   915  2825 E WifiStateMachine: Supplicant SSID temporary disabled:ID: 0 SSID: "lenovo-internet" PROVIDER-NAME: null BSSID: null FQDN: null PRIO: 2 HIDDEN: false
04-18 11:51:47.716   915  2825 E WifiStateMachine:  NetworkSelectionStatus NETWORK_SELECTION_ENABLED
04-18 11:51:47.716   915  2825 E WifiStateMachine:  hasEverConnected: true
04-18 11:51:47.716   915  2825 E WifiStateMachine:  numAssociation 11
04-18 11:51:47.716   915  2825 E WifiStateMachine: update time=04-18 11:51:46.462
04-18 11:51:47.716   915  2825 E WifiStateMachine: creationtime=04-18 10:26:11.648
04-18 11:51:47.716   915  2825 E WifiStateMachine:  validatedInternetAccess
04-18 11:51:47.716   915  2825 E WifiStateMachine:  KeyMgmt: NONE Protocols: WPA RSN
04-18 11:51:47.716   915  2825 E WifiStateMachine:  AuthAlgorithms:
04-18 11:51:47.716   915  2825 E WifiStateMachine:  PairwiseCiphers: TKIP CCMP
04-18 11:51:47.716   915  2825 E WifiStateMachine:  GroupCiphers: TKIP CCMP
04-18 11:51:47.716   915  2825 E WifiStateMachine:  PSK: 
04-18 11:51:47.716   915  2825 E WifiStateMachine:  sim_num *
04-18 11:51:47.716   915  2825 E WifiStateMachine: Enterprise config:
04-18 11:51:47.716   915  2825 E WifiStateMachine: altsubject_match NULL
04-18 11:51:47.716   915  2825 E WifiStateMachine: password <removed>
04-18 11:51:47.716   915  2825 E WifiStateMachine: ca_path NULL
04-18 11:51:47.716   915  2825 E WifiStateMachine: subject_match NULL
04-18 11:51:47.716   915  2825 E WifiStateMachine: engine 0
04-18 11:51:47.716   915  2825 E WifiStateMachine: client_cert NULL
04-18 11:51:47.716   915  2825 E WifiStateMachine: anonymous_identity NULL
04-18 11:51:47.716   915  2825 E WifiStateMachine: ca_cert NULL
04-18 11:51:47.716   915  2825 E WifiStateMachine: identity NULL
04-18 11:51:47.716   915  2825 E WifiStateMachine: domain_suffix_match NULL
04-18 11:51:47.716   915  2825 E WifiStateMachine: key_id NULL
04-18 11:51:47.716   915  2825 E WifiStateMachine: engine_id NULL
04-18 11:51:47.716   915  2825 E WifiStateMachine: IP config:
04-18 11:51:47.716   915  2825 E WifiStateMachine: IP assignment: DHCP
04-18 11:51:47.716   915  2825 E WifiStateMachine: Proxy settings: NONE
04-18 11:51:47.716   915  2825 E WifiStateMachine:  networkSelectionBSSID=18:8b:9d:c6:17:de cuid=1000 cname=android.uid.system:1000 luid=1000 lname=android.uid.system:1000 lcuid=-1 userApproved=USER_APPROVED noInternetAccessExpected=false roamingFailureBlackListTimeMilli: 1000
04-18 11:51:47.716   915  2825 E WifiStateMachine: triggeredLow: 0 triggeredBad: 0 triggeredNotHigh: 0
04-18 11:51:47.716   915  2825 E WifiStateMachine: ticksLow: 0 ticksBad: 0 ticksNotHigh: 0
04-18 11:51:47.716   915  2825 E WifiStateMachine: triggeredJoin: 0
04-18 11:51:47.721   915  2825 E SupplicantStateTracker: Ignoring { when=-6ms what=147499 target=com.android.internal.util.StateMachine$SmHandler }
04-18 11:51:52.995 13734 27676 I chatty  : uid=10065(com.coolapk.market) RxIoScheduler-9 expire 20 lines
04-18 11:51:58.247   915  2827 W AlarmManager: Unrecognized alarm listener com.android.server.wifi.scanner.SupplicantWifiScannerImpl$3@d747627
04-18 11:51:58.249   915  2825 E WifiStateMachine: Error! unhandled message{ when=-1ms what=0 target=com.android.internal.util.StateMachine$SmHandler }
04-18 11:51:58.255 26499 26499 I wpa_supplicant: wlan0: CTRL-EVENT-SSID-REENABLED id=0 ssid="lenovo-internet"
04-18 11:51:58.263   915  2825 D WifiStateMachine: Supplicant SSID reenable:ID: 0 SSID: "lenovo-internet" PROVIDER-NAME: null BSSID: null FQDN: null PRIO: 2 HIDDEN: false
04-18 11:51:58.263   915  2825 D WifiStateMachine:  NetworkSelectionStatus NETWORK_SELECTION_ENABLED
04-18 11:51:58.263   915  2825 D WifiStateMachine:  hasEverConnected: true
04-18 11:51:58.263   915  2825 D WifiStateMachine:  numAssociation 11
04-18 11:51:58.263   915  2825 D WifiStateMachine: update time=04-18 11:51:46.462
04-18 11:51:58.263   915  2825 D WifiStateMachine: creationtime=04-18 10:26:11.648
04-18 11:51:58.263   915  2825 D WifiStateMachine:  validatedInternetAccess
04-18 11:51:58.263   915  2825 D WifiStateMachine:  KeyMgmt: NONE Protocols: WPA RSN
04-18 11:51:58.263   915  2825 D WifiStateMachine:  AuthAlgorithms:
04-18 11:51:58.263   915  2825 D WifiStateMachine:  PairwiseCiphers: TKIP CCMP
04-18 11:51:58.263   915  2825 D WifiStateMachine:  GroupCiphers: TKIP CCMP
04-18 11:51:58.263   915  2825 D WifiStateMachine:  PSK: 
04-18 11:51:58.263   915  2825 D WifiStateMachine:  sim_num *
04-18 11:51:58.263   915  2825 D WifiStateMachine: Enterprise config:
04-18 11:51:58.263   915  2825 D WifiStateMachine: altsubject_match NULL
04-18 11:51:58.263   915  2825 D WifiStateMachine: password <removed>
04-18 11:51:58.263   915  2825 D WifiStateMachine: ca_path NULL
04-18 11:51:58.263   915  2825 D WifiStateMachine: subject_match NULL
04-18 11:51:58.263   915  2825 D WifiStateMachine: engine 0
04-18 11:51:58.263   915  2825 D WifiStateMachine: client_cert NULL
04-18 11:51:58.263   915  2825 D WifiStateMachine: anonymous_identity NULL
04-18 11:51:58.263   915  2825 D WifiStateMachine: ca_cert NULL
04-18 11:51:58.263   915  2825 D WifiStateMachine: identity NULL
04-18 11:51:58.263   915  2825 D WifiStateMachine: domain_suffix_match NULL
04-18 11:51:58.263   915  2825 D WifiStateMachine: key_id NULL
04-18 11:51:58.263   915  2825 D WifiStateMachine: engine_id NULL
04-18 11:51:58.263   915  2825 D WifiStateMachine: IP config:
04-18 11:51:58.263   915  2825 D WifiStateMachine: IP assignment: DHCP
04-18 11:51:58.263   915  2825 D WifiStateMachine: Proxy settings: NONE
04-18 11:51:58.263   915  2825 D WifiStateMachine:  networkSelectionBSSID=18:8b:9d:c6:17:de cuid=1000 cname=android.uid.system:1000 luid=1000 lname=android.uid.system:1000 lcuid=-1 userApproved=USER_APPROVED noInternetAccessExpected=false roamingFailureBlackListTimeMilli: 1000
04-18 11:51:58.263   915  2825 D WifiStateMachine: triggeredLow: 0 triggeredBad: 0 triggeredNotHigh: 0
04-18 11:51:58.263   915  2825 D WifiStateMachine: ticksLow: 0 ticksBad: 0 ticksNotHigh: 0
04-18 11:51:58.263   915  2825 D WifiStateMachine: triggeredJoin: 0
04-18 11:51:58.275 26499 26499 I wpa_supplicant: wlan0: Trying to associate with SSID 'lenovo-internet'
04-18 11:51:58.287 26499 26499 E wpa_supplicant: eap_proxy: eap_proxy_notify_config
04-18 11:51:58.287 26499 26499 E wpa_supplicant: eap_proxy: eap_proxy_allowed_method
04-18 11:51:59.395 26499 26499 I wpa_supplicant: wlan0: CTRL-EVENT-ASSOC-REJECT bssid=18:8b:9d:c6:17:de status_code=1
04-18 11:51:59.396 26499 26499 I wpa_supplicant: wlan0: CTRL-EVENT-SSID-TEMP-DISABLED id=0 ssid="lenovo-internet" auth_failures=2 duration=20 reason=CONN_FAILED
04-18 11:51:59.403   915  2825 E WifiHAL : wifi_get_ring_data: Error -95 happened. 
04-18 11:51:59.403   915  2825 E WifiHAL : wifi_get_ring_data: Error -95 happened. 
04-18 11:51:59.404   915  2825 E WifiHAL : wifi_get_ring_data: Error -95 happened. 
04-18 11:51:59.405   915  2825 E WifiHAL : wifi_get_ring_data: Error -95 happened. 
04-18 11:51:59.407   915  2825 E WifiHAL : wifi_get_ring_data: Error -95 happened. 
04-18 11:51:59.414 26499 26499 E wpa_supplicant: eap_proxy: eap_proxy_notify_config
04-18 11:51:59.541   915  2825 I WifiConnectivityManager: trackBssid: disable 18:8b:9d:c6:17:de
04-18 11:51:59.545   915  2825 E WifiStateMachine: Supplicant SSID temporary disabled:- DSBLE ID: 0 SSID: "lenovo-internet" PROVIDER-NAME: null BSSID: null FQDN: null PRIO: 2 HIDDEN: false
04-18 11:51:59.545   915  2825 E WifiStateMachine:  NetworkSelectionStatus NETWORK_SELECTION_TEMPORARY_DISABLED
04-18 11:51:59.545   915  2825 E WifiStateMachine:  mNetworkSelectionDisableReason NETWORK_SELECTION_DISABLED_ASSOCIATION_REJECTION 
04-18 11:51:59.545   915  2825 E WifiStateMachine: NETWORK_SELECTION_DISABLED_ASSOCIATION_REJECTION  counter:5
04-18 11:51:59.545   915  2825 E WifiStateMachine: NETWORK_SELECTION_DISABLED_AUTHENTICATION_FAILURE counter:4
04-18 11:51:59.545   915  2825 E WifiStateMachine:  hasEverConnected: true
04-18 11:51:59.545   915  2825 E WifiStateMachine:  numAssociation 11
04-18 11:51:59.545   915  2825 E WifiStateMachine: update time=04-18 11:51:46.462
04-18 11:51:59.545   915  2825 E WifiStateMachine: creationtime=04-18 10:26:11.648
04-18 11:51:59.545   915  2825 E WifiStateMachine:  validatedInternetAccess
04-18 11:51:59.545   915  2825 E WifiStateMachine:  KeyMgmt: NONE Protocols: WPA RSN
04-18 11:51:59.545   915  2825 E WifiStateMachine:  AuthAlgorithms:
04-18 11:51:59.545   915  2825 E WifiStateMachine:  PairwiseCiphers: TKIP CCMP
04-18 11:51:59.545   915  2825 E WifiStateMachine:  GroupCiphers: TKIP CCMP
04-18 11:51:59.545   915  2825 E WifiStateMachine:  PSK: 
04-18 11:51:59.545   915  2825 E WifiStateMachine:  sim_num *
04-18 11:51:59.545   915  2825 E WifiStateMachine: Enterprise config:
04-18 11:51:59.545   915  2825 E WifiStateMachine: altsubject_match NULL
04-18 11:51:59.545   915  2825 E WifiStateMachine: password <removed>
04-18 11:51:59.545   915  2825 E WifiStateMachine: ca_path NULL
04-18 11:51:59.545   915  2825 E WifiStateMachine: subject_match NULL
04-18 11:51:59.545   915  2825 E WifiStateMachine: engine 0
04-18 11:51:59.545   915  2825 E WifiStateMachine: client_cert NULL
04-18 11:51:59.545   915  2825 E WifiStateMachine: anonymous_identity NULL
04-18 11:51:59.545   915  2825 E WifiStateMachine: ca_cert NULL
04-18 11:51:59.545   915  2825 E WifiStateMachine: identity NULL
04-18 11:51:59.545   915  2825 E WifiStateMachine: domain_suffix_match NULL
04-18 11:51:59.545   915  2825 E WifiStateMachine: key_id NULL
04-18 11:51:59.545   915  2825 E WifiStateMachine: engine_id NULL
04-18 11:51:59.545   915  2825 E WifiStateMachine: IP config:
04-18 11:51:59.545   915  2825 E WifiStateMachine: IP assignment: DHCP
04-18 11:51:59.545   915  2825 E WifiStateMachine: Proxy settings: NONE
04-18 11:51:59.545   915  2825 E WifiStateMachine:  networkSelectionBSSID=18:8b:9d:c6:17:de
04-18 11:51:59.545   915  2825 E WifiStateMachine:  blackListed: 1492483507sec  cuid=1000 cname=android.uid.system:1000 luid=1000 lname=android.uid.system:1000 lcuid=-1 userApproved=USER_APPROVED noInternetAccessExpected=false roamingFailureBlackListTimeMilli: 1000
04-18 11:51:59.545   915  2825 E WifiStateMachine: triggeredLow: 0 triggeredBad: 0 triggeredNotHigh: 0
04-18 11:51:59.545   915  2825 E WifiStateMachine: ticksLow: 0 ticksBad: 0 ticksNotHigh: 0
04-18 11:51:59.545   915  2825 E WifiStateMachine: triggeredJoin: 0
04-18 11:51:59.550   915  2825 E SupplicantStateTracker: Ignoring { when=-5ms what=147499 target=com.android.internal.util.StateMachine$SmHandler }
04-18 11:52:03.149   367  1305 E NetlinkEvent: NetlinkEvent::FindParam(): Parameter 'TIME_NS' not found
04-18 11:52:03.149   367  1305 E NetlinkEvent: NetlinkEvent::FindParam(): Parameter 'UID' not found
04-18 11:52:06.906   915 26498 I WifiHAL : event received NL80211_CMD_VENDOR, vendor_id = 0x1374, subcmd = 0xa
04-18 11:52:06.909 26499 26499 I wpa_supplicant: p2p0: CTRL-EVENT-AVOID-FREQ ranges=
04-18 11:52:07.836   915  2825 E WifiQualifiedNetworkSelector:: lenovo-internet:58:97:bd:51:d9:de is in blacklist.
04-18 11:52:09.419   367  1305 E NetlinkEvent: NetlinkEvent::FindParam(): Parameter 'TIME_NS' not found
04-18 11:52:09.419   367  1305 E NetlinkEvent: NetlinkEvent::FindParam(): Parameter 'UID' not found
04-18 11:52:16.357   333   333 I rmt_storage: rmt_storage_connect_cb: clnt_h=0x12 conn_h=0xb6b1a108
04-18 11:52:16.357   333   333 I rmt_storage: rmt_storage_rw_iovec_cb: /boot/modem_fs2: clnt_h=0x2: req_h=0x16 msg_id=3: R/W request received
04-18 11:52:16.358   333   333 I rmt_storage: wakelock acquired: 1, error no: 42
04-18 11:52:16.359   333   625 I rmt_storage: rmt_storage_client_thread: /boot/modem_fs2: clnt_h=0x2 Unblock worker thread (th_id: -1231288032)
04-18 11:52:16.425   333   625 I rmt_storage: rmt_storage_client_thread: /boot/modem_fs2: clnt_h=0x2: req_h=0x16 msg_id=3: Bytes written = 1572864
04-18 11:52:16.425   333   625 I rmt_storage: rmt_storage_client_thread: /boot/modem_fs2: clnt_h=0x2: req_h=0x16 msg_id=3: Send response: res=0 err=0
04-18 11:52:16.425   333   625 I rmt_storage: rmt_storage_client_thread: /boot/modem_fs2: clnt_h=0x2 About to block rmt_storage client thread (th_id: -1231288032) wakelock released: 1, error no: 0
04-18 11:52:16.425   333   625 I rmt_storage: 
04-18 11:52:16.426   333   333 I rmt_storage: rmt_storage_disconnect_cb: clnt_h=0x0x12 conn_h=0x0xb6b1a108
04-18 11:52:19.429   367  1305 E NetlinkEvent: NetlinkEvent::FindParam(): Parameter 'TIME_NS' not found
04-18 11:52:19.429   367  1305 E NetlinkEvent: NetlinkEvent::FindParam(): Parameter 'UID' not found
04-18 11:52:20.838   367  1305 E NetlinkEvent: NetlinkEvent::FindParam(): Parameter 'TIME_NS' not found
04-18 11:52:20.839   367  1305 E NetlinkEvent: NetlinkEvent::FindParam(): Parameter 'UID' not found
04-18 11:52:20.915 13734 29289 I chatty  : uid=10065(com.coolapk.market) expire 2 lines
04-18 11:52:20.994  2916 29305 E MediaPlayer-JNI: JNIMediaPlayerFactory: bIsQCMediaPlayerPresent 0
04-18 11:52:20.994  2916 29305 E MediaPlayer-JNI: JNIMediaPlayerFactory: bIsQCMediaPlayerPresent 0
04-18 11:52:21.012   366 29306 D NuPlayerDriver: notifyListener_l(0xb5daad20), (1, 0, 0), loop setting(0, 0)
04-18 11:52:21.013  2916 29305 D MediaPlayer: setSubtitleAnchor in MediaPlayer
04-18 11:52:21.015   915  4743 I MediaFocusControl:  AudioFocus  requestAudioFocus() from uid/pid 10033/2916 clientId=android.media.AudioManager@69ba7d9 req=3 flags=0x0
04-18 11:52:21.015   366   527 D NuPlayerDriver: start(0xb5daad20), state is 4, eos is 0
04-18 11:52:21.015   366 29306 I GenericSource: start
04-18 11:52:21.019   366 29306 W Utils   : track of type 'audio/vorbis' does not publish channel mask, channel count 2
04-18 11:52:21.020   366 29306 W Utils   : track of type 'audio/vorbis' does not publish channel mask, channel count 2
04-18 11:52:21.021   366 29312 I MediaPlayerService: MediaPlayerService::getOMX
04-18 11:52:21.022   366 29312 I OMXClient: MuxOMX ctor
04-18 11:52:21.022   363 20482 I OMXMaster: makeComponentInstance(OMX.google.vorbis.decoder) in mediacodec process
04-18 11:52:21.024   363  3000 E OMXNodeInstance: setConfig(16b004e:google.vorbis.decoder, ConfigPriority(0x6f800002)) ERROR: Undefined(0x80001001)
04-18 11:52:21.024   366 29312 I ACodec  : codec does not support config priority (err -2147483648)
04-18 11:52:21.025   366 29312 I MediaCodec: MediaCodec will operate in async mode
04-18 11:52:21.037   366 29310 D AudioTrack: Client defaulted notificationFrames to 7350 for frameCount 22050
04-18 11:52:21.039   358   613 I chatty  : uid=1041(audioserver) AudioOut_D expire 4 lines
04-18 11:52:21.039   358   613 D ACDB-LOADER: ACDB -> send_audio_cal, acdb_id = 14, path =  0
04-18 11:52:21.039   358   613 D ACDB-LOADER: ACDB -> send_adm_topology
04-18 11:52:21.039   358   613 D ACDB-LOADER: ACDB -> ACDB_CMD_GET_AUDPROC_COMMON_TOPOLOGY_ID
04-18 11:52:21.039   358   613 D ACDB-LOADER: ACDB -> send_asm_topology
04-18 11:52:21.039   358   613 D ACDB-LOADER: ACDB -> ACDB_CMD_GET_AUDPROC_STREAM_TOPOLOGY_ID
04-18 11:52:21.039   358   613 D ACDB-LOADER: ACDB -> send_audtable
04-18 11:52:21.039   358   613 D ACDB-LOADER: ACDB -> ACDB_CMD_GET_AUDPROC_COMMON_TABLE
04-18 11:52:21.039   366 29306 D NuPlayerDriver: notifyListener_l(0xb5daad20), (6, 0, 0), loop setting(0, 0)
04-18 11:52:21.039   358   613 D ACDB-LOADER: ACDB -> AUDIO_SET_AUDPROC_CAL
04-18 11:52:21.039   358   613 D ACDB-LOADER: ACDB -> send_audvoltable
04-18 11:52:21.039   358   613 D ACDB-LOADER: ACDB -> ACDB_CMD_GET_AUDPROC_GAIN_DEP_STEP_TABLE
04-18 11:52:21.039   358   613 D         : Failed to fetch the lookup information of the device 0000000E 
04-18 11:52:21.039   358   613 E ACDB-LOADER: Error: ACDB AudProc vol returned = -19
04-18 11:52:21.039   358   613 D ACDB-LOADER: ACDB -> AUDIO_SET_AUDPROC_VOL_CAL
04-18 11:52:21.039   358   613 D ACDB-LOADER: ACDB -> send_afe_cal
04-18 11:52:21.039   358   613 D ACDB-LOADER: ACDB -> ACDB_CMD_GET_AFE_COMMON_TABLE
04-18 11:52:21.039   358   613 D ACDB-LOADER: ACDB -> AUDIO_SET_AFE_CAL
04-18 11:52:21.039   358   613 D TFA9890 : [audio_smartpa_enable: 148]audio_smartpa_enable = 1
04-18 11:52:21.039   358   613 D TFA9890 : [audio_smartpa_enable_clk: 174]To ENABLE_MI2S_CLK
04-18 11:52:21.047   358   613 D TFA9890 : [tfa9890_SpeakerOn: 1019]+
04-18 11:52:21.047   358   613 I TFA9890 : tfa9890_SpeakerOn sRate = 48000
04-18 11:52:21.050   358   613 D TFA9890 : [tfa9890_SpeakerOn: 1098]tfa9890_SpeakerOn : 1098 : err = 0x00000000 tries = 1
04-18 11:52:21.051   358   613 D TFA9890 : [tfa9890_SpeakerOn: 1103]tfa9890_SpeakerOn: 1103:err = 0x00000000 status val:0xc25f mtp val:0x0003
04-18 11:52:21.053   358   613 D TFA9890 : [tfa9890_SpeakerOn: 1124]-
04-18 11:52:21.053   358   613 I TFA9890 : tfa9890_EQset mode: 0 -> 0+
04-18 11:52:21.053   358   613 I TFA9890 : [tfa9890_EQset] the same mode return.
04-18 11:52:21.053   358   613 I TFA9890 : tfa9890_EQset -
04-18 11:52:21.054   358   613 D audio_hw_primary: select_devices: done
04-18 11:52:21.075   915  1837 I ActivityManager: Setting hasTopUi=true for pid=2916
04-18 11:52:21.076  2916  2916 D PhoneStatusBar: disable: < expand ICONS* alerts SYSTEM_INFO* back home recent clock search quick_settings >
04-18 11:52:21.077   915  4740 I ActivityManager: Setting hasTopUi=false for pid=2916
04-18 11:52:21.114   915  3610 I ActivityManager: Setting hasTopUi=true for pid=2916
04-18 11:52:21.864   366 29311 I NuPlayerDecoder: [audio] saw output EOS
04-18 11:52:22.358   366 29306 D NuPlayerDriver: notifyListener_l(0xb5daad20), (2, 0, 0), loop setting(0, 0)
04-18 11:52:22.361   915  1836 I MediaFocusControl:  AudioFocus  abandonAudioFocus() from uid/pid 10033/2916 clientId=android.media.AudioManager@69ba7d9
04-18 11:52:25.303   358   613 D audio_hw_primary: out_standby: enter: stream (0xb6270500) usecase(1: low-latency-playback)
04-18 11:52:25.338   358   613 D hardware_info: hw_info_append_hw_type : device_name = speaker
04-18 11:52:25.338   358   613 D TFA9890 : [audio_smartpa_enable: 148]audio_smartpa_enable = 0
04-18 11:52:25.338   358   613 D TFA9890 : [tfa9890_SpeakerOff: 1129]+
04-18 11:52:25.374   358   613 D TFA9890 : muteAmplifier: 242:err = 0x00000000 status = 0xc05f tries = 15
04-18 11:52:25.375   358   613 D TFA9890 : [tfa9890_SpeakerOff: 1152]-
04-18 11:52:25.375   358   613 D TFA9890 : [audio_smartpa_enable_clk: 181]To DISABLE_MI2S_CLK
04-18 11:52:27.099   915  4736 I ActivityManager: Setting hasTopUi=false for pid=2916
04-18 11:52:27.100  2916  2916 D PhoneStatusBar: disable: < expand icons* alerts system_info* back home recent clock search quick_settings >
04-18 11:52:30.969   367  1305 E NetlinkEvent: NetlinkEvent::FindParam(): Parameter 'TIME_NS' not found
04-18 11:52:30.969   367  1305 E NetlinkEvent: NetlinkEvent::FindParam(): Parameter 'UID' not found
04-18 11:52:33.287 13774 13774 I chatty  : uid=10065(com.coolapk.market) BUGLY_THREAD expire 2 lines
04-18 11:52:33.320   367  1305 E NetlinkEvent: NetlinkEvent::FindParam(): Parameter 'TIME_NS' not found
04-18 11:52:33.320   367  1305 E NetlinkEvent: NetlinkEvent::FindParam(): Parameter 'UID' not found
04-18 11:52:41.317 12938 12954 I chatty  : uid=10065(com.coolapk.market) Connection Cont expire 6 lines
04-18 11:52:41.389 13734 29337 I chatty  : uid=10065(com.coolapk.market) expire 2 lines
04-18 11:52:41.462  2916 29339 E MediaPlayer-JNI: JNIMediaPlayerFactory: bIsQCMediaPlayerPresent 0
04-18 11:52:41.462  2916 29339 E MediaPlayer-JNI: JNIMediaPlayerFactory: bIsQCMediaPlayerPresent 0
04-18 11:52:41.472   915  2993 I ActivityManager: Setting hasTopUi=true for pid=2916
04-18 11:52:41.474  2916  2916 D PhoneStatusBar: disable: < expand ICONS* alerts SYSTEM_INFO* back home recent clock search quick_settings >
04-18 11:52:41.477   915 24023 I ActivityManager: Setting hasTopUi=false for pid=2916
04-18 11:52:41.481   366 29340 D NuPlayerDriver: notifyListener_l(0xb5daac60), (1, 0, 0), loop setting(0, 0)
04-18 11:52:41.481  2916 29339 D MediaPlayer: setSubtitleAnchor in MediaPlayer
04-18 11:52:41.485   915  4735 I MediaFocusControl:  AudioFocus  requestAudioFocus() from uid/pid 10033/2916 clientId=android.media.AudioManager@9f0c61f req=3 flags=0x0
04-18 11:52:41.486   366  3066 D NuPlayerDriver: start(0xb5daac60), state is 4, eos is 0
04-18 11:52:41.486   366  2990 D NuPlayerDriver: reset(0xb5daad20) at state 6
04-18 11:52:41.486   366  2990 D NuPlayerDriver: notifyListener_l(0xb5daad20), (8, 0, 0), loop setting(0, 0)
04-18 11:52:41.488   366 29340 I GenericSource: start
04-18 11:52:41.491   366 29340 W Utils   : track of type 'audio/vorbis' does not publish channel mask, channel count 2
04-18 11:52:41.496   366 29311 W AMessage: failed to post message as target looper for handler 0 is gone.
04-18 11:52:41.496   366 29306 D NuPlayerDriver: notifyResetComplete(0xb5daad20)
04-18 11:52:41.500   366 29340 W Utils   : track of type 'audio/vorbis' does not publish channel mask, channel count 2
04-18 11:52:41.501   366 29345 I MediaPlayerService: MediaPlayerService::getOMX
04-18 11:52:41.501   366 29345 I OMXClient: MuxOMX ctor
04-18 11:52:41.501   363  3001 I OMXMaster: makeComponentInstance(OMX.google.vorbis.decoder) in mediacodec process
04-18 11:52:41.503   363   486 E OMXNodeInstance: setConfig(16b004f:google.vorbis.decoder, ConfigPriority(0x6f800002)) ERROR: Undefined(0x80001001)
04-18 11:52:41.503   366 29345 I ACodec  : codec does not support config priority (err -2147483648)
04-18 11:52:41.504   366 29345 I MediaCodec: MediaCodec will operate in async mode
04-18 11:52:41.529   366 29343 D AudioTrack: Client defaulted notificationFrames to 7350 for frameCount 22050
04-18 11:52:41.529   358   613 D audio_hw_primary: out_set_parameters: enter: usecase(1: low-latency-playback) kvpairs: routing=2
04-18 11:52:41.530   358   613 D audio_hw_primary: start_output_stream: enter: stream(0xb6270500)usecase(1: low-latency-playback) devices(0x2)
04-18 11:52:41.530   358   613 D audio_hw_primary: start_output_stream: enter: usecase(1: low-latency-playback) devices(0x2)
04-18 11:52:41.530   358   613 D audio_hw_primary: select_devices: out_snd_device(2: speaker) in_snd_device(0: )
04-18 11:52:41.530   358   613 W msm8974_platform: Codec backend bitwidth 16, samplerate 48000
04-18 11:52:41.530   358   613 D hardware_info: hw_info_append_hw_type : device_name = speaker
04-18 11:52:41.530   358   613 I msm8974_platform: platform_send_audio_calibration: sending audio calibration for snd_device(2) acdb_id(14)
04-18 11:52:41.530   358   613 D ACDB-LOADER: ACDB -> send_audio_cal, acdb_id = 14, path =  0
04-18 11:52:41.530   358   613 D ACDB-LOADER: ACDB -> send_adm_topology
04-18 11:52:41.530   358   613 D ACDB-LOADER: ACDB -> ACDB_CMD_GET_AUDPROC_COMMON_TOPOLOGY_ID
04-18 11:52:41.530   358   613 D ACDB-LOADER: ACDB -> send_asm_topology
04-18 11:52:41.530   358   613 D ACDB-LOADER: ACDB -> ACDB_CMD_GET_AUDPROC_STREAM_TOPOLOGY_ID
04-18 11:52:41.530   358   613 D ACDB-LOADER: ACDB -> send_audtable
04-18 11:52:41.530   358   613 D ACDB-LOADER: ACDB -> ACDB_CMD_GET_AUDPROC_COMMON_TABLE
04-18 11:52:41.530   358   613 D ACDB-LOADER: ACDB -> AUDIO_SET_AUDPROC_CAL
04-18 11:52:41.530   358   613 D ACDB-LOADER: ACDB -> send_audvoltable
04-18 11:52:41.530   358   613 D ACDB-LOADER: ACDB -> ACDB_CMD_GET_AUDPROC_GAIN_DEP_STEP_TABLE
04-18 11:52:41.530   358   613 D         : Failed to fetch the lookup information of the device 0000000E 
04-18 11:52:41.530   358   613 E ACDB-LOADER: Error: ACDB AudProc vol returned = -19
04-18 11:52:41.530   358   613 D ACDB-LOADER: ACDB -> AUDIO_SET_AUDPROC_VOL_CAL
04-18 11:52:41.531   358   613 D ACDB-LOADER: ACDB -> send_afe_cal
04-18 11:52:41.531   358   613 D ACDB-LOADER: ACDB -> ACDB_CMD_GET_AFE_COMMON_TABLE
04-18 11:52:41.531   358   613 D ACDB-LOADER: ACDB -> AUDIO_SET_AFE_CAL
04-18 11:52:41.531   358   613 D TFA9890 : [audio_smartpa_enable: 148]audio_smartpa_enable = 1
04-18 11:52:41.531   358   613 D TFA9890 : [audio_smartpa_enable_clk: 174]To ENABLE_MI2S_CLK
04-18 11:52:41.532   366 29340 D NuPlayerDriver: notifyListener_l(0xb5daac60), (6, 0, 0), loop setting(0, 0)
04-18 11:52:41.535   915 19821 I ActivityManager: Setting hasTopUi=true for pid=2916
04-18 11:52:41.538   358   613 D TFA9890 : [tfa9890_SpeakerOn: 1019]+
04-18 11:52:41.539   358   613 I TFA9890 : tfa9890_SpeakerOn sRate = 48000
04-18 11:52:41.542   358   613 D TFA9890 : [tfa9890_SpeakerOn: 1098]tfa9890_SpeakerOn : 1098 : err = 0x00000000 tries = 1
04-18 11:52:41.543   358   613 D TFA9890 : [tfa9890_SpeakerOn: 1103]tfa9890_SpeakerOn: 1103:err = 0x00000000 status val:0xc25f mtp val:0x0003
04-18 11:52:41.545   358   613 D TFA9890 : [tfa9890_SpeakerOn: 1124]-
04-18 11:52:41.546   358   613 I TFA9890 : tfa9890_EQset mode: 0 -> 0+
04-18 11:52:41.546   358   613 I TFA9890 : [tfa9890_EQset] the same mode return.
04-18 11:52:41.546   358   613 I TFA9890 : tfa9890_EQset -
04-18 11:52:41.546   358   613 D audio_hw_primary: select_devices: done
04-18 11:52:42.377   366 29344 I NuPlayerDecoder: [audio] saw output EOS
04-18 11:52:42.848   366 29340 D NuPlayerDriver: notifyListener_l(0xb5daac60), (2, 0, 0), loop setting(0, 0)
04-18 11:52:42.850   915 24023 I MediaFocusControl:  AudioFocus  abandonAudioFocus() from uid/pid 10033/2916 clientId=android.media.AudioManager@9f0c61f
04-18 11:52:43.523 13734 29334 I chatty  : uid=10065(com.coolapk.market) expire 25 lines
04-18 11:52:45.789   358   613 D audio_hw_primary: out_standby: enter: stream (0xb6270500) usecase(1: low-latency-playback)
04-18 11:52:45.823   358   613 D hardware_info: hw_info_append_hw_type : device_name = speaker
04-18 11:52:45.824   358   613 D TFA9890 : [audio_smartpa_enable: 148]audio_smartpa_enable = 0
04-18 11:52:45.824   358   613 D TFA9890 : [tfa9890_SpeakerOff: 1129]+
04-18 11:52:45.860   358   613 D TFA9890 : muteAmplifier: 242:err = 0x00000000 status = 0xc05f tries = 16
04-18 11:52:45.862   358   613 D TFA9890 : [tfa9890_SpeakerOff: 1152]-
04-18 11:52:45.862   358   613 D TFA9890 : [audio_smartpa_enable_clk: 181]To DISABLE_MI2S_CLK
04-18 11:52:45.982   358   613 D audio_hw_primary: out_set_parameters: enter: usecase(1: low-latency-playback) kvpairs: routing=2
04-18 11:52:45.982   358   613 D audio_hw_primary: start_output_stream: enter: stream(0xb6270500)usecase(1: low-latency-playback) devices(0x2)
04-18 11:52:45.982   358   613 D audio_hw_primary: start_output_stream: enter: usecase(1: low-latency-playback) devices(0x2)
04-18 11:52:45.982   358   613 D audio_hw_primary: select_devices: out_snd_device(2: speaker) in_snd_device(0: )
04-18 11:52:45.982   358   613 W msm8974_platform: Codec backend bitwidth 16, samplerate 48000
04-18 11:52:45.982   358   613 D hardware_info: hw_info_append_hw_type : device_name = speaker
04-18 11:52:45.982   358   613 I msm8974_platform: platform_send_audio_calibration: sending audio calibration for snd_device(2) acdb_id(14)
04-18 11:52:45.982   358   613 D ACDB-LOADER: ACDB -> send_audio_cal, acdb_id = 14, path =  0
04-18 11:52:45.983   358   613 D ACDB-LOADER: ACDB -> send_adm_topology
04-18 11:52:45.983   358   613 D ACDB-LOADER: ACDB -> ACDB_CMD_GET_AUDPROC_COMMON_TOPOLOGY_ID
04-18 11:52:45.983   358   613 D ACDB-LOADER: ACDB -> send_asm_topology
04-18 11:52:45.983   358   613 D ACDB-LOADER: ACDB -> ACDB_CMD_GET_AUDPROC_STREAM_TOPOLOGY_ID
04-18 11:52:45.983   358   613 D ACDB-LOADER: ACDB -> send_audtable
04-18 11:52:45.983   358   613 D ACDB-LOADER: ACDB -> ACDB_CMD_GET_AUDPROC_COMMON_TABLE
04-18 11:52:45.983   358   613 D ACDB-LOADER: ACDB -> AUDIO_SET_AUDPROC_CAL
04-18 11:52:45.983   358   613 D ACDB-LOADER: ACDB -> send_audvoltable
04-18 11:52:45.983   358   613 D ACDB-LOADER: ACDB -> ACDB_CMD_GET_AUDPROC_GAIN_DEP_STEP_TABLE
04-18 11:52:45.983   358   613 D         : Failed to fetch the lookup information of the device 0000000E 
04-18 11:52:45.983   358   613 E ACDB-LOADER: Error: ACDB AudProc vol returned = -19
04-18 11:52:45.983   358   613 D ACDB-LOADER: ACDB -> AUDIO_SET_AUDPROC_VOL_CAL
04-18 11:52:45.983   358   613 D ACDB-LOADER: ACDB -> send_afe_cal
04-18 11:52:45.983   358   613 D ACDB-LOADER: ACDB -> ACDB_CMD_GET_AFE_COMMON_TABLE
04-18 11:52:45.983   358   613 D ACDB-LOADER: ACDB -> AUDIO_SET_AFE_CAL
04-18 11:52:45.983   358   613 D TFA9890 : [audio_smartpa_enable: 148]audio_smartpa_enable = 1
04-18 11:52:45.983   358   613 D TFA9890 : [audio_smartpa_enable_clk: 174]To ENABLE_MI2S_CLK
04-18 11:52:45.991   915  4736 I ActivityManager: START u0 {cmp=com.coolapk.market/.view.notification.ChattingActivity (has extras)} from uid 10065 on display 0
04-18 11:52:45.991   358   613 D TFA9890 : [tfa9890_SpeakerOn: 1019]+
04-18 11:52:45.991   915  4736 W ActivityManager: startActivity called from non-Activity context; forcing Intent.FLAG_ACTIVITY_NEW_TASK for: Intent { cmp=com.coolapk.market/.view.notification.ChattingActivity (has extras) }
04-18 11:52:45.992   358   613 I TFA9890 : tfa9890_SpeakerOn sRate = 48000
04-18 11:52:45.995   358   613 D TFA9890 : [tfa9890_SpeakerOn: 1098]tfa9890_SpeakerOn : 1098 : err = 0x00000000 tries = 1
04-18 11:52:45.997   358   613 D TFA9890 : [tfa9890_SpeakerOn: 1103]tfa9890_SpeakerOn: 1103:err = 0x00000000 status val:0xc25f mtp val:0x0003
04-18 11:52:45.999   358   613 D TFA9890 : [tfa9890_SpeakerOn: 1124]-
04-18 11:52:45.999   358   613 I TFA9890 : tfa9890_EQset mode: 0 -> 0+
04-18 11:52:45.999   358   613 I TFA9890 : [tfa9890_EQset] the same mode return.
04-18 11:52:45.999   358   613 I TFA9890 : tfa9890_EQset -
04-18 11:52:45.999   358   613 D audio_hw_primary: select_devices: done
04-18 11:52:46.001  2916  2916 D PhoneStatusBar: disable: < expand icons* alerts system_info* back home recent clock search quick_settings >
04-18 11:52:46.008   366  2990 D NuPlayerDriver: stop(0xb5daac60)
04-18 11:52:46.008   366  2990 D NuPlayerDriver: notifyListener_l(0xb5daac60), (8, 0, 0), loop setting(0, 0)
04-18 11:52:46.009  2916 23848 W MessageQueue: Handler (android.media.MediaPlayer$EventHandler) {1d08670} sending message to a Handler on a dead thread
04-18 11:52:46.009  2916 23848 W MessageQueue: java.lang.IllegalStateException: Handler (android.media.MediaPlayer$EventHandler) {1d08670} sending message to a Handler on a dead thread
04-18 11:52:46.009  2916 23848 W MessageQueue: 	at android.os.MessageQueue.enqueueMessage(MessageQueue.java:543)
04-18 11:52:46.009  2916 23848 W MessageQueue: 	at android.os.Handler.enqueueMessage(Handler.java:643)
04-18 11:52:46.009  2916 23848 W MessageQueue: 	at android.os.Handler.sendMessageAtTime(Handler.java:612)
04-18 11:52:46.009  2916 23848 W MessageQueue: 	at android.os.Handler.sendMessageDelayed(Handler.java:582)
04-18 11:52:46.009  2916 23848 W MessageQueue: 	at android.os.Handler.sendMessage(Handler.java:519)
04-18 11:52:46.009  2916 23848 W MessageQueue: 	at android.media.MediaPlayer.postEventFromNative(MediaPlayer.java:3060)
04-18 11:52:46.009   366   366 D NuPlayerDriver: reset(0xb5daac60) at state 8
04-18 11:52:46.012   915  2995 E ActivityManager: applyOptionsLocked: Unknown animationType=0
04-18 11:52:46.015   366 29340 W AMessage: failed to post message as target looper for handler 0 is gone.
04-18 11:52:46.016   366 29340 D NuPlayerDriver: notifyResetComplete(0xb5daac60)
04-18 11:52:46.084 13734 25634 I chatty  : uid=10065(com.coolapk.market) RxIoScheduler-8 expire 21 lines
04-18 11:52:46.178   915  1849 I ActivityManager: Displayed com.coolapk.market/.view.notification.ChattingActivity: +166ms (total +1m2s604ms)
04-18 11:52:46.365   915  1836 I ActivityManager: Setting hasTopUi=false for pid=2916
04-18 11:52:48.251 13734 27676 I chatty  : uid=10065(com.coolapk.market) RxIoScheduler-9 expire 20 lines
04-18 11:52:48.455   358   613 D audio_hw_primary: out_set_parameters: enter: usecase(1: low-latency-playback) kvpairs: routing=2
04-18 11:52:48.536  5361  5361 I chatty  : uid=10067(com.sohu.inputmethod.sogou.zui) expire 42 lines
04-18 11:52:51.592   358   613 D audio_hw_primary: out_standby: enter: stream (0xb6270500) usecase(1: low-latency-playback)
04-18 11:52:51.623   358   613 D hardware_info: hw_info_append_hw_type : device_name = speaker
04-18 11:52:51.623   358   613 D TFA9890 : [audio_smartpa_enable: 148]audio_smartpa_enable = 0
04-18 11:52:51.623   358   613 D TFA9890 : [tfa9890_SpeakerOff: 1129]+
04-18 11:52:51.657   358   613 D TFA9890 : muteAmplifier: 242:err = 0x00000000 status = 0xc05f tries = 16
04-18 11:52:51.658   358   613 D TFA9890 : [tfa9890_SpeakerOff: 1152]-
04-18 11:52:51.659   358   613 D TFA9890 : [audio_smartpa_enable_clk: 181]To DISABLE_MI2S_CLK
04-18 11:52:58.869   367  1305 E NetlinkEvent: NetlinkEvent::FindParam(): Parameter 'TIME_NS' not found
04-18 11:52:58.869   367  1305 E NetlinkEvent: NetlinkEvent::FindParam(): Parameter 'UID' not found
04-18 11:52:59.164   915  1845 E BatteryStatsService: no controller energy info supplied
04-18 11:52:59.164   915  1845 E BatteryStatsService: no controller energy info supplied
04-18 11:52:59.174   915  1845 E BatteryStatsService: power: Missing API
04-18 11:52:59.177   915  1845 E KernelWakelockReader: neither /proc/wakelocks nor /d/wakeup_sources exists
04-18 11:52:59.180   915  1845 W BatteryStatsImpl: Couldn't get kernel wake lock stats
04-18 11:52:59.180   915  1845 E BatteryStatsService: modem info is invalid: ModemActivityInfo{ mTimestamp=0 mSleepTimeMs=0 mIdleTimeMs=0 mTxTimeMs[]=[0, 0, 0, 0, 0] mRxTimeMs=0 mEnergyUsed=0}
04-18 11:52:59.201  5361  5361 I chatty  : uid=10067(com.sohu.inputmethod.sogou.zui) expire 33 lines
04-18 11:53:01.369   358   613 D audio_hw_primary: out_set_parameters: enter: usecase(1: low-latency-playback) kvpairs: routing=2
04-18 11:53:01.369   358   613 D audio_hw_primary: start_output_stream: enter: stream(0xb6270500)usecase(1: low-latency-playback) devices(0x2)
04-18 11:53:01.370   358   613 D audio_hw_primary: start_output_stream: enter: usecase(1: low-latency-playback) devices(0x2)
04-18 11:53:01.370   358   613 D audio_hw_primary: select_devices: out_snd_device(2: speaker) in_snd_device(0: )
04-18 11:53:01.370   358   613 W msm8974_platform: Codec backend bitwidth 16, samplerate 48000
04-18 11:53:01.370   358   613 D hardware_info: hw_info_append_hw_type : device_name = speaker
04-18 11:53:01.370   358   613 I msm8974_platform: platform_send_audio_calibration: sending audio calibration for snd_device(2) acdb_id(14)
04-18 11:53:01.370   358   613 D ACDB-LOADER: ACDB -> send_audio_cal, acdb_id = 14, path =  0
04-18 11:53:01.370   358   613 D ACDB-LOADER: ACDB -> send_adm_topology
04-18 11:53:01.370   358   613 D ACDB-LOADER: ACDB -> ACDB_CMD_GET_AUDPROC_COMMON_TOPOLOGY_ID
04-18 11:53:01.370   358   613 D ACDB-LOADER: ACDB -> send_asm_topology
04-18 11:53:01.370   358   613 D ACDB-LOADER: ACDB -> ACDB_CMD_GET_AUDPROC_STREAM_TOPOLOGY_ID
04-18 11:53:01.370   358   613 D ACDB-LOADER: ACDB -> send_audtable
04-18 11:53:01.370   358   613 D ACDB-LOADER: ACDB -> ACDB_CMD_GET_AUDPROC_COMMON_TABLE
04-18 11:53:01.370   358   613 D ACDB-LOADER: ACDB -> AUDIO_SET_AUDPROC_CAL
04-18 11:53:01.370   358   613 D ACDB-LOADER: ACDB -> send_audvoltable
04-18 11:53:01.370   358   613 D ACDB-LOADER: ACDB -> ACDB_CMD_GET_AUDPROC_GAIN_DEP_STEP_TABLE
04-18 11:53:01.370   358   613 D         : Failed to fetch the lookup information of the device 0000000E 
04-18 11:53:01.370   358   613 E ACDB-LOADER: Error: ACDB AudProc vol returned = -19
04-18 11:53:01.370   358   613 D ACDB-LOADER: ACDB -> AUDIO_SET_AUDPROC_VOL_CAL
04-18 11:53:01.370   358   613 D ACDB-LOADER: ACDB -> send_afe_cal
04-18 11:53:01.370   358   613 D ACDB-LOADER: ACDB -> ACDB_CMD_GET_AFE_COMMON_TABLE
04-18 11:53:01.370   358   613 D ACDB-LOADER: ACDB -> AUDIO_SET_AFE_CAL
04-18 11:53:01.371   358   613 D TFA9890 : [audio_smartpa_enable: 148]audio_smartpa_enable = 1
04-18 11:53:01.371   358   613 D TFA9890 : [audio_smartpa_enable_clk: 174]To ENABLE_MI2S_CLK
04-18 11:53:01.373 13734 25634 I chatty  : uid=10065(com.coolapk.market) RxIoScheduler-8 expire 22 lines
04-18 11:53:01.378   367  1305 E NetlinkEvent: NetlinkEvent::FindParam(): Parameter 'TIME_NS' not found
04-18 11:53:01.378   367  1305 E NetlinkEvent: NetlinkEvent::FindParam(): Parameter 'UID' not found
04-18 11:53:01.379   358   613 D TFA9890 : [tfa9890_SpeakerOn: 1019]+
04-18 11:53:01.380   358   613 I TFA9890 : tfa9890_SpeakerOn sRate = 48000
04-18 11:53:01.383   358   613 D TFA9890 : [tfa9890_SpeakerOn: 1098]tfa9890_SpeakerOn : 1098 : err = 0x00000000 tries = 1
04-18 11:53:01.384   358   613 D TFA9890 : [tfa9890_SpeakerOn: 1103]tfa9890_SpeakerOn: 1103:err = 0x00000000 status val:0xc25f mtp val:0x0003
04-18 11:53:01.387   358   613 D TFA9890 : [tfa9890_SpeakerOn: 1124]-
04-18 11:53:01.387   358   613 I TFA9890 : tfa9890_EQset mode: 0 -> 0+
04-18 11:53:01.387   358   613 I TFA9890 : [tfa9890_EQset] the same mode return.
04-18 11:53:01.387   358   613 I TFA9890 : tfa9890_EQset -
04-18 11:53:01.387   358   613 D audio_hw_primary: select_devices: done
04-18 11:53:02.198 13734 29536 I chatty  : uid=10065(com.coolapk.market) expire 1 line
04-18 11:53:04.570   358   613 D audio_hw_primary: out_standby: enter: stream (0xb6270500) usecase(1: low-latency-playback)
04-18 11:53:04.601   358   613 D hardware_info: hw_info_append_hw_type : device_name = speaker
04-18 11:53:04.601   358   613 D TFA9890 : [audio_smartpa_enable: 148]audio_smartpa_enable = 0
04-18 11:53:04.601   358   613 D TFA9890 : [tfa9890_SpeakerOff: 1129]+
04-18 11:53:04.636   358   613 D TFA9890 : muteAmplifier: 242:err = 0x00000000 status = 0xc05f tries = 16
04-18 11:53:04.637   358   613 D TFA9890 : [tfa9890_SpeakerOff: 1152]-
04-18 11:53:04.637   358   613 D TFA9890 : [audio_smartpa_enable_clk: 181]To DISABLE_MI2S_CLK
04-18 11:53:09.367   915 26498 I WifiHAL : event received NL80211_CMD_VENDOR, vendor_id = 0x1374, subcmd = 0xa
04-18 11:53:09.367 26499 26499 I wpa_supplicant: p2p0: CTRL-EVENT-AVOID-FREQ ranges=2412-2427
04-18 11:53:09.500 29582 29582 D AndroidRuntime: >>>>>> START com.android.internal.os.RuntimeInit uid 2000 <<<<<<
04-18 11:53:09.505 29582 29582 D AndroidRuntime: CheckJNI is OFF
04-18 11:53:09.505 29582 29582 E cutils-trace: Error opening trace file: No such file or directory (2)
04-18 11:53:09.557 29582 29582 D ICU     : No timezone override file found: /data/misc/zon