04-18 11:47:39.565 24209 24223 D OpenGLRenderer: endAllActiveAnimators on 0xaa319800 (RippleDrawable) with handle 0xaa3636f0
04-18 11:47:39.772   341   341 W SurfaceFlinger: couldn't log to binary event log: overflow.
04-18 11:47:42.412 27535 27535 W art     : Before Android 4.1, method int android.support.v7.widget.ListViewCompat.lookForSelectablePosition(int, boolean) would have incorrectly overridden the package-private method in android.widget.ListView
04-18 11:47:43.352   915  4743 W InputMethodManagerService: Window already focused, ignoring focus gain of: com.android.internal.view.IInputMethodClient$Stub$Proxy@8ef134d attribute=null, token = android.os.BinderProxy@8a516f9
04-18 11:47:43.755   358   613 I chatty  : uid=1041(audioserver) AudioOut_D expire 95 lines
04-18 11:47:44.449   915  4756 I ActivityManager: START u0 {cmp=org.newstand.datamigration/.ui.activity.SettingsActivity} from uid 10075 on display 0
04-18 11:47:44.745   915  1849 I ActivityManager: Displayed org.newstand.datamigration/.ui.activity.SettingsActivity: +274ms
04-18 11:47:44.791 27535 27557 D OpenGLRenderer: endAllActiveAnimators on 0x99bd1a00 (MenuPopupWindow$MenuDropDownListView) with handle 0x985cba10
04-18 11:47:46.611 27535 27573 E AndroidRuntime: FATAL EXCEPTION: pool-6-thread-1
04-18 11:47:46.611 27535 27573 E AndroidRuntime: Process: org.newstand.datamigration, PID: 27535
04-18 11:47:46.611 27535 27573 E AndroidRuntime: java.lang.IllegalStateException: Test
04-18 11:47:46.611 27535 27573 E AndroidRuntime: 	at org.newstand.datamigration.repo.BKSessionRepoService.getRealm(BKSessionRepoService.java:37)
04-18 11:47:46.611 27535 27573 E AndroidRuntime: 	at org.newstand.datamigration.repo.OneTimeRealmRepoService.findLast(OneTimeRealmRepoService.java:83)
04-18 11:47:46.611 27535 27573 E AndroidRuntime: 	at org.newstand.datamigration.ui.activity.NavigatorActivity$11.run(NavigatorActivity.java:227)
04-18 11:47:46.611 27535 27573 E AndroidRuntime: 	at java.util.concurrent.ThreadPoolExecutor.runWorker(ThreadPoolExecutor.java:1133)
04-18 11:47:46.611 27535 27573 E AndroidRuntime: 	at java.util.concurrent.ThreadPoolExecutor$Worker.run(ThreadPoolExecutor.java:607)
04-18 11:47:46.611 27535 27573 E AndroidRuntime: 	at java.lang.Thread.run(Thread.java:761)
04-18 11:47:46.613 27535 27551 W System  : ClassLoader referenced unknown path: /system/framework/tcmclient.jar
04-18 11:47:46.620   915  2995 W ActivityManager:   Force finishing activity org.newstand.datamigration/.ui.activity.NavigatorActivity
04-18 11:47:46.641 27535 27573 I Process : Sending signal. PID: 27535 SIG: 9
04-18 11:47:46.668   915  4743 I WindowManager: WIN DEATH: Window{c8bba7c u0 org.newstand.datamigration/org.newstand.datamigration.ui.activity.SettingsActivity}
04-18 11:47:46.669   915 19821 D GraphicsStats: Buffer count: 11
04-18 11:47:46.670   915  2732 W InputDispatcher: channel '8e0d63e org.newstand.datamigration/org.newstand.datamigration.ui.activity.NavigatorActivity (server)' ~ Consumer closed input channel or an error occurred.  events=0x9
04-18 11:47:46.670   915  2732 E InputDispatcher: channel '8e0d63e org.newstand.datamigration/org.newstand.datamigration.ui.activity.NavigatorActivity (server)' ~ Channel is unrecoverably broken and will be disposed!
04-18 11:47:46.670   915 24023 I ActivityManager: Process org.newstand.datamigration (pid 27535) has died
04-18 11:47:46.670   915 24023 D ActivityManager: cleanUpApplicationRecord -- 27535
04-18 11:47:46.670   915 24023 W ActivityManager: Scheduling restart of crashed service org.newstand.datamigration/.service.UserActionService in 1000ms
04-18 11:47:46.670   915 24023 W ActivityManager: Scheduling restart of crashed service org.newstand.datamigration/.service.DummySmsService in 1000ms
04-18 11:47:46.671   915 19821 I WindowManager: WIN DEATH: Window{8e0d63e u0 org.newstand.datamigration/org.newstand.datamigration.ui.activity.NavigatorActivity}
04-18 11:47:46.672   915 19821 W InputDispatcher: Attempted to unregister already unregistered input channel '8e0d63e org.newstand.datamigration/org.newstand.datamigration.ui.activity.NavigatorActivity (server)'
04-18 11:47:46.758   367 27632 W SocketClient: write error (Broken pipe)
04-18 11:47:46.759   367 27632 W DnsProxyListener: Error writing DNS result to client
04-18 11:47:50.527 13734 25634 I chatty  : uid=10065(com.coolapk.market) RxIoScheduler-8 expire 136 lines
04-18 11:47:50.546 13734 27676 I chatty  : uid=10065(com.coolapk.market) RxIoScheduler-9 expire 107 lines
04-18 11:47:51.932  5361  5361 I chatty  : uid=10067(com.sohu.inputmethod.sogou.zui) expire 52 lines
04-18 11:47:52.983 13734 13734 I chatty  : uid=10065(com.coolapk.market) expire 20 lines
04-18 11:47:52.984 13734 27734 I chatty  : uid=10065(com.coolapk.market) expire 26 lines
04-18 11:47:53.701 13734 13752 I chatty  : uid=10065(com.coolapk.market) Timer-1 expire 3 lines
04-18 11:47:55.245 12938 12943 I chatty  : uid=10065(com.coolapk.market) Jit thread pool expire 3 lines
04-18 11:47:55.259 13734 27751 I chatty  : uid=10065(com.coolapk.market) expire 2 lines
04-18 11:48:04.362 13734 27799 I chatty  : uid=10065(com.coolapk.market) expire 1 line
04-18 11:48:05.100   915  1845 E BatteryStatsService: no controller energy info supplied
04-18 11:48:05.100   915  1845 E BatteryStatsService: no controller energy info supplied
04-18 11:48:05.119   915  1845 E KernelWakelockReader: neither /proc/wakelocks nor /d/wakeup_sources exists
04-18 11:48:05.120   915  1845 W BatteryStatsImpl: Couldn't get kernel wake lock stats
04-18 11:48:05.120   915  1845 E BatteryStatsService: modem info is invalid: ModemActivityInfo{ mTimestamp=0 mSleepTimeMs=0 mIdleTimeMs=0 mTxTimeMs[]=[0, 0, 0, 0, 0] mRxTimeMs=0 mEnergyUsed=0}
04-18 11:48:07.074 13734 27857 I chatty  : uid=10065(com.coolapk.market) expire 1 line
04-18 11:48:17.149   367  1305 E NetlinkEvent: NetlinkEvent::FindParam(): Parameter 'TIME_NS' not found
04-18 11:48:17.149   367  1305 E NetlinkEvent: NetlinkEvent::FindParam(): Parameter 'UID' not found
04-18 11:48:21.335 26499 26499 I wpa_supplicant: p2p0: CTRL-EVENT-AVOID-FREQ ranges=2412-2427
04-18 11:48:21.337   915 26498 I WifiHAL : event received NL80211_CMD_VENDOR, vendor_id = 0x1374, subcmd = 0xa
04-18 11:48:21.376 26499 26499 I wpa_supplicant: p2p0: CTRL-EVENT-AVOID-FREQ ranges=
04-18 11:48:21.377   915 26498 I WifiHAL : event received NL80211_CMD_VENDOR, vendor_id = 0x1374, subcmd = 0xa
04-18 11:48:21.380   915 26498 I WifiHAL : event received NL80211_CMD_VENDOR, vendor_id = 0x1374, subcmd = 0xa
04-18 11:48:21.380 26499 26499 I wpa_supplicant: p2p0: CTRL-EVENT-AVOID-FREQ ranges=2412-2427
04-18 11:48:21.450   367  1305 E NetlinkEvent: NetlinkEvent::FindParam(): Parameter 'TIME_NS' not found
04-18 11:48:21.450   367  1305 E NetlinkEvent: NetlinkEvent::FindParam(): Parameter 'UID' not found
04-18 11:48:27.803   915  1841 I UsageStatsService: User[0] Flushing usage stats to disk
04-18 11:48:31.468   367  1305 E NetlinkEvent: NetlinkEvent::FindParam(): Parameter 'TIME_NS' not found
04-18 11:48:31.468   367  1305 E NetlinkEvent: NetlinkEvent::FindParam(): Parameter 'UID' not found
04-18 11:48:38.143   367  1305 E NetlinkEvent: NetlinkEvent::FindParam(): Parameter 'TIME_NS' not found
04-18 11:48:38.143   367  1305 E NetlinkEvent: NetlinkEvent::FindParam(): Parameter 'UID' not found
04-18 11:48:38.146 12938 12954 I chatty  : uid=10065(com.coolapk.market) Connection Cont expire 15 lines
04-18 11:48:38.200 13734 27895 I chatty  : uid=10065(com.coolapk.market) expire 1 line
04-18 11:48:48.249   367  1305 E NetlinkEvent: NetlinkEvent::FindParam(): Parameter 'TIME_NS' not found
04-18 11:48:48.250   367  1305 E NetlinkEvent: NetlinkEvent::FindParam(): Parameter 'UID' not found
04-18 11:48:53.811 13734 13762 I chatty  : uid=10065(com.coolapk.market) RxComputationSc expire 6 lines
04-18 11:48:53.820 13734 27676 I chatty  : uid=10065(com.coolapk.market) RxIoScheduler-9 expire 43 lines
04-18 11:48:53.831   367  1305 E NetlinkEvent: NetlinkEvent::FindParam(): Parameter 'TIME_NS' not found
04-18 11:48:53.831   367  1305 E NetlinkEvent: NetlinkEvent::FindParam(): Parameter 'UID' not found
04-18 11:49:00.012   915  1842 I ProcessStatsService: Prepared write state in 4ms
04-18 11:49:01.011   358   613 I chatty  : uid=1041(audioserver) AudioOut_D expire 123 lines
04-18 11:49:01.129  5361  5361 I chatty  : uid=10067(com.sohu.inputmethod.sogou.zui) expire 170 lines
04-18 11:49:09.232   367  1305 E NetlinkEvent: NetlinkEvent::FindParam(): Parameter 'TIME_NS' not found
04-18 11:49:09.232   367  1305 E NetlinkEvent: NetlinkEvent::FindParam(): Parameter 'UID' not found
04-18 11:49:09.548   367  1305 E NetlinkEvent: NetlinkEvent::FindParam(): Parameter 'TIME_NS' not found
04-18 11:49:09.549   367  1305 E NetlinkEvent: NetlinkEvent::FindParam(): Parameter 'UID' not found
04-18 11:49:15.151 13734 25634 I chatty  : uid=10065(com.coolapk.market) RxIoScheduler-8 expire 42 lines
04-18 11:49:16.662 13734 28085 I chatty  : uid=10065(com.coolapk.market) expire 1 line
04-18 11:49:26.750   367  1305 E NetlinkEvent: NetlinkEvent::FindParam(): Parameter 'TIME_NS' not found
04-18 11:49:26.750   367  1305 E NetlinkEvent: NetlinkEvent::FindParam(): Parameter 'UID' not found
04-18 11:49:30.827   367  1305 E NetlinkEvent: NetlinkEvent::FindParam(): Parameter 'TIME_NS' not found
04-18 11:49:30.827   367  1305 E NetlinkEvent: NetlinkEvent::FindParam(): Parameter 'UID' not found
04-18 11:49:35.223   915  1850 W ProcessCpuTracker: Skipping unknown process pid 28200
04-18 11:49:35.224   915  1850 W ProcessCpuTracker: Skipping unknown process pid 28201
04-18 11:49:35.224   915  1850 W ProcessCpuTracker: Skipping unknown process pid 28203
04-18 11:49:35.224   915  1850 W ProcessCpuTracker: Skipping unknown process pid 28204
04-18 11:49:35.225   915  1850 W ProcessCpuTracker: Skipping unknown process pid 28214
04-18 11:49:35.226 13734 28217 I chatty  : uid=10065(com.coolapk.market) expire 1 line
04-18 11:49:47.207 13734 28273 I chatty  : uid=10065(com.coolapk.market) expire 2 lines
04-18 11:49:47.282  2916 28285 E MediaPlayer-JNI: JNIMediaPlayerFactory: bIsQCMediaPlayerPresent 0
04-18 11:49:47.282  2916 28285 E MediaPlayer-JNI: JNIMediaPlayerFactory: bIsQCMediaPlayerPresent 0
04-18 11:49:47.304   366 28292 D NuPlayerDriver: notifyListener_l(0xb450c120), (1, 0, 0), loop setting(0, 0)
04-18 11:49:47.305  2916 28285 D MediaPlayer: setSubtitleAnchor in MediaPlayer
04-18 11:49:47.307   915  4756 I MediaFocusControl:  AudioFocus  requestAudioFocus() from uid/pid 10033/2916 clientId=android.media.AudioManager@830f52a req=3 flags=0x0
04-18 11:49:47.307   366  2990 D NuPlayerDriver: start(0xb450c120), state is 4, eos is 0
04-18 11:49:47.307   366 28292 I GenericSource: start
04-18 11:49:47.311   366 28292 W Utils   : track of type 'audio/vorbis' does not publish channel mask, channel count 2
04-18 11:49:47.312   366 28292 W Utils   : track of type 'audio/vorbis' does not publish channel mask, channel count 2
04-18 11:49:47.313   366 28297 I MediaPlayerService: MediaPlayerService::getOMX
04-18 11:49:47.314   366 28297 I OMXClient: MuxOMX ctor
04-18 11:49:47.314   363   486 I OMXMaster: makeComponentInstance(OMX.google.vorbis.decoder) in mediacodec process
04-18 11:49:47.316   363   363 E OMXNodeInstance: setConfig(16b004c:google.vorbis.decoder, ConfigPriority(0x6f800002)) ERROR: Undefined(0x80001001)
04-18 11:49:47.316   366 28297 I ACodec  : codec does not support config priority (err -2147483648)
04-18 11:49:47.317   366 28297 I MediaCodec: MediaCodec will operate in async mode
04-18 11:49:47.328   366 28295 D AudioTrack: Client defaulted notificationFrames to 7350 for frameCount 22050
04-18 11:49:47.330   358   613 I chatty  : uid=1041(audioserver) AudioOut_D expire 292 lines
04-18 11:49:47.330   366 28292 D NuPlayerDriver: notifyListener_l(0xb450c120), (6, 0, 0), loop setting(0, 0)
04-18 11:49:47.370   915  3610 I ActivityManager: Setting hasTopUi=true for pid=2916
04-18 11:49:47.371  2916  2916 D PhoneStatusBar: disable: < expand ICONS* alerts SYSTEM_INFO* back home recent clock search quick_settings >
04-18 11:49:47.372   915  4756 I ActivityManager: Setting hasTopUi=false for pid=2916
04-18 11:49:47.411   915  4743 I ActivityManager: Setting hasTopUi=true for pid=2916
04-18 11:49:48.158   366 28296 I NuPlayerDecoder: [audio] saw output EOS
04-18 11:49:48.646   366 28292 D NuPlayerDriver: notifyListener_l(0xb450c120), (2, 0, 0), loop setting(0, 0)
04-18 11:49:48.655   915  4736 I MediaFocusControl:  AudioFocus  abandonAudioFocus() from uid/pid 10033/2916 clientId=android.media.AudioManager@830f52a
04-18 11:49:50.243   915  4740 I ActivityManager: START u0 {cmp=com.coolapk.market/.view.notification.ChattingActivity (has extras)} from uid 10065 on display 0
04-18 11:49:50.243   915  4740 W ActivityManager: startActivity called from non-Activity context; forcing Intent.FLAG_ACTIVITY_NEW_TASK for: Intent { cmp=com.coolapk.market/.view.notification.ChattingActivity (has extras) }
04-18 11:49:50.255  2916  2916 D PhoneStatusBar: disable: < expand icons* alerts system_info* back home recent clock search quick_settings >
04-18 11:49:50.266   915  4736 E ActivityManager: applyOptionsLocked: Unknown animationType=0
04-18 11:49:50.278   366  3095 D NuPlayerDriver: stop(0xb450c120)
04-18 11:49:50.278   366  3095 D NuPlayerDriver: notifyListener_l(0xb450c120), (8, 0, 0), loop setting(0, 0)
04-18 11:49:50.287  2916  2948 W MessageQueue: Handler (android.media.MediaPlayer$EventHandler) {abf653e} sending message to a Handler on a dead thread
04-18 11:49:50.287  2916  2948 W MessageQueue: java.lang.IllegalStateException: Handler (android.media.MediaPlayer$EventHandler) {abf653e} sending message to a Handler on a dead thread
04-18 11:49:50.287  2916  2948 W MessageQueue: 	at android.os.MessageQueue.enqueueMessage(MessageQueue.java:543)
04-18 11:49:50.287  2916  2948 W MessageQueue: 	at android.os.Handler.enqueueMessage(Handler.java:643)
04-18 11:49:50.287  2916  2948 W MessageQueue: 	at android.os.Handler.sendMessageAtTime(Handler.java:612)
04-18 11:49:50.287  2916  2948 W MessageQueue: 	at android.os.Handler.sendMessageDelayed(Handler.java:582)
04-18 11:49:50.287  2916  2948 W MessageQueue: 	at android.os.Handler.sendMessage(Handler.java:519)
04-18 11:49:50.287  2916  2948 W MessageQueue: 	at android.media.MediaPlayer.postEventFromNative(MediaPlayer.java:3060)
04-18 11:49:50.287   366  3066 D NuPlayerDriver: reset(0xb450c120) at state 8
04-18 11:49:50.293   366 28292 W AMessage: failed to post message as target looper for handler 0 is gone.
04-18 11:49:50.295   366 28292 D NuPlayerDriver: notifyResetComplete(0xb450c120)
04-18 11:49:50.327 13734 25634 I chatty  : uid=10065(com.coolapk.market) RxIoScheduler-8 expire 107 lines
04-18 11:49:50.394   915  1849 I ActivityManager: Displayed com.coolapk.market/.view.notification.ChattingActivity: +129ms
04-18 11:49:50.620   915  4756 I ActivityManager: Setting hasTopUi=false for pid=2916
04-18 11:49:51.356  5361  5361 I chatty  : uid=10067(com.sohu.inputmethod.sogou.zui) expire 329 lines
04-18 11:49:53.072 13734 27676 I chatty  : uid=10065(com.coolapk.market) RxIoScheduler-9 expire 108 lines
04-18 11:49:54.544 13734 28391 I chatty  : uid=10065(com.coolapk.market) expire 1 line
04-18 11:50:00.587 12938 12954 I chatty  : uid=10065(com.coolapk.market) Connection Cont expire 31 lines
04-18 11:50:00.611 13734 28451 I chatty  : uid=10065(com.coolapk.market) expire 1 line
04-18 11:50:07.689   915  1850 W ProcessCpuTracker: Skipping unknown process pid 28458
04-18 11:50:07.690   915  1850 W ProcessCpuTracker: Skipping unknown process pid 28459
04-18 11:50:07.690   915  1850 W ProcessCpuTracker: Skipping unknown process pid 28461
04-18 11:50:07.691   915  1850 W ProcessCpuTracker: Skipping unknown process pid 28462
04-18 11:50:07.691   915  1850 W ProcessCpuTracker: Skipping unknown process pid 28464
04-18 11:50:08.317 13734 28467 I chatty  : uid=10065(com.coolapk.market) expire 1 line
04-18 11:50:18.408   367  1305 E NetlinkEvent: NetlinkEvent::FindParam(): Parameter 'TIME_NS' not found
04-18 11:50:18.408   367  1305 E NetlinkEvent: NetlinkEvent::FindParam(): Parameter 'UID' not found
04-18 11:50:22.532   367  1305 E NetlinkEvent: NetlinkEvent::FindParam(): Parameter 'TIME_NS' not found
04-18 11:50:22.532   367  1305 E NetlinkEvent: NetlinkEvent::FindParam(): Parameter 'UID' not found
04-18 11:50:23.882 13734 28580 I chatty  : uid=10065(com.coolapk.market) expire 1 line
04-18 11:50:28.176 13734 28608 I chatty  : uid=10065(com.coolapk.market) expire 1 line
04-18 11:50:29.789 13734 28623 I chatty  : uid=10065(com.coolapk.market) expire 1 line
04-18 11:50:30.255 13734 13734 I chatty  : uid=10065(com.coolapk.market) expire 12 lines
04-18 11:50:39.848   367  1305 E NetlinkEvent: NetlinkEvent::FindParam(): Parameter 'TIME_NS' not found
04-18 11:50:39.848   367  1305 E NetlinkEvent: NetlinkEvent::FindParam(): Parameter 'UID' not found
04-18 11:50:44.917   367  1305 E NetlinkEvent: NetlinkEvent::FindParam(): Parameter 'TIME_NS' not found
04-18 11:50:44.917   367  1305 E NetlinkEvent: NetlinkEvent::FindParam(): Parameter 'UID' not found
04-18 11:50:45.717 13734 28730 I chatty  : uid=10065(com.coolapk.market) expire 1 line
04-18 11:50:46.796 13734 28759 I chatty  : uid=10065(com.coolapk.market) expire 1 line
04-18 11:50:50.623 13734 28805 I chatty  : uid=10065(com.coolapk.market) expire 1 line
04-18 11:50:53.282 13734 13757 I chatty  : uid=10065(com.coolapk.market) RxComputationSc expire 3 lines
04-18 11:51:03.429   367  1305 E NetlinkEvent: NetlinkEvent::FindParam(): Parameter 'TIME_NS' not found
04-18 11:51:03.429   367  1305 E NetlinkEvent: NetlinkEvent::FindParam(): Parameter 'UID' not found
04-18 11:51:06.864   915 26498 I WifiHAL : event received NL80211_CMD_VENDOR, vendor_id = 0x1374, subcmd = 0xa
04-18 11:51:06.871 26499 26499 I wpa_supplicant: p2p0: CTRL-EVENT-AVOID-FREQ ranges=
04-18 11:51:08.727   915  2825 D WifiStateMachine: CMD_AUTO_CONNECT sup state DisconnectedState my state DisconnectedState nid=0 roam=false
04-18 11:51:08.727   915  2825 D WifiStateMachine: CMD_AUTO_CONNECT will save config -> "lenovo-internet" nid=0
04-18 11:51:08.748   915 28841 D WifiNetworkHistory: saving network history: "lenovo-internet"NONE gw: 00:00:5e:00:01:11 Network Selection-status: NETWORK_SELECTION_ENABLED ephemeral=false choice:null link:0 status:1 nid:0 hasEverConnected: true
04-18 11:51:08.749   915 28841 V WifiNetworkHistory: writeKnownNetworkHistory write config "lenovo-internet"NONE
04-18 11:51:08.752   915  2825 D WifiStateMachine: CMD_AUTO_CONNECT did save config ->  nid=0
04-18 11:51:08.754 26499 26499 I wpa_supplicant: wlan0: CTRL-EVENT-SSID-REENABLED id=0 ssid="lenovo-internet"
04-18 11:51:08.754 26499 26499 E wpa_supplicant: eap_proxy: eap_proxy_notify_config
04-18 11:51:08.754   915 28842 D WifiNetworkHistory: saving network history: "lenovo-internet"NONE gw: 00:00:5e:00:01:11 Network Selection-status: NETWORK_SELECTION_ENABLED ephemeral=false choice:null link:0 status:1 nid:0 hasEverConnected: true
04-18 11:51:08.754   915 28842 V WifiNetworkHistory: writeKnownNetworkHistory write config "lenovo-internet"NONE
04-18 11:51:08.755 26499 26499 I wpa_supplicant: wlan0: Trying to associate with SSID 'lenovo-internet'
04-18 11:51:08.757 26499 26499 E wpa_supplicant: eap_proxy: eap_proxy_notify_config
04-18 11:51:08.757 26499 26499 E wpa_supplicant: eap_proxy: eap_proxy_allowed_method
04-18 11:51:08.758   915  2825 D WifiStateMachine: Supplicant SSID reenable:ID: 0 SSID: "lenovo-internet" PROVIDER-NAME: null BSSID: null FQDN: null PRIO: 2 HIDDEN: false
04-18 11:51:08.758   915  2825 D WifiStateMachine:  NetworkSelectionStatus NETWORK_SELECTION_ENABLED
04-18 11:51:08.758   915  2825 D WifiStateMachine:  hasEverConnected: true
04-18 11:51:08.758   915  2825 D WifiStateMachine:  numAssociation 11
04-18 11:51:08.758   915  2825 D WifiStateMachine: update time=04-18 11:51:08.733
04-18 11:51:08.758   915  2825 D WifiStateMachine: creationtime=04-18 10:26:11.648
04-18 11:51:08.758   915  2825 D WifiStateMachine:  validatedInternetAccess
04-18 11:51:08.758   915  2825 D WifiStateMachine:  KeyMgmt: NONE Protocols: WPA RSN
04-18 11:51:08.758   915  2825 D WifiStateMachine:  AuthAlgorithms:
04-18 11:51:08.758   915  2825 D WifiStateMachine:  PairwiseCiphers: TKIP CCMP
04-18 11:51:08.758   915  2825 D WifiStateMachine:  GroupCiphers: TKIP CCMP
04-18 11:51:08.758   915  2825 D WifiStateMachine:  PSK: 
04-18 11:51:08.758   915  2825 D WifiStateMachine:  sim_num *
04-18 11:51:08.758   915  2825 D WifiStateMachine: Enterprise config:
04-18 11:51:08.758   915  2825 D WifiStateMachine: altsubject_match NULL
04-18 11:51:08.758   915  2825 D WifiStateMachine: password <removed>
04-18 11:51:08.758   915  2825 D WifiStateMachine: ca_path NULL
04-18 11:51:08.758   915  2825 D WifiStateMachine: subject_match NULL
04-18 11:51:08.758   915  2825 D WifiStateMachine: engine 0
04-18 11:51:08.758   915  2825 D WifiStateMachine: client_cert NULL
04-18 11:51:08.758   915  2825 D WifiStateMachine: anonymous_identity NULL
04-18 11:51:08.758   915  2825 D WifiStateMachine: ca_cert NULL
04-18 11:51:08.758   915  2825 D WifiStateMachine: identity NULL
04-18 11:51:08.758   915  2825 D WifiStateMachine: domain_suffix_match NULL
04-18 11:51:08.758   915  2825 D WifiStateMachine: key_id NULL
04-18 11:51:08.758   915  2825 D WifiStateMachine: engine_id NULL
04-18 11:51:08.758   915  2825 D WifiStateMachine: IP config:
04-18 11:51:08.758   915  2825 D WifiStateMachine: IP assignment: DHCP
04-18 11:51:08.758   915  2825 D WifiStateMachine: Proxy settings: NONE
04-18 11:51:08.758   915  2825 D WifiStateMachine:  networkSelectionBSSID=58:97:bd:51:d9:de cuid=1000 cname=android.uid.system:1000 luid=1000 lname=android.uid.system:1000 lcuid=-1 userApproved=USER_APPROVED noInternetAccessExpected=false roamingFailureBlackListTimeMilli: 1000
04-18 11:51:08.758   915  2825 D WifiStateMachine: triggeredLow: 0 triggeredBad: 0 triggeredNotHigh: 0
04-18 11:51:08.758   915  2825 D WifiStateMachine: ticksLow: 0 ticksBad: 0 ticksNotHigh: 0
04-18 11:51:08.758   915  2825 D WifiStateMachine: triggeredJoin: 0
04-18 11:51:09.082 26499 26499 I wpa_supplicant: p2p0: CTRL-EVENT-AVOID-FREQ ranges=2412-2427
04-18 11:51:09.083   915 26498 I WifiHAL : event received NL80211_CMD_VENDOR, vendor_id = 0x1374, subcmd = 0xa
04-18 11:51:09.136 26499 26499 I wpa_supplicant: p2p0: CTRL-EVENT-AVOID-FREQ ranges=
04-18 11:51:09.137   915 26498 I WifiHAL : event received NL80211_CMD_VENDOR, vendor_id = 0x1374, subcmd = 0xa
04-18 11:51:09.151   915 26498 I WifiHAL : event received NL80211_CMD_VENDOR, vendor_id = 0x1374, subcmd = 0xa
04-18 11:51:09.152 26499 26499 I wpa_supplicant: p2p0: CTRL-EVENT-AVOID-FREQ ranges=2412-2427
04-18 11:51:09.278   367  1305 E NetlinkEvent: NetlinkEvent::FindParam(): Parameter 'TIME_NS' not found
04-18 11:51:09.278   367  1305 E NetlinkEvent: NetlinkEvent::FindParam(): Parameter 'UID' not found
04-18 11:51:11.226 26499 26499 I wpa_supplicant: wlan0: CTRL-EVENT-ASSOC-REJECT bssid=58:97:bd:51:d9:de status_code=1
04-18 11:51:11.226 26499 26499 I wpa_supplicant: wlan0: CTRL-EVENT-SSID-TEMP-DISABLED id=0 ssid="lenovo-internet" auth_failures=1 duration=10 reason=CONN_FAILED
04-18 11:51:11.237   915  2825 E WifiHAL : wifi_get_ring_data: Error -95 happened. 
04-18 11:51:11.237   915  2825 E WifiHAL : wifi_get_ring_data: Error -95 happened. 
04-18 11:51:11.238   915  2825 E WifiHAL : wifi_get_ring_data: Error -95 happened. 
04-18 11:51:11.238   915  2825 E WifiHAL : wifi_get_ring_data: Error -95 happened. 
04-18 11:51:11.238   915  2825 E WifiHAL : wifi_get_ring_data: Error -95 happened. 
04-18 11:51:11.240 26499 26499 E wpa_supplicant: eap_proxy: eap_proxy_notify_config
04-18 11:51:11.391   915  2825 I WifiConnectivityManager: trackBssid: disable 58:97:bd:51:d9:de
04-18 11:51:11.392   915  2825 E WifiStateMachine: Supplicant SSID temporary disabled:ID: 0 SSID: "lenovo-internet" PROVIDER-NAME: null BSSID: null FQDN: null PRIO: 2 HIDDEN: false
04-18 11:51:11.392   915  2825 E WifiStateMachine:  NetworkSelectionStatus NETWORK_SELECTION_ENABLED
04-18 11:51:11.392   915  2825 E WifiStateMachine:  hasEverConnected: true
04-18 11:51:11.392   915  2825 E WifiStateMachine:  numAssociation 11
04-18 11:51:11.392   915  2825 E WifiStateMachine: update time=04-18 11:51:08.733
04-18 11:51:11.392   915  2825 E WifiStateMachine: creationtime=04-18 10:26:11.648
04-18 11:51:11.392   915  2825 E WifiStateMachine:  validatedInternetAccess
04-18 11:51:11.392   915  2825 E WifiStateMachine:  KeyMgmt: NONE Protocols: WPA RSN
04-18 11:51:11.392   915  2825 E WifiStateMachine:  AuthAlgorithms:
04-18 11:51:11.392   915  2825 E WifiStateMachine:  PairwiseCiphers: TKIP CCMP
04-18 11:51:11.392   915  2825 E WifiStateMachine:  GroupCiphers: TKIP CCMP
04-18 11:51:11.392   915  2825 E WifiStateMachine:  PSK: 
04-18 11:51:11.392   915  2825 E WifiStateMachine:  sim_num *
04-18 11:51:11.392   915  2825 E WifiStateMachine: Enterprise config:
04-18 11:51:11.392   915  2825 E WifiStateMachine: altsubject_match NULL
04-18 11:51:11.392   915  2825 E WifiStateMachine: password <removed>
04-18 11:51:11.392   915  2825 E WifiStateMachine: ca_path NULL
04-18 11:51:11.392   915  2825 E WifiStateMachine: subject_match NULL
04-18 11:51:11.392   915  2825 E WifiStateMachine: engine 0
04-18 11:51:11.392   915  2825 E WifiStateMachine: client_cert NULL
04-18 11:51:11.392   915  2825 E WifiStateMachine: anonymous_identity NULL
04-18 11:51:11.392   915  2825 E WifiStateMachine: ca_cert NULL
04-18 11:51:11.392   915  2825 E WifiStateMachine: identity NULL
04-18 11:51:11.392   915  2825 E WifiStateMachine: domain_suffix_match NULL
04-18 11:51:11.392   915  2825 E WifiStateMachine: key_id NULL
04-18 11:51:11.392   915  2825 E WifiStateMachine: engine_id NULL
04-18 11:51:11.392   915  2825 E WifiStateMachine: IP config:
04-18 11:51:11.392   915  2825 E WifiStateMachine: IP assignment: DHCP
04-18 11:51:11.392   915  2825 E WifiStateMachine: Proxy settings: NONE
04-18 11:51:11.392   915  2825 E WifiStateMachine:  networkSelectionBSSID=58:97:bd:51:d9:de cuid=1000 cname=android.uid.system:1000 luid=1000 lname=android.uid.system:1000 lcuid=-1 userApproved=USER_APPROVED noInternetAccessExpected=false roamingFailureBlackListTimeMilli: 1000
04-18 11:51:11.392   915  2825 E WifiStateMachine: triggeredLow: 0 triggeredBad: 0 triggeredNotHigh: 0
04-18 11:51:11.392   915  2825 E WifiStateMachine: ticksLow: 0 ticksBad: 0 ticksNotHigh: 0
04-18 11:51:11.392   915  2825 E WifiStateMachine: triggeredJoin: 0
04-18 11:51:11.400   915  2825 E SupplicantStateTracker: Ignoring { when=-9ms what=147499 target=com.android.internal.util.StateMachine$SmHandler }
04-18 11:51:12.268 13734 28873 I chatty  : uid=10065(com.coolapk.market) expire 2 lines
04-18 11:51:12.349  2916 28890 E MediaPlayer-JNI: JNIMediaPlayerFactory: bIsQCMediaPlayerPresent 0
04-18 11:51:12.350  2916 28890 E MediaPlayer-JNI: JNIMediaPlayerFactory: bIsQCMediaPlayerPresent 0
04-18 11:51:12.365   366 28893 D NuPlayerDriver: notifyListener_l(0xb5daac60), (1, 0, 0), loop setting(0, 0)
04-18 11:51:12.365  2916 28890 D MediaPlayer: setSubtitleAnchor in MediaPlayer
04-18 11:51:12.367   915  4735 I MediaFocusControl:  AudioFocus  requestAudioFocus() from uid/pid 10033/2916 clientId=android.media.AudioManager@41e4d10 req=3 flags=0x0
04-18 11:51:12.368   366   366 D NuPlayerDriver: start(0xb5daac60), state is 4, eos is 0
04-18 11:51:12.368   366 28893 I GenericSource: start
04-18 11:51:12.371   366 28893 W Utils   : track of type 'audio/vorbis' does not publish channel mask, channel count 2
04-18 11:51:12.372   366 28893 W Utils   : track of type 'audio/vorbis' does not publish channel mask, channel count 2
04-18 11:51:12.373   366 28898 I MediaPlayerService: MediaPlayerService::getOMX
04-18 11:51:12.374   366 28898 I OMXClient: MuxOMX ctor
04-18 11:51:12.374   363   486 I OMXMaster: makeComponentInstance(OMX.google.vorbis.decoder) in mediacodec process
04-18 11:51:12.376   363 20482 E OMXNodeInstance: setConfig(16b004d:google.vorbis.decoder, ConfigPriority(0x6f800002)) ERROR: Undefined(0x80001001)
04-18 11:51:12.376   366 28898 I ACodec  : codec does not support config priority (err -2147483648)
04-18 11:51:12.376   366 28898 I MediaCodec: MediaCodec will operate in async mode
04-18 11:51:12.388   366 28896 D AudioTrack: Client defaulted notificationFrames to 7350 for frameCount 22050
04-18 11:51:12.389   358   613 I chatty  : uid=1041(audioserver) AudioOut_D expire 77 lines
04-18 11:51:12.390   366 28893 D NuPlayerDriver: notifyListener_l(0xb5daac60), (6, 0, 0), loop setting(0, 0)
04-18 11:51:12.423   915  3610 I ActivityManager: Setting hasTopUi=true for pid=2916
04-18 11:51:12.424  2916  2916 D PhoneStatusBar: disable: < expand ICONS* alerts SYSTEM_INFO* back home recent clock search quick_settings >
04-18 11:51:12.425   915  4742 I ActivityManager: Setting hasTopUi=false for pid=2916
04-18 11:51:12.465   915  3610 I ActivityManager: Setting hasTopUi=true for pid=2916
04-18 11:51:13.202   366 28897 I NuPlayerDecoder: [audio] saw output EOS
04-18 11:51:13.720   366 28893 D NuPlayerDriver: notifyListener_l(0xb5daac60), (2, 0, 0), loop setting(0, 0)
04-18 11:51:13.722   915  4740 I MediaFocusControl:  AudioFocus  abandonAudioFocus() from uid/pid 10033/2916 clientId=android.media.AudioManager@41e4d10
04-18 11:51:16.964  2916  2916 D PhoneStatusBar: disable: < expand icons* alerts system_info* back home recent clock search quick_settings >
04-18 11:51:16.964   915  1836 I ActivityManager: START u0 {cmp=com.coolapk.market/.view.notification.ChattingActivity (has extras)} from uid 10065 on display 0
04-18 11:51:16.965   915  1836 W ActivityManager: startActivity called from non-Activity context; forcing Intent.FLAG_ACTIVITY_NEW_TASK for: Intent { cmp=com.coolapk.market/.view.notification.ChattingActivity (has extras) }
04-18 11:51:16.983   366   366 D NuPlayerDriver: stop(0xb5daac60)
04-18 11:51:16.983   366   366 D NuPlayerDriver: notifyListener_l(0xb5daac60), (8, 0, 0), loop setting(0, 0)
04-18 11:51:16.988  2916  3202 W MessageQueue: Handler (android.media.MediaPlayer$EventHandler) {e12fdf4} sending message to a Handler on a dead thread
04-18 11:51:16.988  2916  3202 W MessageQueue: java.lang.IllegalStateException: Handler (android.media.MediaPlayer$EventHandler) {e12fdf4} sending message to a Handler on a dead thread
04-18 11:51:16.988  2916  3202 W MessageQueue: 	at android.os.MessageQueue.enqueueMessage(MessageQueue.java:543)
04-18 11:51:16.988  2916  3202 W MessageQueue: 	at android.os.Handler.enqueueMessage(Handler.java:643)
04-18 11:51:16.988  2916  3202 W MessageQueue: 	at android.os.Handler.sendMessageAtTime(Handler.java:612)
04-18 11:51:16.988  2916  3202 W MessageQueue: 	at android.os.Handler.sendMessageDelayed(Handler.java:582)
04-18 11:51:16.988  2916  3202 W MessageQueue: 	at android.os.Handler.sendMessage(Handler.java:519)
04-18 11:51:16.988  2916  3202 W MessageQueue: 	at android.media.MediaPlayer.postEventFromNative(MediaPlayer.java:3060)
04-18 11:51:16.989   366  2990 D NuPlayerDriver: reset(0xb5daac60) at state 8
04-18 11:51:16.993   915  1837 E ActivityManager: applyOptionsLocked: Unknown animationType=0
04-18 11:51:17.007   366 28893 W AMessage: failed to post message as target looper for handler 0 is gone.
04-18 11:51:17.009   366 28893 D NuPlayerDriver: notifyResetComplete(0xb5daac60)
04-18 11:51:17.049 13734 27676 I chatty  : uid=10065(com.coolapk.market) RxIoScheduler-9 expire 43 lines
04-18 11:51:17.095   915  1849 I ActivityManager: Displayed com.coolapk.market/.view.notification.ChattingActivity: +102ms
04-18 11:51:17.326   915 19821 I ActivityManager: Setting hasTopUi=false for pid=2916
04-18 11:51:18.166  5361  5361 I chatty  : uid=10067(com.sohu.inputmethod.sogou.zui) expire 102 lines
04-18 11:51:20.048 13734 13761 I chatty  : uid=10065(com.coolapk.market) RxComputationSc expire 2 lines
04-18 11:51:20.462 13734 25634 I chatty  : uid=10065(com.coolapk.market) RxIoScheduler-8 expire 64 lines
04-18 11:51:21.729 13734 29007 I chatty  : uid=10065(com.coolapk.market) expire 1 line
04-18 11:51:21.824 26499 26499 I wpa_supplicant: wlan0: CTRL-EVENT-SSID-REENABLED id=0 ssid="lenovo-internet"
04-18 11:51:21.828 26499 26499 I wpa_supplicant: wlan0: Trying to associate with SSID 'lenovo-internet'
04-18 11:51:21.830   915  2827 W AlarmManager: Unrecognized alarm listener com.android.server.wifi.scanner.SupplicantWifiScannerImpl$3@d747627
04-18 11:51:21.834 26499 26499 E wpa_supplicant: eap_proxy: eap_proxy_notify_config
04-18 11:51:21.834 26499 26499 E wpa_supplicant: eap_proxy: eap_proxy_allowed_method
04-18 11:51:21.920   915  2825 D WifiStateMachine: Supplicant SSID reenable:ID: 0 SSID: "lenovo-internet" PROVIDER-NAME: null BSSID: null FQDN: null PRIO: 2 HIDDEN: false
04-18 11:51:21.920   915  2825 D WifiStateMachine:  NetworkSelectionStatus NETWORK_SELECTION_ENABLED
04-18 11:51:21.920   915  2825 D WifiStateMachine:  hasEverConnected: true
04-18 11:51:21.920   915  2825 D WifiStateMachine:  numAssociation 11
04-18 11:51:21.920   915  2825 D WifiStateMachine: update time=04-18 11:51:08.733
04-18 11:51:21.920   915  2825 D WifiStateMachine: creationtime=04-18 10:26:11.648
04-18 11:51:21.920   915  2825 D WifiStateMachine:  validatedInternetAccess
04-18 11:51:21.920   915  2825 D WifiStateMachine:  KeyMgmt: NONE Protocols: WPA RSN
04-18 11:51:21.920   915  2825 D WifiStateMachine:  AuthAlgorithms:
04-18 11:51:21.920   915  2825 D WifiStateMachine:  PairwiseCiphers: TKIP CCMP
04-18 11:51:21.920   915  2825 D WifiStateMachine:  GroupCiphers: TKIP CCMP
04-18 11:51:21.920   915  2825 D WifiStateMachine:  PSK: 
04-18 11:51:21.920   915  2825 D WifiStateMachine:  sim_num *
04-18 11:51:21.920   915  2825 D WifiStateMachine: Enterprise config:
04-18 11:51:21.920   915  2825 D WifiStateMachine: altsubject_match NULL
04-18 11:51:21.920   915  2825 D WifiStateMachine: password <removed>
04-18 11:51:21.920   915  2825 D WifiStateMachine: ca_path NULL
04-18 11:51:21.920   915  2825 D WifiStateMachine: subject_match NULL
04-18 11:51:21.920   915  2825 D WifiStateMachine: engine 0
04-18 11:51:21.920   915  2825 D WifiStateMachine: client_cert NULL
04-18 11:51:21.920   915  2825 D WifiStateMachine: anonymous_identity NULL
04-18 11:51:21.920   915  2825 D WifiStateMachine: ca_cert NULL
04-18 11:51:21.920   915  2825 D WifiStateMachine: identity NULL
04-18 11:51:21.920   915  2825 D WifiStateMachine: domain_suffix_match NULL
04-18 11:51:21.920   915  2825 D WifiStateMachine: key_id NULL
04-18 11:51:21.920   915  2825 D WifiStateMachine: engine_id NULL
04-18 11:51:21.920   915  2825 D WifiStateMachine: IP config:
04-18 11:51:21.920   915  2825 D WifiStateMachine: IP assignment: DHCP
04-18 11:51:21.920   915  2825 D WifiStateMachine: Proxy settings: NONE
04-18 11:51:21.920   915  2825 D WifiStateMachine:  networkSelectionBSSID=58:97:bd:51:d9:de cuid=1000 cname=android.uid.system:1000 luid=1000 lname=android.uid.system:1000 lcuid=-1 userApproved=USER_APPROVED noInternetAccessExpected=false roamingFailureBlackListTimeMilli: 1000
04-18 11:51:21.920   915  2825 D WifiStateMachine: triggeredLow: 0 triggeredBad: 0 triggeredNotHigh: 0
04-18 11:51:21.920   915  2825 D WifiStateMachine: ticksLow: 0 ticksBad: 0 ticksNotHigh: 0
04-18 11:51:21.920   915  2825 D WifiStateMachine: triggeredJoin: 0
04-18 11:51:23.082 26499 26499 I wpa_supplicant: wlan0: CTRL-EVENT-ASSOC-REJECT bssid=58:97:bd:51:d9:de status_code=1
04-18 11:51:23.083 26499 26499 I wpa_supplicant: wlan0: CTRL-EVENT-SSID-TEMP-DISABLED id=0 ssid="lenovo-internet" auth_failures=2 duration=20 reason=CONN_FAILED
04-18 11:51:23.090   915  2825 E WifiHAL : wifi_get_ring_data: Error -95 happened. 
04-18 11:51:23.090   915  2825 E WifiHAL : wifi_get_ring_data: Error -95 happened. 
04-18 11:51:23.091   915  2825 E WifiHAL : wifi_get_ring_data: Error -95 happened. 
04-18 11:51:23.091   915  2825 E WifiHAL : wifi_get_ring_data: Error -95 happened. 
04-18 11:51:23.092 26499 26499 E wpa_supplicant: eap_proxy: eap_proxy_notify_config
04-18 11:51:23.093   915  2825 E WifiHAL : wifi_get_ring_data: Error -95 happened. 
04-18 11:51:23.257   915  2825 I WifiConnectivityManager: trackBssid: disable 58:97:bd:51:d9:de
04-18 11:51:23.257   915 26498 W art     : Long monitor contention with owner WifiStateMachine (2825) at void com.android.server.wifi.WifiLogger.captureBugReportData(int)(WifiLogger.java:-1) waiters=0 in void com.android.server.wifi.WifiLogger.onRingBufferData(com.android.server.wifi.WifiNative$RingBufferStatus, byte[]) for 168ms
04-18 11:51:23.259   915  2825 E WifiStateMachine: Supplicant SSID temporary disabled:ID: 0 SSID: "lenovo-internet" PROVIDER-NAME: null BSSID: null FQDN: null PRIO: 2 HIDDEN: false
04-18 11:51:23.259   915  2825 E WifiStateMachine:  NetworkSelectionStatus NETWORK_SELECTION_ENABLED
04-18 11:51:23.259   915  2825 E WifiStateMachine:  hasEverConnected: true
04-18 11:51:23.259   915  2825 E WifiStateMachine:  numAssociation 11
04-18 11:51:23.259   915  2825 E WifiStateMachine: update time=04-18 11:51:08.733
04-18 11:51:23.259   915  2825 E WifiStateMachine: creationtime=04-18 10:26:11.648
04-18 11:51:23.259   915  2825 E WifiStateMachine:  validatedInternetAccess
04-18 11:51:23.259   915  2825 E WifiStateMachine:  KeyMgmt: NONE Protocols: WPA RSN
04-18 11:51:23.259   915  2825 E WifiStateMachine:  AuthAlgorithms:
04-18 11:51:23.259   915  2825 E WifiStateMachine:  PairwiseCiphers: TKIP CCMP
04-18 11:51:23.259   915  2825 E WifiStateMachine:  GroupCiphers: TKIP CCMP
04-18 11:51:23.259   915  2825 E WifiStateMachine:  PSK: 
04-18 11:51:23.259   915  2825 E WifiStateMachine:  sim_num *
04-18 11:51:23.259   915  2825 E WifiStateMachine: Enterprise config:
04-18 11:51:23.259   915  2825 E WifiStateMachine: altsubject_match NULL
04-18 11:51:23.259   915  2825 E WifiStateMachine: password <removed>
04-18 11:51:23.259   915  2825 E WifiStateMachine: ca_path NULL
04-18 11:51:23.259   915  2825 E WifiStateMachine: subject_match NULL
04-18 11:51:23.259   915  2825 E WifiStateMachine: engine 0
04-18 11:51:23.259   915  2825 E WifiStateMachine: client_cert NULL
04-18 11:51:23.259   915  2825 E WifiStateMachine: anonymous_identity NULL
04-18 11:51:23.259   915  2825 E WifiStateMachine: ca_cert NULL
04-18 11:51:23.259   915  2825 E WifiStateMachine: identity NULL
04-18 11:51:23.259   915  2825 E WifiStateMachine: domain_suffix_match NULL
04-18 11:51:23.259   915  2825 E WifiStateMachine: key_id NULL
04-18 11:51:23.259   915  2825 E WifiStateMachine: engine_id NULL
04-18 11:51:23.259   915  2825 E WifiStateMachine: IP config:
04-18 11:51:23.259   915  2825 E WifiStateMachine: IP assignment: DHCP
04-18 11:51:23.259   915  2825 E WifiStateMachine: Proxy settings: NONE
04-18 11:51:23.259   915  2825 E WifiStateMachine:  networkSelectionBSSID=58:97:bd:51:d9:de cuid=1000 cname=android.uid.system:1000 luid=1000 lname=android.uid.system:1000 lcuid=-1 userApproved=USER_APPROVED noInternetAccessExpected=false roamingFailureBlackListTimeMilli: 1000
04-18 11:51:23.259   915  2825 E WifiStateMachine: triggeredLow: 0 triggeredBad: 0 triggeredNotHigh: 0
04-18 11:51:23.259   915  2825 E WifiStateMachine: ticksLow: 0 ticksBad: 0 ticksNotHigh: 0
04-18 11:51:23.259   915  2825 E WifiStateMachine: triggeredJoin: 0
04-18 11:51:23.260   915  2825 E SupplicantStateTracker: Ignoring { when=-3ms what=147499 target=com.android.internal.util.StateMachine$SmHandler }
04-18 11:51:23.614   358   613 I chatty  : uid=1041(audioserver) AudioOut_D expire 42 lines
04-18 11:51:31.441 12938 12954 I chatty  : uid=10065(com.coolapk.market) Connection Cont expire 12 lines
04-18 11:51:31.471 13734 29061 I chatty  : uid=10065(com.coolapk.market) expire 1 line
04-18 11:51:33.665   915  2827 W AlarmManager: Unrecognized alarm listener com.android.server.wifi.scanner.SupplicantWifiScannerImpl$3@d747627
04-18 11:51:34.680 13734 29085 I chatty  : uid=10065(com.coolapk.market) expire 1 line
04-18 11:51:35.031   358   613 I chatty  : uid=1041(audioserver) AudioOut_D expire 44 lines
04-18 11:51:35.136 13734 13734 I chatty  : uid=10065(com.coolapk.market) expire 11 lines
04-18 11:51:36.179 13734 27676 I chatty  : uid=10065(com.coolapk.market) RxIoScheduler-9 expire 22 lines
04-18 11:51:38.862 13734 29128 I chatty  : uid=10065(com.coolapk.market) expire 1 line
04-18 11:51:42.023   915  2732 I ActivityManager: START u0 {act=android.intent.action.MAIN cat=[android.intent.category.HOME] flg=0x10200000 cmp=com.cyanogenmod.trebuchet/com.android.launcher3.Launcher (has extras)} from uid 1000 on display 0
04-18 11:51:42.664  4791  4857 W OpenGLRenderer: Incorrectly called buildLayer on View: ShortcutAndWidgetContainer, destroying layer...
04-18 11:51:43.559   915  1836 I ActivityManager: START u0 {act=android.intent.action.MAIN cat=[android.intent.category.LAUNCHER] flg=0x10200000 cmp=org.newstand.datamigration/.ui.activity.NavigatorActivity (has extras)} from uid 10028 on display 0
04-18 11:51:43.585   915  2995 I ActivityManager: Start proc 29158:org.newstand.datamigration/u0a75 for activity org.newstand.datamigration/.ui.activity.NavigatorActivity
04-18 11:51:43.601 29158 29158 I art     : Late-enabling -Xcheck:jni
04-18 11:51:43.695 29158 29158 I MultiDex: VM with version 2.1.0 has multidex support
04-18 11:51:43.695 29158 29158 I MultiDex: install
04-18 11:51:43.695 29158 29158 I MultiDex: VM has multidex support, MultiDex support library is disabled.
04-18 11:51:43.759 29158 29158 W art     : Before Android 4.1, method android.graphics.PorterDuffColorFilter android.support.graphics.drawable.VectorDrawableCompat.updateTintFilter(android.graphics.PorterDuffColorFilter, android.content.res.ColorStateList, android.graphics.PorterDuff$Mode) would have incorrectly overridden the package-private method in android.graphics.drawable.Drawable
04-18 11:51:43.764 29158 29183 D DataMigrationApp: MainActivity has been started, starting core service...
04-18 11:51:43.899 29158 29180 D NetworkSecurityConfig: No Network Security Config specified, using platform default
04-18 11:51:43.911 29158 29185 E AndroidRuntime: FATAL EXCEPTION: pool-4-thread-1
04-18 11:51:43.911 29158 29185 E AndroidRuntime: Process: org.newstand.datamigration, PID: 29158
04-18 11:51:43.911 29158 29185 E AndroidRuntime: java.lang.IllegalStateException: Test
04-18 11:51:43.911 29158 29185 E AndroidRuntime: 	at org.newstand.datamigration.repo.BKSessionRepoService.getRealm(BKSessionRepoService.java:37)
04-18 11:51:43.911 29158 29185 E AndroidRuntime: 	at org.newstand.datamigration.repo.OneTimeRealmRepoService.findLast(OneTimeRealmRepoService.java:83)
04-18 11:51:43.911 29158 29185 E AndroidRuntime: 	at org.newstand.datamigration.ui.activity.NavigatorActivity$11.run(NavigatorActivity.java:227)
04-18 11:51:43.911 29158 29185 E AndroidRuntime: 	at java.util.concurrent.ThreadPoolExecutor.runWorker(ThreadPoolExecutor.java:1133)
04-18 11:51:43.911 29158 29185 E AndroidRuntime: 	at java.util.concurrent.ThreadPoolExecutor$Worker.run(ThreadPoolExecutor.java:607)
04-18 11:51:43.911 29158 29185 E AndroidRuntime: 	at java.lang.Thread.run(Thread.java:761)
04-18 11:51:43.911 29158 29178 W System  : ClassLoader referenced unknown path: /system/framework/tcmclient.jar
04-18 11:51:43.912   915  4736 W ActivityManager:   Force finishing activity org.newstand.datamigration/.ui.activity.NavigatorActivity
04-18 11:51:43.917 29158 29185 I Process : Sending signal. PID: 29158 SIG: 9
04-18 11:51:43.928   915  1837 D GraphicsStats: Buffer count: 11
04-18 11:51:43.928   915  2995 I ActivityManager: Process org.newstand.datamigration (pid 29158) has died
04-18 11:51:43.928   915  2995 D ActivityManager: cleanUpApplicationRecord -- 29158
04-18 11:51:43.929   915  2995 W ActivityManager: Scheduling restart of crashed service org.newstand.datamigration/.service.UserActionService in 1000ms
04-18 11:51:43.929   915  2995 W ActivityManager: Scheduling restart of crashed service org.newstand.datamigration/.service.DummySmsService in 11000ms
04-18 11:51:43.941   915 19821 D WindowManager: relayoutVisibleWindow: Window{52ac06a u0 com.cyanogenmod.trebuchet/com.android.launcher3.Launcher EXITING} mAnimatingExit=true, mRemoveOnExit=false, mDestroying=false
04-18 11:51:43.949   915  4743 W InputMethodManagerService: Window already focused, ignoring focus gain of: com.android.internal.view.IInputMethodClient$Stub$Proxy@ee427c8 attribute=null, token = android.os.BinderProxy@d90de55
04-18 11:51:43.970   367 29194 W SocketClient: write error (Broken pipe)
04-18 11:51:43.971   367 29194 W DnsProxyListener: Error writing DNS result to client
04-18 11:51:44.231 26499 26499 I wpa_supplicant: wlan0: CTRL-EVENT-SSID-REENABLED id=0 ssid="lenovo-internet"
04-18 11:51:44.234   915  2827 W AlarmManager: Unrecognized alarm listener com.android.server.wifi.scanner.SupplicantWifiScannerImpl$3@d747627
04-18 11:51:44.236 26499 26499 I wpa_supplicant: wlan0: Trying to associate with SSID 'lenovo-internet'
04-18 11:51:44.240 26499 26499 E wpa_supplicant: eap_proxy: eap_proxy_notify_config
04-18 11:51:44.240 26499 26499 E wpa_supplicant: eap_proxy: eap_proxy_allowed_method
04-18 11:51:44.315   915  2825 D WifiStateMachine: Supplicant SSID reenable:ID: 0 SSID: "lenovo-internet" PROVIDER-NAME: null BSSID: null FQDN: null PRIO: 2 HIDDEN: false
04-18 11:51:44.315   915  2825 D WifiStateMachine:  NetworkSelectionStatus NETWORK_SELECTION_ENABLED
04-18 11:51:44.315   915  2825 D WifiStateMachine:  hasEverConnected: true
04-18 11:51:44.315   915  2825 D WifiStateMachine:  numAssociation 11
04-18 11:51:44.315   915  2825 D WifiStateMachine: update time=04-18 11:51:08.733
04-18 11:51:44.315   915  2825 D WifiStateMachine: creationtime=04-18 10:26:11.648
04-18 11:51:44.315   915  2825 D WifiStateMachine:  validatedInternetAccess
04-18 11:51:44.315   915  2825 D WifiStateMachine:  KeyMgmt: NONE Protocols: WPA RSN
04-18 11:51:44.315   915  2825 D WifiStateMachine:  AuthAlgorithms:
04-18 11:51:44.315   915  2825 D WifiStateMachine:  PairwiseCiphers: TKIP CCMP
04-18 11:51:44.315   915  2825 D WifiStateMachine:  GroupCiphers: TKIP CCMP
04-18 11:51:44.315   915  2825 D WifiStateMachine:  PSK: 
04-18 11:51:44.315   915  2825 D WifiStateMachine:  sim_num *
04-18 11:51:44.315   915  2825 D WifiStateMachine: Enterprise config:
04-18 11:51:44.315   915  2825 D WifiStateMachine: altsubject_match NULL
04-18 11:51:44.315   915  2825 D WifiStateMachine: password <removed>
04-18 11:51:44.315   915  2825 D WifiStateMachine: ca_path NULL
04-18 11:51:44.315   915  2825 D WifiStateMachine: subject_match NULL
04-18 11:51:44.315   915  2825 D WifiStateMachine: engine 0
04-18 11:51:44.315   915  2825 D WifiStateMachine: client_cert NULL
04-18 11:51:44.315   915  2825 D WifiStateMachine: anonymous_identity NULL
04-18 11:51:44.315   915  2825 D WifiStateMachine: ca_cert NULL
04-18 11:51:44.315   915  2825 D WifiStateMachine: identity NULL
04-18 11:51:44.315   915  2825 D WifiStateMachine: domain_suffix_match NULL
04-18 11:51:44.315   915  2825 D WifiStateMachine: key_id NULL
04-18 11:51:44.315   915  2825 D WifiStateMachine: engine_id NULL
04-18 11:51:44.315   915  2825 D WifiStateMachine: IP config:
04-18 11:51:44.315   915  2825 D WifiStateMachine: IP assignment: DHCP
04-18 11:51:44.315   915  2825 D WifiStateMachine: Proxy settings: NONE
04-18 11:51:44.315   915  2825 D WifiStateMachine:  networkSelectionBSSID=58:97:bd:51:d9:de cuid=1000 cname=android.uid.system:1000 luid=1000 lname=android.uid.system:1000 lcuid=-1 userApproved=USER_APPROVED noInternetAccessExpected=false roamingFailureBlackListTimeMilli: 1000
04-18 11:51:44.315   915  2825 D WifiStateMachine: triggeredLow: 0 triggeredBad: 0 triggeredNotHigh: 0
04-18 11:51:44.315   915  2825 D WifiStateMachine: ticksLow: 0 ticksBad: 0 ticksNotHigh: 0
04-18 11:51:44.315   915  2825 D WifiStateMachine: triggeredJoin: 0
04-18 11:51:44.940 29199 29199 I art     : Late-enabling -Xcheck:jni
04-18 11:51:44.940   915  1842 I ActivityManager: Start proc 29199:org.newstand.datamigration/u0a75 for service org.newstand.datamigration/.service.UserActionService
04-18 11:51:44.957 29199 29206 E art     : Failed sending reply to debugger: Broken pipe
04-18 11:51:44.957 29199 29206 I art     : Debugger is no longer active
04-18 11:51:44.957 29199 29206 I art     : Starting a blocking GC Instrumentation
04-18 11:51:45.010 29199 29199 I MultiDex: VM with version 2.1.0 has multidex support
04-18 11:51:45.010 29199 29199 I MultiDex: install
04-18 11:51:45.010 29199 29199 I MultiDex: VM has multidex support, MultiDex support library is disabled.
04-18 11:51:45.053 29199 29219 D DataMigrationApp: UserActionService created~
04-18 11:51:45.058 29199 29219 D DataMigrationApp: DummySmsService created~
04-18 11:51:45.221 29199 29216 D NetworkSecurityConfig: No Network Security Config specified, using platform default
04-18 11:51:45.320 26499 26499 I wpa_supplicant: wlan0: CTRL-EVENT-ASSOC-REJECT bssid=58:97:bd:51:d9:de status_code=1
04-18 11:51:45.320 26499 26499 I wpa_supplicant: wlan0: CTRL-EVENT-SSID-TEMP-DISABLED id=0 ssid="lenovo-internet" auth_failures=3 duration=30 reason=CONN_FAILED
04-18 11:51:45.320 26499 26499 E wpa_supplicant: eap_proxy: eap_proxy_notify_config
04-18 11:51:45.322   915  2825 E WifiHAL : wifi_get_ring_data: Error -95 happened. 
04-18 11:51:45.322   915  2825 E WifiHAL : wifi_get_ring_data: Error -95 happened. 
04-18 11:51:45.322   915  2825 E WifiHAL : wifi_get_ring_data: Error -95 happened. 
04-18 11:51:45.322   915  2825 E WifiHAL : wifi_get_ring_data: Error -95 happened. 
04-18 11:51:45.322   915  2825 E WifiHAL : wifi_get_ring_data: Error -95 happened. 
04-18 11:51:45.404   915  2825 I WifiConnectivityManager: trackBssid: disable 58:97:bd:51:d9:de
04-18 11:51:45.406   915  2825 E WifiStateMachine: Supplicant SSID temporary disabled:ID: 0 SSID: "lenovo-internet" PROVIDER-NAME: null BSSID: null FQDN: null PRIO: 2 HIDDEN: false
04-18 11:51:45.406   915  2825 E WifiStateMachine:  NetworkSelectionStatus NETWORK_SELECTION_ENABLED
