04-18 11:33:56.283   915  2829 D ConnectivityService: NetworkAgentInfo [WIFI () - 111] validation passed
04-18 11:33:56.283   915  1851 E KernelWakelockReader: neither /proc/wakelocks nor /d/wakeup_sources exists
04-18 11:33:56.283   915  1851 W BatteryStatsImpl: Couldn't get kernel wake lock stats
04-18 11:33:56.284   915  2829 D ConnectivityService: Switching to new default network: NetworkAgentInfo{ ni{[type: WIFI[], state: CONNECTED/CONNECTED, reason: (unspecified), extra: "lenovo-internet", failover: false, available: true, roaming: false, metered: false]}  network{111}  nethandle{476757805790}  lp{{InterfaceName: wlan0 LinkAddresses: [fe80::da9a:34ff:fe0a:6feb/64,10.103.128.77/23,]  Routes: [fe80::/64 -> :: wlan0,10.103.128.0/23 -> 0.0.0.0 wlan0,0.0.0.0/0 -> 10.103.129.254 wlan0,] DnsAddresses: [10.96.170.56,10.128.245.46,] Domains: lenovo.com MTU: 0 TcpBufferSizes: 524288,2097152,4194304,262144,524288,1048576}}  nc{[ Transports: WIFI Capabilities: NOT_METERED&INTERNET&NOT_RESTRICTED&TRUSTED&NOT_VPN&VALIDATED&FOREGROUND LinkUpBandwidth>=1048576Kbps LinkDnBandwidth>=1048576Kbps SignalStrength: -59]}  Score{60}  everValidated{true}  lastValidated{true}  created{true} lingering{false} explicitlySelected{true} acceptUnvalidated{false} everCaptivePortalDetected{false} lastCaptivePortalDetected{false} }
04-18 11:33:56.292   915  1851 I DisplayPowerController: Blocking screen on until initial contents have been drawn.
04-18 11:33:56.296   915  2829 D ConnectivityService: Lingering NetworkAgentInfo [MOBILE (LTE) - 108] for 30000ms
04-18 11:33:56.298   915  2829 D ConnectivityService: Sending DISCONNECTED broadcast for type 0 NetworkAgentInfo [MOBILE (LTE) - 108] isDefaultNetwork=true
04-18 11:33:56.301   915  2829 D ConnectivityService: Sending CONNECTED broadcast for type 1 NetworkAgentInfo [WIFI () - 111] isDefaultNetwork=true
04-18 11:33:56.310   915  1849 I DisplayManagerService: Display device changed state: "", ON
04-18 11:33:56.548   915  1851 I DisplayPowerController: Unblocked screen on after 256 ms
04-18 11:33:58.839   915  4739 W InputMethodManagerService: Window already focused, ignoring focus gain of: com.android.internal.view.IInputMethodClient$Stub$Proxy@2522879 attribute=android.view.inputmethod.EditorInfo@be649be, token = android.os.BinderProxy@d90de55
04-18 11:33:59.262   915  4735 I ActivityManager: Setting hasTopUi=false for pid=2916
04-18 11:34:03.406   915  4739 I ActivityManager: START u0 {act=android.intent.action.SET_WALLPAPER cmp=android/com.android.internal.app.ResolverActivity} from uid 10028 on display 0
04-18 11:34:03.431   915  2995 I ActivityManager: Start proc 22806:system:ui/1000 for activity android/com.android.internal.app.ResolverActivity
04-18 11:34:05.433   915  4743 I PackageManager: Setting last chosen activity com.android.wallpaperpicker/.WallpaperPickerActivity for user 0:
04-18 11:34:05.436   915  4742 I ActivityManager: START u0 {act=android.intent.action.SET_WALLPAPER flg=0x3000000 cmp=com.android.wallpaperpicker/.WallpaperPickerActivity} from uid 10028 on display 0
04-18 11:34:05.481   915  1836 I ActivityManager: Start proc 22830:com.android.wallpaperpicker/u0a60 for activity com.android.wallpaperpicker/.WallpaperPickerActivity
04-18 11:34:06.425   367  1305 E NetlinkEvent: NetlinkEvent::FindParam(): Parameter 'TIME_NS' not found
04-18 11:34:06.425   367  1305 E NetlinkEvent: NetlinkEvent::FindParam(): Parameter 'UID' not found
04-18 11:34:11.417   915  3610 W InputMethodManagerService: Window already focused, ignoring focus gain of: com.android.internal.view.IInputMethodClient$Stub$Proxy@a3c79e8 attribute=null, token = android.os.BinderProxy@1ad9891
04-18 11:34:11.874   915  4743 I ActivityManager: Process com.android.defcontainer (pid 6544) has died
04-18 11:34:11.874   915  4743 D ActivityManager: cleanUpApplicationRecord -- 6544
04-18 11:34:11.904   915  4756 I ActivityManager: Process com.qualcomm.qcrilmsgtunnel (pid 5255) has died
04-18 11:34:11.904   915  4756 D ActivityManager: cleanUpApplicationRecord -- 5255
04-18 11:34:11.904   915  4756 W ActivityManager: Scheduling restart of crashed service com.qualcomm.qcrilmsgtunnel/.QcrilMsgTunnelService in 1000ms
04-18 11:34:11.941   915  4736 I ActivityManager: Process com.android.packageinstaller (pid 6495) has died
04-18 11:34:11.941   915  4736 D ActivityManager: cleanUpApplicationRecord -- 6495
04-18 11:34:12.012   915  3610 D CountryDetector: No listener is left
04-18 11:34:12.012   915  4740 I ActivityManager: Process android.process.acore (pid 4858) has died
04-18 11:34:12.012   915  4740 D ActivityManager: cleanUpApplicationRecord -- 4858
04-18 11:34:12.024   915  4739 I ActivityManager: Process com.android.deskclock (pid 9296) has died
04-18 11:34:12.024   915  4739 D ActivityManager: cleanUpApplicationRecord -- 9296
04-18 11:34:12.917   915  1842 I ActivityManager: Start proc 22930:com.qualcomm.qcrilmsgtunnel/1001 for service com.qualcomm.qcrilmsgtunnel/.QcrilMsgTunnelService
04-18 11:34:13.430   367  1305 E NetlinkEvent: NetlinkEvent::FindParam(): Parameter 'TIME_NS' not found
04-18 11:34:13.430   367  1305 E NetlinkEvent: NetlinkEvent::FindParam(): Parameter 'UID' not found
04-18 11:34:13.434   915  1845 E BatteryStatsService: no controller energy info supplied
04-18 11:34:13.438   915  1845 E KernelWakelockReader: neither /proc/wakelocks nor /d/wakeup_sources exists
04-18 11:34:13.444   915  1845 W BatteryStatsImpl: Couldn't get kernel wake lock stats
04-18 11:34:14.414   915  3610 I ActivityManager: START u0 {act=android.intent.action.MAIN cat=[android.intent.category.LAUNCHER] flg=0x10200000 cmp=com.coolapk.market/.view.main.MainActivity (has extras)} from uid 10028 on display 0
04-18 11:34:15.546   915  3610 I ActivityManager: START u0 {cmp=com.coolapk.market/.view.app.AppViewActivity (has extras)} from uid 10065 on display 0
04-18 11:34:15.621   367  1305 E NetlinkEvent: NetlinkEvent::FindParam(): Parameter 'TIME_NS' not found
04-18 11:34:15.621   367  1305 E NetlinkEvent: NetlinkEvent::FindParam(): Parameter 'UID' not found
04-18 11:34:15.629   367  1305 E NetlinkEvent: NetlinkEvent::FindParam(): Parameter 'TIME_NS' not found
04-18 11:34:15.629   367  1305 E NetlinkEvent: NetlinkEvent::FindParam(): Parameter 'UID' not found
04-18 11:34:15.633   915  1845 E BatteryStatsService: no controller energy info supplied
04-18 11:34:15.636   915  1845 E KernelWakelockReader: neither /proc/wakelocks nor /d/wakeup_sources exists
04-18 11:34:15.638   915  1845 W BatteryStatsImpl: Couldn't get kernel wake lock stats
04-18 11:34:21.822 13734 13734 W ViewRootImpl[SimpleActivity]: Cancelling event due to no window focus: KeyEvent { action=ACTION_UP, keyCode=KEYCODE_BACK, scanCode=158, metaState=0, flags=0x68, repeatCount=0, eventTime=2888540, downTime=2888480, deviceId=6, source=0x101 }
04-18 11:34:21.823 13734 13734 W ViewRootImpl[SimpleActivity]: Cancelling event due to no window focus: KeyEvent { action=ACTION_UP, keyCode=KEYCODE_BACK, scanCode=158, metaState=0, flags=0x68, repeatCount=0, eventTime=2888540, downTime=2888480, deviceId=6, source=0x101 }
04-18 11:34:21.823 13734 13734 W ViewRootImpl[SimpleActivity]: Cancelling event due to no window focus: KeyEvent { action=ACTION_UP, keyCode=KEYCODE_BACK, scanCode=158, metaState=0, flags=0x68, repeatCount=0, eventTime=2888540, downTime=2888480, deviceId=6, source=0x101 }
04-18 11:34:21.839 13734 13734 W ViewRootImpl[SimpleActivity]: Cancelling event due to no window focus: KeyEvent { action=ACTION_UP, keyCode=KEYCODE_BACK, scanCode=158, metaState=0, flags=0x68, repeatCount=0, eventTime=2888540, downTime=2888480, deviceId=6, source=0x101 }
04-18 11:34:21.839 13734 13734 W ViewRootImpl[SimpleActivity]: Cancelling event due to no window focus: KeyEvent { action=ACTION_UP, keyCode=KEYCODE_BACK, scanCode=158, metaState=0, flags=0x68, repeatCount=0, eventTime=2888540, downTime=2888480, deviceId=6, source=0x101 }
04-18 11:34:21.839 13734 13734 W ViewRootImpl[SimpleActivity]: Cancelling event due to no window focus: KeyEvent { action=ACTION_UP, keyCode=KEYCODE_BACK, scanCode=158, metaState=0, flags=0x68, repeatCount=0, eventTime=2888540, downTime=2888480, deviceId=6, source=0x101 }
04-18 11:34:21.839 13734 13734 W ViewRootImpl[SimpleActivity]: Cancelling event due to no window focus: KeyEvent { action=ACTION_UP, keyCode=KEYCODE_BACK, scanCode=158, metaState=0, flags=0x68, repeatCount=0, eventTime=2888540, downTime=2888480, deviceId=6, source=0x101 }
04-18 11:34:21.839 13734 13734 W ViewRootImpl[SimpleActivity]: Cancelling event due to no window focus: KeyEvent { action=ACTION_UP, keyCode=KEYCODE_BACK, scanCode=158, metaState=0, flags=0x68, repeatCount=0, eventTime=2888540, downTime=2888480, deviceId=6, source=0x101 }
04-18 11:34:21.839 13734 13734 W ViewRootImpl[SimpleActivity]: Cancelling event due to no window focus: KeyEvent { action=ACTION_UP, keyCode=KEYCODE_BACK, scanCode=158, metaState=0, flags=0x68, repeatCount=0, eventTime=2888540, downTime=2888480, deviceId=6, source=0x101 }
04-18 11:34:22.981   915  2732 I ActivityManager: START u0 {act=android.intent.action.MAIN cat=[android.intent.category.HOME] flg=0x10200000 cmp=com.cyanogenmod.trebuchet/com.android.launcher3.Launcher (has extras)} from uid 1000 on display 0
04-18 11:34:25.960   915  1845 E BatteryStatsService: no controller energy info supplied
04-18 11:34:25.960   915  1845 E BatteryStatsService: no controller energy info supplied
04-18 11:34:25.984   915  1845 E KernelWakelockReader: neither /proc/wakelocks nor /d/wakeup_sources exists
04-18 11:34:25.985   915  1845 W BatteryStatsImpl: Couldn't get kernel wake lock stats
04-18 11:34:25.985   915  1845 E BatteryStatsService: modem info is invalid: ModemActivityInfo{ mTimestamp=0 mSleepTimeMs=0 mIdleTimeMs=0 mTxTimeMs[]=[0, 0, 0, 0, 0] mRxTimeMs=0 mEnergyUsed=0}
04-18 11:34:26.284   915  2829 D ConnectivityService: handleLingerComplete for NetworkAgentInfo [MOBILE (LTE) - 108]
04-18 11:34:26.289   915  2829 D ConnectivityService: NetworkAgentInfo [MOBILE (LTE) - 108] got DISCONNECTED, was satisfying 7
04-18 11:34:26.416   915  2733 I PowerManagerService: Going to sleep due to power button (uid 1000)...
04-18 11:34:26.417   915  1851 I PowerManagerService: Sleeping (uid 1000)...
04-18 11:34:26.905   915  1851 E KernelWakelockReader: neither /proc/wakelocks nor /d/wakeup_sources exists
04-18 11:34:26.906   915  1851 W BatteryStatsImpl: Couldn't get kernel wake lock stats
04-18 11:34:26.935   915  1849 I DisplayManagerService: Display device changed state: "", OFF
04-18 11:34:27.423   915  4756 I ActivityManager: Setting hasTopUi=true for pid=2916
04-18 11:34:27.592   915  1843 I WindowManager: OverscanTimeout run
04-18 11:34:32.818   915  2733 I PowerManagerService: Waking up from sleep (uid 1000)...
04-18 11:34:32.830   915  1851 E KernelWakelockReader: neither /proc/wakelocks nor /d/wakeup_sources exists
04-18 11:34:32.830   915  1851 W BatteryStatsImpl: Couldn't get kernel wake lock stats
04-18 11:34:32.839   915  1851 I DisplayPowerController: Blocking screen on until initial contents have been drawn.
04-18 11:34:32.847   915  1849 I DisplayManagerService: Display device changed state: "", ON
04-18 11:34:33.101   915  1851 I DisplayPowerController: Unblocked screen on after 261 ms
04-18 11:34:34.210   915  1837 W InputMethodManagerService: Window already focused, ignoring focus gain of: com.android.internal.view.IInputMethodClient$Stub$Proxy@3868c03 attribute=android.view.inputmethod.EditorInfo@c44b780, token = android.os.BinderProxy@d90de55
04-18 11:34:34.613   915  4740 I ActivityManager: Setting hasTopUi=false for pid=2916
04-18 11:34:37.084   915  2829 D ConnectivityService: NetworkAgentInfo [WIFI () - 111] EVENT_NETWORK_INFO_CHANGED, going from CONNECTED to DISCONNECTED
04-18 11:34:37.084   915  2829 D ConnectivityService: NetworkAgentInfo [WIFI () - 111] got DISCONNECTED, was satisfying 8
04-18 11:34:37.132   915  2829 D ConnectivityService: Sending DISCONNECTED broadcast for type 1 NetworkAgentInfo [WIFI () - 111] isDefaultNetwork=true
04-18 11:34:38.805   915  4736 D NetworkNotificationManager: clearNotification id=65537
04-18 11:34:38.812   915  2995 D ConnectivityService: registerNetworkAgent NetworkAgentInfo{ ni{[type: MOBILE[LTE], state: CONNECTED/CONNECTED, reason: connected, extra: cmnet, failover: false, available: true, roaming: false, metered: true]}  network{112}  nethandle{481052773086}  lp{{InterfaceName: rmnet0 LinkAddresses: [10.158.153.73/30,]  Routes: [0.0.0.0/0 -> 10.158.153.74 rmnet0,] DnsAddresses: [221.130.33.52,221.130.33.60,] Domains: null MTU: 1500 TcpBufferSizes: 2097152,4194304,8388608,262144,524288,1048576}}  nc{[ Transports: CELLULAR Capabilities: SUPL&INTERNET&NOT_RESTRICTED&TRUSTED&NOT_VPN LinkUpBandwidth>=51200Kbps LinkDnBandwidth>=102400Kbps Specifier: <1>]}  Score{10}  everValidated{false}  lastValidated{false}  created{false} lingering{false} explicitlySelected{false} acceptUnvalidated{false} everCaptivePortalDetected{false} lastCaptivePortalDetected{false} }
04-18 11:34:38.812   915  2829 D ConnectivityService: NetworkAgentInfo [MOBILE (LTE) - 112] EVENT_NETWORK_INFO_CHANGED, going from null to CONNECTED
04-18 11:34:38.814   915  2829 D ConnectivityService: Adding iface rmnet0 to network 112
04-18 11:34:38.872   915  2829 D ConnectivityService: Setting DNS servers for network 112 to [/221.130.33.52, /221.130.33.60]
04-18 11:34:38.897   915  2829 D ConnectivityService: Switching to new default network: NetworkAgentInfo{ ni{[type: MOBILE[LTE], state: CONNECTED/CONNECTED, reason: connected, extra: cmnet, failover: false, available: true, roaming: false, metered: true]}  network{112}  nethandle{481052773086}  lp{{InterfaceName: rmnet0 LinkAddresses: [10.158.153.73/30,]  Routes: [0.0.0.0/0 -> 10.158.153.74 rmnet0,] DnsAddresses: [221.130.33.52,221.130.33.60,] Domains: null MTU: 1500 TcpBufferSizes: 2097152,4194304,8388608,262144,524288,1048576}}  nc{[ Transports: CELLULAR Capabilities: SUPL&INTERNET&NOT_RESTRICTED&TRUSTED&NOT_VPN&FOREGROUND LinkUpBandwidth>=51200Kbps LinkDnBandwidth>=102400Kbps Specifier: <1>]}  Score{10}  everValidated{false}  lastValidated{false}  created{true} lingering{false} explicitlySelected{false} acceptUnvalidated{false} everCaptivePortalDetected{false} lastCaptivePortalDetected{false} }
04-18 11:34:38.905   915  2829 D ConnectivityService: Sending CONNECTED broadcast for type 0 NetworkAgentInfo [MOBILE (LTE) - 112] isDefaultNetwork=true
04-18 11:34:38.912   915  2829 D NetworkNotificationManager: clearNotification id=112
04-18 11:34:38.913   915  2829 D ConnectivityService: NetworkAgentInfo [MOBILE (LTE) - 112] validation passed
04-18 11:34:39.130   915  1836 I ActivityManager: START u0 {act=android.intent.action.MAIN cat=[android.intent.category.LAUNCHER] flg=0x10200000 cmp=org.newstand.datamigration/.ui.activity.NavigatorActivity (has extras)} from uid 10028 on display 0
04-18 11:34:41.314   915  4735 I ActivityManager: START u0 {act=android.intent.action.MAIN cat=[android.intent.category.LAUNCHER] flg=0x10200000 cmp=org.newstand.datamigration/.ui.activity.NavigatorActivity (has extras)} from uid 10028 on display 0
04-18 11:34:42.429   915  4743 I ActivityManager: START u0 {act=android.intent.action.MAIN cat=[android.intent.category.LAUNCHER] flg=0x10200000 cmp=org.newstand.datamigration/.ui.activity.NavigatorActivity (has extras)} from uid 10028 on display 0
04-18 11:34:43.513   915  4756 I ActivityManager: START u0 {act=android.intent.action.MAIN cat=[android.intent.category.LAUNCHER] flg=0x10200000 cmp=org.newstand.datamigration/.ui.activity.NavigatorActivity (has extras)} from uid 10028 on display 0
04-18 11:34:44.499   915  3610 I ActivityManager: START u0 {act=android.intent.action.MAIN cat=[android.intent.category.LAUNCHER] flg=0x10200000 cmp=org.newstand.datamigration/.ui.activity.NavigatorActivity (has extras)} from uid 10028 on display 0
04-18 11:34:45.482   915  2995 I ActivityManager: START u0 {act=android.intent.action.MAIN cat=[android.intent.category.LAUNCHER] flg=0x10200000 cmp=org.newstand.datamigration/.ui.activity.NavigatorActivity (has extras)} from uid 10028 on display 0
04-18 11:34:45.894   915  4739 D WindowManager: relayoutVisibleWindow: Window{52ac06a u0 com.cyanogenmod.trebuchet/com.android.launcher3.Launcher EXITING} mAnimatingExit=true, mRemoveOnExit=false, mDestroying=false
04-18 11:34:46.575   915  2733 I PowerManagerService: Going to sleep due to power button (uid 1000)...
04-18 11:34:46.576   915  1851 I PowerManagerService: Sleeping (uid 1000)...
04-18 11:34:47.053   915  1851 E KernelWakelockReader: neither /proc/wakelocks nor /d/wakeup_sources exists
04-18 11:34:47.056   915  1851 W BatteryStatsImpl: Couldn't get kernel wake lock stats
04-18 11:34:47.079   915  1849 I DisplayManagerService: Display device changed state: "", OFF
04-18 11:34:47.542   915  4739 I ActivityManager: Setting hasTopUi=true for pid=2916
04-18 11:34:47.728   915  1843 I WindowManager: OverscanTimeout run
04-18 11:34:48.097   915  2825 D ConnectivityService: registerNetworkAgent NetworkAgentInfo{ ni{[type: WIFI[], state: CONNECTING/CONNECTING, reason: (unspecified), extra: "lenovo-internet", failover: false, available: true, roaming: false, metered: false]}  network{113}  nethandle{485347740382}  lp{{LinkAddresses: []  Routes: [] DnsAddresses: [] Domains: null MTU: 0}}  nc{[ Transports: WIFI Capabilities: NOT_METERED&INTERNET&NOT_RESTRICTED&TRUSTED&NOT_VPN LinkUpBandwidth>=1048576Kbps LinkDnBandwidth>=1048576Kbps]}  Score{20}  everValidated{false}  lastValidated{false}  created{false} lingering{false} explicitlySelected{false} acceptUnvalidated{false} everCaptivePortalDetected{false} lastCaptivePortalDetected{false} }
04-18 11:34:48.098   915  2829 D ConnectivityService: NetworkAgentInfo [WIFI () - 113] EVENT_NETWORK_INFO_CHANGED, going from null to CONNECTING
04-18 11:34:53.250   915  2829 D ConnectivityService: NetworkAgentInfo [WIFI () - 113] EVENT_NETWORK_INFO_CHANGED, going from CONNECTING to CONNECTED
04-18 11:34:53.251   915  2829 D ConnectivityService: Adding iface wlan0 to network 113
04-18 11:34:53.392   915  2829 D ConnectivityService: Setting DNS servers for network 113 to [/10.96.170.56, /10.128.245.46]
04-18 11:34:53.426   915  2829 D NetworkNotificationManager: clearNotification id=113
04-18 11:34:53.427   915  2829 D ConnectivityService: NetworkAgentInfo [WIFI () - 113] validation passed
04-18 11:34:53.429   915  2829 D ConnectivityService: Switching to new default network: NetworkAgentInfo{ ni{[type: WIFI[], state: CONNECTED/CONNECTED, reason: (unspecified), extra: "lenovo-internet", failover: false, available: true, roaming: false, metered: false]}  network{113}  nethandle{485347740382}  lp{{InterfaceName: wlan0 LinkAddresses: [fe80::da9a:34ff:fe0a:6feb/64,10.103.128.77/23,]  Routes: [fe80::/64 -> :: wlan0,10.103.128.0/23 -> 0.0.0.0 wlan0,0.0.0.0/0 -> 10.103.129.254 wlan0,] DnsAddresses: [10.96.170.56,10.128.245.46,] Domains: lenovo.com MTU: 0 TcpBufferSizes: 524288,2097152,4194304,262144,524288,1048576}}  nc{[ Transports: WIFI Capabilities: NOT_METERED&INTERNET&NOT_RESTRICTED&TRUSTED&NOT_VPN&VALIDATED&FOREGROUND LinkUpBandwidth>=1048576Kbps LinkDnBandwidth>=1048576Kbps SignalStrength: -51]}  Score{60}  everValidated{true}  lastValidated{true}  created{true} lingering{false} explicitlySelected{true} acceptUnvalidated{false} everCaptivePortalDetected{false} lastCaptivePortalDetected{false} }
04-18 11:34:53.436   915  2829 D ConnectivityService: Lingering NetworkAgentInfo [MOBILE (LTE) - 112] for 30000ms
04-18 11:34:53.439   915  2829 D ConnectivityService: Sending DISCONNECTED broadcast for type 0 NetworkAgentInfo [MOBILE (LTE) - 112] isDefaultNetwork=true
04-18 11:34:53.440   915  2829 D ConnectivityService: Sending CONNECTED broadcast for type 1 NetworkAgentInfo [WIFI () - 113] isDefaultNetwork=true
04-18 11:34:54.278   915  2822 E NetdConnector: NDC Command {346 bandwidth setiquota rmnet0 9223372036854775807} took too long (605ms)
04-18 11:35:07.079   915  2829 D ConnectivityService: NetworkAgentInfo [WIFI () - 113] EVENT_NETWORK_INFO_CHANGED, going from CONNECTED to DISCONNECTED
04-18 11:35:07.080   915  2829 D ConnectivityService: NetworkAgentInfo [WIFI () - 113] got DISCONNECTED, was satisfying 8
04-18 11:35:07.813   915  2829 D ConnectivityService: Sending DISCONNECTED broadcast for type 1 NetworkAgentInfo [WIFI () - 113] isDefaultNetwork=true
04-18 11:35:07.819   915  2829 D ConnectivityService: Switching to new default network: NetworkAgentInfo{ ni{[type: MOBILE[LTE], state: CONNECTED/CONNECTED, reason: connected, extra: cmnet, failover: false, available: true, roaming: false, metered: true]}  network{112}  nethandle{481052773086}  lp{{InterfaceName: rmnet0 LinkAddresses: [10.158.153.73/30,]  Routes: [0.0.0.0/0 -> 10.158.153.74 rmnet0,] DnsAddresses: [221.130.33.52,221.130.33.60,] Domains: null MTU: 1500 TcpBufferSizes: 2097152,4194304,8388608,262144,524288,1048576}}  nc{[ Transports: CELLULAR Capabilities: SUPL&INTERNET&NOT_RESTRICTED&TRUSTED&NOT_VPN&VALIDATED&FOREGROUND LinkUpBandwidth>=51200Kbps LinkDnBandwidth>=102400Kbps Specifier: <1>]}  Score{50}  everValidated{true}  lastValidated{true}  created{true} lingering{true} explicitlySelected{false} acceptUnvalidated{false} everCaptivePortalDetected{false} lastCaptivePortalDetected{false} }
04-18 11:35:07.827   915  2829 D ConnectivityService: Unlingering NetworkAgentInfo [MOBILE (LTE) - 112]
04-18 11:35:07.827   915  2829 D ConnectivityService: Sending CONNECTED broadcast for type 0 NetworkAgentInfo [MOBILE (LTE) - 112] isDefaultNetwork=true
04-18 11:35:08.946   915  2822 E NetdConnector: NDC Command {358 bandwidth setiquota rmnet0 9223372036854775807} took too long (599ms)
04-18 11:35:09.542   915  2825 D ConnectivityService: registerNetworkAgent NetworkAgentInfo{ ni{[type: WIFI[], state: CONNECTING/CONNECTING, reason: (unspecified), extra: "lenovo-internet", failover: false, available: true, roaming: false, metered: false]}  network{114}  nethandle{489642707678}  lp{{LinkAddresses: []  Routes: [] DnsAddresses: [] Domains: null MTU: 0}}  nc{[ Transports: WIFI Capabilities: NOT_METERED&INTERNET&NOT_RESTRICTED&TRUSTED&NOT_VPN LinkUpBandwidth>=1048576Kbps LinkDnBandwidth>=1048576Kbps]}  Score{20}  everValidated{false}  lastValidated{false}  created{false} lingering{false} explicitlySelected{false} acceptUnvalidated{false} everCaptivePortalDetected{false} lastCaptivePortalDetected{false} }
04-18 11:35:09.542   915  2829 D ConnectivityService: NetworkAgentInfo [WIFI () - 114] EVENT_NETWORK_INFO_CHANGED, going from null to CONNECTING
04-18 11:35:09.618   915  2822 E NetdConnector: NDC Command {361 bandwidth setiquota rmnet0 9223372036854775807} took too long (503ms)
04-18 11:35:15.159   915  2829 D ConnectivityService: NetworkAgentInfo [WIFI () - 114] EVENT_NETWORK_INFO_CHANGED, going from CONNECTING to CONNECTED
04-18 11:35:15.167   915  2829 D ConnectivityService: Adding iface wlan0 to network 114
04-18 11:35:21.193   915  2829 E NetdConnector: NDC Command {367 network interface add 114 wlan0} took too long (6025ms)
04-18 11:35:21.209   915  2829 D ConnectivityService: Setting DNS servers for network 114 to [/10.96.170.56, /10.128.245.46]
04-18 11:35:21.253   915  2829 D NetworkNotificationManager: clearNotification id=114
04-18 11:35:21.253   915  2829 D ConnectivityService: NetworkAgentInfo [WIFI () - 114] validation passed
04-18 11:35:21.256   915  2829 D ConnectivityService: Switching to new default network: NetworkAgentInfo{ ni{[type: WIFI[], state: CONNECTED/CONNECTED, reason: (unspecified), extra: "lenovo-internet", failover: false, available: true, roaming: false, metered: false]}  network{114}  nethandle{489642707678}  lp{{InterfaceName: wlan0 LinkAddresses: [fe80::da9a:34ff:fe0a:6feb/64,10.103.128.77/23,]  Routes: [fe80::/64 -> :: wlan0,10.103.128.0/23 -> 0.0.0.0 wlan0,0.0.0.0/0 -> 10.103.129.254 wlan0,] DnsAddresses: [10.96.170.56,10.128.245.46,] Domains: lenovo.com MTU: 0 TcpBufferSizes: 524288,2097152,4194304,262144,524288,1048576}}  nc{[ Transports: WIFI Capabilities: NOT_METERED&INTERNET&NOT_RESTRICTED&TRUSTED&NOT_VPN&VALIDATED&FOREGROUND LinkUpBandwidth>=1048576Kbps LinkDnBandwidth>=1048576Kbps SignalStrength: -63]}  Score{60}  everValidated{true}  lastValidated{true}  created{true} lingering{false} explicitlySelected{true} acceptUnvalidated{false} everCaptivePortalDetected{false} lastCaptivePortalDetected{false} }
04-18 11:35:21.262   915  2829 D ConnectivityService: Lingering NetworkAgentInfo [MOBILE (LTE) - 112] for 30000ms
04-18 11:35:21.265   915  2829 D ConnectivityService: Sending DISCONNECTED broadcast for type 0 NetworkAgentInfo [MOBILE (LTE) - 112] isDefaultNetwork=true
04-18 11:35:21.269   915  2829 D ConnectivityService: Sending CONNECTED broadcast for type 1 NetworkAgentInfo [WIFI () - 114] isDefaultNetwork=true
04-18 11:35:22.197   915  2822 E NetdConnector: NDC Command {375 bandwidth setiquota rmnet0 9223372036854775807} took too long (609ms)
04-18 11:35:51.346   915  2829 D ConnectivityService: handleLingerComplete for NetworkAgentInfo [MOBILE (LTE) - 112]
04-18 11:35:51.346   915  2829 D ConnectivityService: NetworkAgentInfo [MOBILE (LTE) - 112] got DISCONNECTED, was satisfying 7
04-18 11:37:07.654   915  1845 E BatteryStatsService: no controller energy info supplied
04-18 11:37:07.654   915  1845 E BatteryStatsService: no controller energy info supplied
04-18 11:37:07.657   915  1851 I PowerManagerService: Waking up from sleep (uid 1000)...
04-18 11:37:07.663   915  1851 E KernelWakelockReader: neither /proc/wakelocks nor /d/wakeup_sources exists
04-18 11:37:07.664   915  1851 W BatteryStatsImpl: Couldn't get kernel wake lock stats
04-18 11:37:07.679   915   915 I EntropyMixer: Writing entropy...
04-18 11:37:07.704   915  1851 I DisplayPowerController: Blocking screen on until initial contents have been drawn.
04-18 11:37:07.718   915  1845 E KernelWakelockReader: neither /proc/wakelocks nor /d/wakeup_sources exists
04-18 11:37:07.719   915  1845 W BatteryStatsImpl: Couldn't get kernel wake lock stats
04-18 11:37:07.719   915  1845 E BatteryStatsService: modem info is invalid: ModemActivityInfo{ mTimestamp=0 mSleepTimeMs=0 mIdleTimeMs=0 mTxTimeMs[]=[0, 0, 0, 0, 0] mRxTimeMs=0 mEnergyUsed=0}
04-18 11:37:07.748   915  1849 I DisplayManagerService: Display device changed state: "", ON
04-18 11:37:08.012   915  1851 I DisplayPowerController: Unblocked screen on after 307 ms
04-18 11:37:12.949   367  1305 E NetlinkEvent: NetlinkEvent::FindParam(): Parameter 'TIME_NS' not found
04-18 11:37:12.949   367  1305 E NetlinkEvent: NetlinkEvent::FindParam(): Parameter 'UID' not found
04-18 11:37:17.949   367  1305 E NetlinkEvent: NetlinkEvent::FindParam(): Parameter 'TIME_NS' not found
04-18 11:37:17.949   367  1305 E NetlinkEvent: NetlinkEvent::FindParam(): Parameter 'UID' not found
04-18 11:37:29.849   367  1305 E NetlinkEvent: NetlinkEvent::FindParam(): Parameter 'TIME_NS' not found
04-18 11:37:29.849   367  1305 E NetlinkEvent: NetlinkEvent::FindParam(): Parameter 'UID' not found
04-18 11:37:37.379   915  4740 W InputMethodManagerService: Window already focused, ignoring focus gain of: com.android.internal.view.IInputMethodClient$Stub$Proxy@75a79ca attribute=android.view.inputmethod.EditorInfo@edd973b, token = android.os.BinderProxy@d90de55
04-18 11:37:37.792   915  1836 I ActivityManager: Setting hasTopUi=false for pid=2916
04-18 11:37:42.109   915  2995 I ActivityManager: START u0 {act=android.intent.action.DELETE dat=package:org.newstand.datamigration flg=0x10800000 cmp=com.android.packageinstaller/.UninstallerActivity (has extras)} from uid 10028 on display 0
04-18 11:37:42.147   915  4742 I ActivityManager: Start proc 24209:com.android.packageinstaller/u0a25 for activity com.android.packageinstaller/.UninstallerActivity
04-18 11:37:42.912   915  4740 I ActivityManager: START u0 {act=android.intent.action.VIEW cmp=com.android.packageinstaller/.UninstallAppProgress (has extras)} from uid 10025 on display 0
04-18 11:37:42.984   915  1842 I ActivityManager: Force stopping org.newstand.datamigration appid=10073 user=0: deletePackageX
04-18 11:37:42.984   915  1842 I ActivityManager: Killing 18197:org.newstand.datamigration/u0a73 (adj 900): stop org.newstand.datamigration
04-18 11:37:42.984   915  1842 D ActivityManager: cleanUpApplicationRecord -- 18197
04-18 11:37:42.985   915  1842 W ActivityManager: Scheduling restart of crashed service org.newstand.datamigration/.service.DummySmsService in 1000ms
04-18 11:37:42.997   915  1844 I libprocessgroup: Killing pid 21642 in uid 10073 as part of process group 18197
04-18 11:37:43.023   915  4735 D ConnectivityService: ConnectivityService NetworkRequestInfo binderDied(NetworkRequest [ LISTEN id=13, [ Capabilities: INTERNET&NOT_RESTRICTED&TRUSTED] ], android.os.BinderProxy@f028907)
04-18 11:37:43.024   915  4735 D ConnectivityService: ConnectivityService NetworkRequestInfo binderDied(NetworkRequest [ LISTEN id=12, [ Capabilities: INTERNET&NOT_RESTRICTED&TRUSTED] ], android.os.BinderProxy@c3eaa34)
04-18 11:37:43.025   915  2829 E ConnectivityService: RemoteException caught trying to send a callback msg for NetworkRequest [ LISTEN id=13, [ Capabilities: INTERNET&NOT_RESTRICTED&TRUSTED] ]
04-18 11:37:43.026   915  2829 E ConnectivityService: RemoteException caught trying to send a callback msg for NetworkRequest [ LISTEN id=12, [ Capabilities: INTERNET&NOT_RESTRICTED&TRUSTED] ]
04-18 11:37:43.149   915  1855 I ActivityManager: Start proc 24230:com.android.defcontainer/u0a9 for service com.android.defcontainer/.DefaultContainerService
04-18 11:37:43.150   915  1855 I ActivityManager: Force stopping org.newstand.datamigration appid=10073 user=0: pkg removed
04-18 11:37:43.184   915  2993 I PackageManager: Replacing preferred activity com.android.messaging/.ui.conversation.LaunchConversationActivity for user 0:
04-18 11:37:43.185   915  4742 I PackageManager: Replacing preferred activity com.android.messaging/.ui.conversation.LaunchConversationActivity for user 0:
04-18 11:37:43.186   915 19821 I PackageManager: Replacing preferred activity com.android.messaging/.ui.conversation.LaunchConversationActivity for user 0:
04-18 11:37:43.187   915  4756 I PackageManager: Replacing preferred activity com.android.messaging/.ui.conversation.LaunchConversationActivity for user 0:
04-18 11:37:43.206   915  1842 I ActivityManager: Start proc 24249:com.android.gallery3d/u0a23 for broadcast com.android.gallery3d/.app.PackagesMonitor
04-18 11:37:43.212   915   915 D ZenLog  : config: removeAutomaticZenRules,ZenModeConfig[user=0,allowCalls=true,allowRepeatCallers=false,allowMessages=false,allowCallsFrom=contacts,allowMessagesFrom=contacts,allowReminders=true,allowEvents=true,allowWhenScreenOff=true,allowWhenScreenOn=true,automaticRules={76b5e47dd7bc48b78df7d8dc016a9d05=ZenRule[enabled=false,snoozing=false,name=Weeknight,zenMode=ZEN_MODE_ALARMS,conditionId=condition://android/schedule?days=1.2.3.4.5&start=22.0&end=7.0&exitAtAlarm=false,condition=Condition[id=condition://android/schedule?days=1.2.3.4.5&start=22.0&end=7.0&exitAtAlarm=false,summary=...,line1=...,line2=...,icon=0,state=STATE_FALSE,flags=2],component=ComponentInfo{android/com.android.server.notification.ScheduleConditionProvider},id=76b5e47dd7bc48b78df7d8dc016a9d05,creationTime=402712459,enabler=null], c596219879334d87931c343824587c87=ZenRule[enabled=false,snoozing=false,name=Weekend,zenMode=ZEN_MODE_ALARMS,conditionId=condition://android/schedule?days=6.7&start=23.30&end=10.0&exitAtAlarm=false,condition=Condition[id=condition://android/schedule?days=6.7&start=23.30&end=10.0&exitAtAlarm=false,summary=...,line1=...,line2=...,icon=0,state=STATE_FALSE,flags=2],component=ComponentInfo{android/com.android.server.notification.ScheduleConditionProvider},id=c596219879334d87931c343824587c87,creationTime=402712459,enabler=null], b504ca00579e404daa0a409a544b261e=ZenRule[enabled=false,snoozing=false,name=Event,zenMode=ZEN_MODE_ALARMS,conditionId=condition://android/event?userId=-10000&calendar=&reply=1,condition=Condition[id=condition://android/event?userId=-10000&calendar=&reply=1,summary=...,line1=...,line2=...,icon=0,state=STATE_FALSE,flags=2],component=ComponentInfo{android/com.android.server.notification.EventConditionProvider},id=b504ca00579e404daa0a409a544b261e,creationTime=402712460,enabler=null]},manualRule=null],Diff[]
04-18 11:37:43.279   915   915 D ZenLog  : set_zen_mode: off,removeAutomaticZenRules
04-18 11:37:43.335   915  2993 D WindowManager: relayoutVisibleWindow: Window{52ac06a u0 com.cyanogenmod.trebuchet/com.android.launcher3.Launcher EXITING} mAnimatingExit=true, mRemoveOnExit=false, mDestroying=false
04-18 11:37:43.372   915  1841 I ActivityManager: Start proc 24272:com.android.printspooler/u0a56 for service com.android.printspooler/.model.PrintSpoolerService
04-18 11:37:43.423   915  1836 I ActivityManager: Start proc 24291:com.android.keychain/1000 for broadcast com.android.keychain/.KeyChainBroadcastReceiver
04-18 11:37:43.499 24291 24291 W ContextImpl: Calling a method in the system process without a qualified user: android.app.ContextImpl.startService:1357 android.content.ContextWrapper.startService:613 android.content.ContextWrapper.startService:613 com.android.keychain.KeyChainBroadcastReceiver.onReceive:12 android.app.ActivityThread.handleReceiver:3040 
04-18 11:37:43.513   915 19821 I ActivityManager: Start proc 24310:android.process.acore/u0a0 for broadcast com.android.providers.contacts/.PackageIntentReceiver
04-18 11:37:44.975   915  4736 I ActivityManager: START u0 {act=android.intent.action.MAIN cat=[android.intent.category.LAUNCHER] flg=0x10200000 cmp=com.coolapk.market/.view.main.MainActivity (has extras)} from uid 10028 on display 0
04-18 11:37:46.225   915  4740 I ActivityManager: START u0 {cmp=com.coolapk.market/.view.app.AppViewActivity (has extras)} from uid 10065 on display 0
04-18 11:37:46.724   915   915 W WindowManager: Attempted to remove non-existing token: android.os.Binder@2590bcc
04-18 11:37:51.744   915  2732 I ActivityManager: START u0 {act=android.intent.action.MAIN cat=[android.intent.category.HOME] flg=0x10200000 cmp=com.cyanogenmod.trebuchet/com.android.launcher3.Launcher (has extras)} from uid 1000 on display 0
04-18 11:38:20.652   915   915 W WindowManager: Attempted to remove non-existing token: android.os.Binder@cc729e4
04-18 11:38:22.669   915   915 W WindowManager: Attempted to remove non-existing token: android.os.Binder@14bb249
04-18 11:38:23.378   915  1855 V BackupManagerService: restoreAtInstall pkg=org.newstand.datamigration token=b restoreSet=0
04-18 11:38:23.378   915  1855 W BackupManagerService: Requested unavailable transport: com.google.android.gms/.backup.BackupTransportService
04-18 11:38:23.378   915  1855 W BackupManagerService: No transport
04-18 11:38:23.378   915  1855 V BackupManagerService: Finishing install immediately
04-18 11:38:23.453   915  4742 I PackageManager: Replacing preferred activity com.android.messaging/.ui.conversation.LaunchConversationActivity for user 0:
04-18 11:38:23.455   915  2993 I PackageManager: Replacing preferred activity com.android.messaging/.ui.conversation.LaunchConversationActivity for user 0:
04-18 11:38:23.456   915  4743 I PackageManager: Replacing preferred activity com.android.messaging/.ui.conversation.LaunchConversationActivity for user 0:
04-18 11:38:23.458   915  4735 I PackageManager: Replacing preferred activity com.android.messaging/.ui.conversation.LaunchConversationActivity for user 0:
04-18 11:38:23.564   915  1841 W VoiceInteractionManagerService: no available voice recognition services found for user 0
04-18 11:38:25.545   915   915 W WindowManager: Attempted to remove non-existing token: android.os.Binder@42fb1c3
04-18 11:39:32.764   915  1845 E BatteryStatsService: no controller energy info supplied
04-18 11:39:32.764   915  1845 E BatteryStatsService: no controller energy info supplied
04-18 11:39:32.774   915  1845 E KernelWakelockReader: neither /proc/wakelocks nor /d/wakeup_sources exists
04-18 11:39:32.774   915  1845 W BatteryStatsImpl: Couldn't get kernel wake lock stats
04-18 11:39:32.774   915  1845 E BatteryStatsService: modem info is invalid: ModemActivityInfo{ mTimestamp=0 mSleepTimeMs=0 mIdleTimeMs=0 mTxTimeMs[]=[0, 0, 0, 0, 0] mRxTimeMs=0 mEnergyUsed=0}
04-18 11:39:33.274   915  2829 D ConnectivityService: NetworkAgentInfo [WIFI () - 114] EVENT_NETWORK_INFO_CHANGED, going from CONNECTED to DISCONNECTED
04-18 11:39:33.274   915  2829 D ConnectivityService: NetworkAgentInfo [WIFI () - 114] got DISCONNECTED, was satisfying 6
04-18 11:39:33.309   915  2829 D ConnectivityService: Sending DISCONNECTED broadcast for type 1 NetworkAgentInfo [WIFI () - 114] isDefaultNetwork=true
04-18 11:39:33.347   367  1305 E NetlinkEvent: NetlinkEvent::FindParam(): Parameter 'TIME_NS' not found
04-18 11:39:33.347   367  1305 E NetlinkEvent: NetlinkEvent::FindParam(): Parameter 'UID' not found
04-18 11:39:33.907   915  2995 D NetworkNotificationManager: clearNotification id=65537
04-18 11:39:33.908   915  4736 D ConnectivityService: registerNetworkAgent NetworkAgentInfo{ ni{[type: MOBILE[LTE], state: CONNECTED/CONNECTED, reason: connected, extra: cmnet, failover: false, available: true, roaming: false, metered: true]}  network{115}  nethandle{493937674974}  lp{{InterfaceName: rmnet0 LinkAddresses: [10.158.153.73/30,]  Routes: [0.0.0.0/0 -> 10.158.153.74 rmnet0,] DnsAddresses: [221.130.33.52,221.130.33.60,] Domains: null MTU: 1500 TcpBufferSizes: 2097152,4194304,8388608,262144,524288,1048576}}  nc{[ Transports: CELLULAR Capabilities: SUPL&INTERNET&NOT_RESTRICTED&TRUSTED&NOT_VPN LinkUpBandwidth>=51200Kbps LinkDnBandwidth>=102400Kbps Specifier: <1>]}  Score{10}  everValidated{false}  lastValidated{false}  created{false} lingering{false} explicitlySelected{false} acceptUnvalidated{false} everCaptivePortalDetected{false} lastCaptivePortalDetected{false} }
04-18 11:39:33.909   915  2829 D ConnectivityService: NetworkAgentInfo [MOBILE (LTE) - 115] EVENT_NETWORK_INFO_CHANGED, going from null to CONNECTED
04-18 11:39:33.910   915  2829 D ConnectivityService: Adding iface rmnet0 to network 115
04-18 11:39:33.965   915  2829 D ConnectivityService: Setting DNS servers for network 115 to [/221.130.33.52, /221.130.33.60]
04-18 11:39:33.980   915  2829 D ConnectivityService: Switching to new default network: NetworkAgentInfo{ ni{[type: MOBILE[LTE], state: CONNECTED/CONNECTED, reason: connected, extra: cmnet, failover: false, available: true, roaming: false, metered: true]}  network{115}  nethandle{493937674974}  lp{{InterfaceName: rmnet0 LinkAddresses: [10.158.153.73/30,]  Routes: [0.0.0.0/0 -> 10.158.153.74 rmnet0,] DnsAddresses: [221.130.33.52,221.130.33.60,] Domains: null MTU: 1500 TcpBufferSizes: 2097152,4194304,8388608,262144,524288,1048576}}  nc{[ Transports: CELLULAR Capabilities: SUPL&INTERNET&NOT_RESTRICTED&TRUSTED&NOT_VPN&FOREGROUND LinkUpBandwidth>=51200Kbps LinkDnBandwidth>=102400Kbps Specifier: <1>]}  Score{10}  everValidated{false}  lastValidated{false}  created{true} lingering{false} explicitlySelected{false} acceptUnvalidated{false} everCaptivePortalDetected{false} lastCaptivePortalDetected{false} }
04-18 11:39:33.986   915  2829 D ConnectivityService: Sending CONNECTED broadcast for type 0 NetworkAgentInfo [MOBILE (LTE) - 115] isDefaultNetwork=true
04-18 11:39:33.996   915  2829 D NetworkNotificationManager: clearNotification id=115
04-18 11:39:33.997   915  2829 D ConnectivityService: NetworkAgentInfo [MOBILE (LTE) - 115] validation passed
04-18 11:39:34.513   915  4739 I ActivityManager: Setting hasTopUi=true for pid=2916
04-18 11:39:34.516   915  4742 I ActivityManager: Setting hasTopUi=false for pid=2916
04-18 11:39:34.553   915  4739 I ActivityManager: Setting hasTopUi=true for pid=2916
04-18 11:39:38.809   915  4736 I ActivityManager: START u0 {cmp=com.coolapk.market/.view.notification.ChattingActivity (has extras)} from uid 10065 on display 0
04-18 11:39:38.810   915  4736 W ActivityManager: startActivity called from non-Activity context; forcing Intent.FLAG_ACTIVITY_NEW_TASK for: Intent { cmp=com.coolapk.market/.view.notification.ChattingActivity (has extras) }
04-18 11:39:38.831   915  2995 E ActivityManager: applyOptionsLocked: Unknown animationType=0
04-18 11:39:39.182   915  1836 I ActivityManager: Setting hasTopUi=false for pid=2916
04-18 11:39:43.102   915  4756 I ActivityManager: Setting hasTopUi=true for pid=2916
04-18 11:39:43.105   915  2993 I ActivityManager: Setting hasTopUi=false for pid=2916
04-18 11:39:43.136   915  4743 I ActivityManager: Setting hasTopUi=true for pid=2916
04-18 11:39:45.641   915  2993 W InputMethodManagerService: Window already focused, ignoring focus gain of: com.android.internal.view.IInputMethodClient$Stub$Proxy@ef7f2e8 attribute=null, token = android.os.BinderProxy@a1430f7
04-18 11:39:45.652   915  4742 I ActivityManager: Setting hasTopUi=false for pid=2916
04-18 11:39:48.989   367  1305 E NetlinkEvent: NetlinkEvent::FindParam(): Parameter 'TIME_NS' not found
04-18 11:39:48.990   367  1305 E NetlinkEvent: NetlinkEvent::FindParam(): Parameter 'UID' not found
04-18 11:40:00.949   367  1305 E NetlinkEvent: NetlinkEvent::FindParam(): Parameter 'TIME_NS' not found
04-18 11:40:00.949   367  1305 E NetlinkEvent: NetlinkEvent::FindParam(): Parameter 'UID' not found
04-18 11:40:01.767   367  1305 E NetlinkEvent: NetlinkEvent::FindParam(): Parameter 'TIME_NS' not found
04-18 11:40:01.767   367  1305 E NetlinkEvent: NetlinkEvent::FindParam(): Parameter 'UID' not found
04-18 11:40:04.290   915  2733 I PowerManagerService: Going to sleep due to power button (uid 1000)...
04-18 11:40:04.292   915  1851 I PowerManagerService: Sleeping (uid 1000)...
04-18 11:40:04.864   915  1849 I DisplayManagerService: Display device changed state: "", OFF
04-18 11:40:05.299   915  4742 I ActivityManager: Setting hasTopUi=true for pid=2916
04-18 11:40:05.482   915  1843 I WindowManager: OverscanTimeout run
04-18 11:40:07.146   915  2733 I PowerManagerService: Waking up from sleep (uid 1000)...
04-18 11:40:07.152   915  1851 I DisplayPowerController: Blocking screen on until initial contents have been drawn.
04-18 11:40:07.167   915  1849 I DisplayManagerService: Display device changed state: "", ON
04-18 11:40:07.243   915  2733 I WindowManager: Suppressed redundant power key press while already in the process of turning the screen on.
04-18 11:40:07.423   915  1851 I DisplayPowerController: Unblocked screen on after 270 ms
04-18 11:40:09.026   915  2993 W InputMethodManagerService: Window already focused, ignoring focus gain of: com.android.internal.view.IInputMethodClient$Stub$Proxy@d802942 attribute=android.view.inputmethod.EditorInfo@72fdd53, token = android.os.BinderProxy@d380189
04-18 11:40:09.311   915  4739 I ActivityManager: Setting hasTopUi=false for pid=2916
04-18 11:40:10.216   915  1837 I ActivityManager: Setting hasTopUi=true for pid=2916
04-18 11:40:11.021   915  4736 I ActivityManager: START u0 {cmp=com.coolapk.market/.view.notification.ChattingActivity (has extras)} from uid 10065 on display 0
04-18 11:40:11.022   915  4736 W ActivityManager: startActivity called from non-Activity context; forcing Intent.FLAG_ACTIVITY_NEW_TASK for: Intent { cmp=com.coolapk.market/.view.notification.ChattingActivity (has extras) }
04-18 11:40:11.045   915  4756 E ActivityManager: applyOptionsLocked: Unknown animationType=0
04-18 11:40:11.531   915  4739 I ActivityManager: Setting hasTopUi=false for pid=2916
04-18 11:40:21.308   367  1305 E NetlinkEvent: NetlinkEvent::FindParam(): Parameter 'TIME_NS' not found
04-18 11:40:21.309   367  1305 E NetlinkEvent: NetlinkEvent::FindParam(): Parameter 'UID' not found
04-18 11:40:23.891   367  1305 E NetlinkEvent: NetlinkEvent::FindParam(): Parameter 'TIME_NS' not found
04-18 11:40:23.891   367  1305 E NetlinkEvent: NetlinkEvent::FindParam(): Parameter 'UID' not found
04-18 11:40:24.775   915  2733 I PowerManagerService: Going to sleep due to power button (uid 1000)...
04-18 11:40:24.780   915  1851 I PowerManagerService: Sleeping (uid 1000)...
04-18 11:40:25.328   915  1849 I DisplayManagerService: Display device changed state: "", OFF
04-18 11:40:25.802   915  1836 I ActivityManager: Setting hasTopUi=true for pid=2916
04-18 11:40:25.966   915  1843 I WindowManager: OverscanTimeout run
04-18 11:40:34.069   367  1305 E NetlinkEvent: NetlinkEvent::FindParam(): Parameter 'TIME_NS' not found
04-18 11:40:34.069   367  1305 E NetlinkEvent: NetlinkEvent::FindParam(): Parameter 'UID' not found
04-18 11:40:39.494   367  1305 E NetlinkEvent: NetlinkEvent::FindParam(): Parameter 'TIME_NS' not found
04-18 11:40:39.494   367  1305 E NetlinkEvent: NetlinkEvent::FindParam(): Parameter 'UID' not found
04-18 11:40:49.510   367  1305 E NetlinkEvent: NetlinkEvent::FindParam(): Parameter 'TIME_NS' not found
04-18 11:40:49.510   367  1305 E NetlinkEvent: NetlinkEvent::FindParam(): Parameter 'UID' not found
04-18 11:41:52.464   367  1305 E NetlinkEvent: NetlinkEvent::FindParam(): Parameter 'TIME_NS' not found
04-18 11:41:52.464   367  1305 E NetlinkEvent: NetlinkEvent::FindParam(): Parameter 'UID' not found
04-18 11:42:18.829   367  1305 E NetlinkEvent: NetlinkEvent::FindParam(): Parameter 'TIME_NS' not found
04-18 11:42:18.829   367  1305 E NetlinkEvent: NetlinkEvent::FindParam(): Parameter 'UID' not found
04-18 11:42:20.794   915  2733 I PowerManagerService: Waking up from sleep (uid 1000)...
04-18 11:42:20.804   915  1851 I DisplayPowerController: Blocking screen on until initial contents have been drawn.
04-18 11:42:20.821   915  1849 I DisplayManagerService: Display device changed state: "", ON
04-18 11:42:20.925   915  2733 I WindowManager: Suppressed redundant power key press while already in the process of turning the screen on.
04-18 11:42:21.079   915  1851 I DisplayPowerController: Unblocked screen on after 275 ms
04-18 11:42:22.658   915  4756 W InputMethodManagerService: Window already focused, ignoring focus gain of: com.android.internal.view.IInputMethodClient$Stub$Proxy@8d05895 attribute=android.view.inputmethod.EditorInfo@3f14daa, token = android.os.BinderProxy@d380189
04-18 11:42:22.708   367  1305 E NetlinkEvent: NetlinkEvent::FindParam(): Parameter 'TIME_NS' not found
04-18 11:42:22.708   367  1305 E NetlinkEvent: NetlinkEvent::FindParam(): Parameter 'UID' not found
04-18 11:42:22.953   915  1837 I ActivityManager: Setting hasTopUi=false for pid=2916
04-18 11:42:24.285   915  4736 I ActivityManager: Setting hasTopUi=true for pid=2916
04-18 11:42:25.179   915  2993 I ActivityManager: START u0 {cmp=com.coolapk.market/.view.notification.ChattingActivity (has extras)} from uid 10065 on display 0
04-18 11:42:25.179   915  2993 W ActivityManager: startActivity called from non-Activity context; forcing Intent.FLAG_ACTIVITY_NEW_TASK for: Intent { cmp=com.coolapk.market/.view.notification.ChattingActivity (has extras) }
04-18 11:42:25.196   915  3610 E ActivityManager: applyOptionsLocked: Unknown animationType=0
04-18 11:42:25.686   915  4736 I ActivityManager: Setting hasTopUi=false for pid=2916
04-18 11:42:43.469   367  1305 E NetlinkEvent: NetlinkEvent::FindParam(): Parameter 'TIME_NS' not found
04-18 11:42:43.469   367  1305 E NetlinkEvent: NetlinkEvent::FindParam(): Parameter 'UID' not found
04-18 11:42:44.593   367  1305 E NetlinkEvent: NetlinkEvent::FindParam(): Parameter 'TIME_NS' not found
04-18 11:42:44.593   367  1305 E NetlinkEvent: NetlinkEvent::FindParam(): Parameter 'UID' not found
04-18 11:42:58.748   367  1305 E NetlinkEvent: NetlinkEvent::FindParam(): Parameter 'TIME_NS' not found
04-18 11:42:58.748   367  1305 E NetlinkEvent: NetlinkEvent::FindParam(): Parameter 'UID' not found
04-18 11:42:59.618   367  1305 E NetlinkEvent: NetlinkEvent::FindParam(): Parameter 'TIME_NS' not found
04-18 11:42:59.618   367  1305 E NetlinkEvent: NetlinkEvent::FindParam(): Parameter 'UID' not found
04-18 11:43:33.749   367  1305 E NetlinkEvent: NetlinkEvent::FindParam(): Parameter 'TIME_NS' not found
04-18 11:43:33.749   367  1305 E NetlinkEvent: NetlinkEvent::FindParam(): Parameter 'UID' not found
04-18 11:43:35.789   367  1305 E NetlinkEvent: NetlinkEvent::FindParam(): Parameter 'TIME_NS' not found
04-18 11:43:35.789   367  1305 E NetlinkEvent: NetlinkEvent::FindParam(): Parameter 'UID' not found
04-18 11:43:53.269   367  1305 E NetlinkEvent: NetlinkEvent::FindParam(): Parameter 'TIME_NS' not found
04-18 11:43:53.269   367  1305 E NetlinkEvent: NetlinkEvent::FindParam(): Parameter 'UID' not found
04-18 11:43:53.829   367  1305 E NetlinkEvent: NetlinkEvent::FindParam(): Parameter 'TIME_NS' not found
04-18 11:43:53.829   367  1305 E NetlinkEvent: NetlinkEvent::FindParam(): Parameter 'UID' not found
04-18 11:44:09.348   367  1305 E NetlinkEvent: NetlinkEvent::FindParam(): Parameter 'TIME_NS' not found
04-18 11:44:09.348   367  1305 E NetlinkEvent: NetlinkEvent::FindParam(): Parameter 'UID' not found
04-18 11:44:09.388   367  1305 E NetlinkEvent: NetlinkEvent::FindParam(): Parameter 'TIME_NS' not found
04-18 11:44:09.388   367  1305 E NetlinkEvent: NetlinkEvent::FindParam(): Parameter 'UID' not found
04-18 11:44:26.589   367  1305 E NetlinkEvent: NetlinkEvent::FindParam(): Parameter 'TIME_NS' not found
04-18 11:44:26.589   367  1305 E NetlinkEvent: NetlinkEvent::FindParam(): Parameter 'UID' not found
04-18 11:44:32.221   367  1305 E NetlinkEvent: NetlinkEvent::FindParam(): Parameter 'TIME_NS' not found
04-18 11:44:32.221   367  1305 E NetlinkEvent: NetlinkEvent::FindParam(): Parameter 'UID' not found
04-18 11:45:01.014   915  1842 I ActivityManager: Start proc 26348:com.android.deskclock/u0a45 for broadcast com.android.deskclock/com.android.alarmclock.DigitalAppWidgetProvider
04-18 11:45:10.904   915  1845 E BatteryStatsService: no controller energy info supplied
04-18 11:45:10.907   915  1845 E KernelWakelockReader: neither /proc/wakelocks nor /d/wakeup_sources exists
04-18 11:45:10.908   915  1845 W BatteryStatsImpl: Couldn't get kernel wake lock stats
